------------------------------------------------------------
TimeQuest Timing Analyzer Summary
------------------------------------------------------------

Type  : Slow 1100mV 85C Model Setup 'SW[9]'
Slack : -2.913
TNS   : -2.913

Type  : Slow 1100mV 85C Model Setup 'CLOCK_50'
Slack : -2.537
TNS   : -39.018

Type  : Slow 1100mV 85C Model Setup 'INPUT_FILTER:inst_INPUT_FILTER|Clk_out'
Slack : -1.524
TNS   : -64.932

Type  : Slow 1100mV 85C Model Hold 'CLOCK_50'
Slack : 0.324
TNS   : 0.000

Type  : Slow 1100mV 85C Model Hold 'INPUT_FILTER:inst_INPUT_FILTER|Clk_out'
Slack : 0.518
TNS   : 0.000

Type  : Slow 1100mV 85C Model Hold 'SW[9]'
Slack : 1.368
TNS   : 0.000

Type  : Slow 1100mV 85C Model Recovery 'CLOCK_50'
Slack : -2.411
TNS   : -43.290

Type  : Slow 1100mV 85C Model Recovery 'INPUT_FILTER:inst_INPUT_FILTER|Clk_out'
Slack : -2.315
TNS   : -105.202

Type  : Slow 1100mV 85C Model Removal 'CLOCK_50'
Slack : 0.713
TNS   : 0.000

Type  : Slow 1100mV 85C Model Removal 'INPUT_FILTER:inst_INPUT_FILTER|Clk_out'
Slack : 1.509
TNS   : 0.000

Type  : Slow 1100mV 85C Model Minimum Pulse Width 'INPUT_FILTER:inst_INPUT_FILTER|Clk_out'
Slack : -0.394
TNS   : -28.200

Type  : Slow 1100mV 85C Model Minimum Pulse Width 'CLOCK_50'
Slack : -0.394
TNS   : -12.205

Type  : Slow 1100mV 85C Model Minimum Pulse Width 'SW[9]'
Slack : 0.348
TNS   : 0.000

Type  : Slow 1100mV 0C Model Setup 'SW[9]'
Slack : -3.032
TNS   : -3.032

Type  : Slow 1100mV 0C Model Setup 'CLOCK_50'
Slack : -2.243
TNS   : -39.062

Type  : Slow 1100mV 0C Model Setup 'INPUT_FILTER:inst_INPUT_FILTER|Clk_out'
Slack : -1.480
TNS   : -61.824

Type  : Slow 1100mV 0C Model Hold 'CLOCK_50'
Slack : 0.300
TNS   : 0.000

Type  : Slow 1100mV 0C Model Hold 'INPUT_FILTER:inst_INPUT_FILTER|Clk_out'
Slack : 0.508
TNS   : 0.000

Type  : Slow 1100mV 0C Model Hold 'SW[9]'
Slack : 1.415
TNS   : 0.000

Type  : Slow 1100mV 0C Model Recovery 'INPUT_FILTER:inst_INPUT_FILTER|Clk_out'
Slack : -2.293
TNS   : -104.197

Type  : Slow 1100mV 0C Model Recovery 'CLOCK_50'
Slack : -2.099
TNS   : -37.368

Type  : Slow 1100mV 0C Model Removal 'CLOCK_50'
Slack : 0.341
TNS   : 0.000

Type  : Slow 1100mV 0C Model Removal 'INPUT_FILTER:inst_INPUT_FILTER|Clk_out'
Slack : 1.509
TNS   : 0.000

Type  : Slow 1100mV 0C Model Minimum Pulse Width 'INPUT_FILTER:inst_INPUT_FILTER|Clk_out'
Slack : -0.394
TNS   : -28.005

Type  : Slow 1100mV 0C Model Minimum Pulse Width 'CLOCK_50'
Slack : -0.394
TNS   : -13.026

Type  : Slow 1100mV 0C Model Minimum Pulse Width 'SW[9]'
Slack : 0.339
TNS   : 0.000

Type  : Fast 1100mV 85C Model Setup 'CLOCK_50'
Slack : -1.985
TNS   : -14.122

Type  : Fast 1100mV 85C Model Setup 'SW[9]'
Slack : -1.193
TNS   : -1.193

Type  : Fast 1100mV 85C Model Setup 'INPUT_FILTER:inst_INPUT_FILTER|Clk_out'
Slack : -0.601
TNS   : -22.909

Type  : Fast 1100mV 85C Model Hold 'CLOCK_50'
Slack : 0.190
TNS   : 0.000

Type  : Fast 1100mV 85C Model Hold 'INPUT_FILTER:inst_INPUT_FILTER|Clk_out'
Slack : 0.218
TNS   : 0.000

Type  : Fast 1100mV 85C Model Hold 'SW[9]'
Slack : 0.652
TNS   : 0.000

Type  : Fast 1100mV 85C Model Recovery 'CLOCK_50'
Slack : -1.830
TNS   : -33.754

Type  : Fast 1100mV 85C Model Recovery 'INPUT_FILTER:inst_INPUT_FILTER|Clk_out'
Slack : -1.488
TNS   : -67.585

Type  : Fast 1100mV 85C Model Removal 'CLOCK_50'
Slack : 0.378
TNS   : 0.000

Type  : Fast 1100mV 85C Model Removal 'INPUT_FILTER:inst_INPUT_FILTER|Clk_out'
Slack : 0.684
TNS   : 0.000

Type  : Fast 1100mV 85C Model Minimum Pulse Width 'CLOCK_50'
Slack : -0.093
TNS   : -2.089

Type  : Fast 1100mV 85C Model Minimum Pulse Width 'SW[9]'
Slack : 0.066
TNS   : 0.000

Type  : Fast 1100mV 85C Model Minimum Pulse Width 'INPUT_FILTER:inst_INPUT_FILTER|Clk_out'
Slack : 0.074
TNS   : 0.000

Type  : Fast 1100mV 0C Model Setup 'CLOCK_50'
Slack : -1.703
TNS   : -12.065

Type  : Fast 1100mV 0C Model Setup 'SW[9]'
Slack : -1.080
TNS   : -1.080

Type  : Fast 1100mV 0C Model Setup 'INPUT_FILTER:inst_INPUT_FILTER|Clk_out'
Slack : -0.481
TNS   : -17.611

Type  : Fast 1100mV 0C Model Hold 'CLOCK_50'
Slack : 0.168
TNS   : 0.000

Type  : Fast 1100mV 0C Model Hold 'INPUT_FILTER:inst_INPUT_FILTER|Clk_out'
Slack : 0.198
TNS   : 0.000

Type  : Fast 1100mV 0C Model Hold 'SW[9]'
Slack : 0.587
TNS   : 0.000

Type  : Fast 1100mV 0C Model Recovery 'CLOCK_50'
Slack : -1.560
TNS   : -28.753

Type  : Fast 1100mV 0C Model Recovery 'INPUT_FILTER:inst_INPUT_FILTER|Clk_out'
Slack : -1.484
TNS   : -67.649

Type  : Fast 1100mV 0C Model Removal 'CLOCK_50'
Slack : 0.173
TNS   : 0.000

Type  : Fast 1100mV 0C Model Removal 'INPUT_FILTER:inst_INPUT_FILTER|Clk_out'
Slack : 0.693
TNS   : 0.000

Type  : Fast 1100mV 0C Model Minimum Pulse Width 'CLOCK_50'
Slack : -0.088
TNS   : -2.007

Type  : Fast 1100mV 0C Model Minimum Pulse Width 'SW[9]'
Slack : 0.058
TNS   : 0.000

Type  : Fast 1100mV 0C Model Minimum Pulse Width 'INPUT_FILTER:inst_INPUT_FILTER|Clk_out'
Slack : 0.089
TNS   : 0.000

------------------------------------------------------------
