------------------------------------------------------------
TimeQuest Timing Analyzer Summary
------------------------------------------------------------

Type  : Slow 1100mV 85C Model Setup 'clk'
Slack : -0.500
TNS   : -0.961

Type  : Slow 1100mV 85C Model Hold 'clk'
Slack : 0.410
TNS   : 0.000

Type  : Slow 1100mV 85C Model Minimum Pulse Width 'clk'
Slack : -0.394
TNS   : -9.486

Type  : Slow 1100mV 0C Model Setup 'clk'
Slack : -0.491
TNS   : -0.948

Type  : Slow 1100mV 0C Model Hold 'clk'
Slack : 0.381
TNS   : 0.000

Type  : Slow 1100mV 0C Model Minimum Pulse Width 'clk'
Slack : -0.394
TNS   : -10.043

Type  : Fast 1100mV 85C Model Setup 'clk'
Slack : 0.112
TNS   : 0.000

Type  : Fast 1100mV 85C Model Hold 'clk'
Slack : 0.231
TNS   : 0.000

Type  : Fast 1100mV 85C Model Minimum Pulse Width 'clk'
Slack : -0.095
TNS   : -1.638

Type  : Fast 1100mV 0C Model Setup 'clk'
Slack : 0.156
TNS   : 0.000

Type  : Fast 1100mV 0C Model Hold 'clk'
Slack : 0.210
TNS   : 0.000

Type  : Fast 1100mV 0C Model Minimum Pulse Width 'clk'
Slack : -0.093
TNS   : -1.606

------------------------------------------------------------
