------------------------------------------------------------
TimeQuest Timing Analyzer Summary
------------------------------------------------------------

Type  : Slow 1100mV 85C Model Setup 'clk'
Slack : -0.524
TNS   : -0.524

Type  : Slow 1100mV 85C Model Hold 'clk'
Slack : 0.545
TNS   : 0.000

Type  : Slow 1100mV 85C Model Minimum Pulse Width 'clk'
Slack : -0.394
TNS   : -0.735

Type  : Slow 1100mV 0C Model Setup 'clk'
Slack : -0.513
TNS   : -0.513

Type  : Slow 1100mV 0C Model Hold 'clk'
Slack : 0.529
TNS   : 0.000

Type  : Slow 1100mV 0C Model Minimum Pulse Width 'clk'
Slack : -0.394
TNS   : -0.726

Type  : Fast 1100mV 85C Model Setup 'clk'
Slack : -0.014
TNS   : -0.014

Type  : Fast 1100mV 85C Model Hold 'clk'
Slack : 0.289
TNS   : 0.000

Type  : Fast 1100mV 85C Model Minimum Pulse Width 'clk'
Slack : -0.339
TNS   : -0.339

Type  : Fast 1100mV 0C Model Setup 'clk'
Slack : 0.026
TNS   : 0.000

Type  : Fast 1100mV 0C Model Hold 'clk'
Slack : 0.261
TNS   : 0.000

Type  : Fast 1100mV 0C Model Minimum Pulse Width 'clk'
Slack : -0.336
TNS   : -0.336

------------------------------------------------------------
