Archive member included to satisfy reference by file (symbol)

../Task7_bsp/\libhal_bsp.a(alt_load.o)
                              ../Task7_bsp//obj/HAL/src/crt0.o (alt_load)
../Task7_bsp/\libhal_bsp.a(alt_main.o)
                              ../Task7_bsp//obj/HAL/src/crt0.o (alt_main)
../Task7_bsp/\libhal_bsp.a(alt_printf.o)
                              obj/default/hello_world.o (alt_printf)
../Task7_bsp/\libhal_bsp.a(alt_putchar.o)
                              ../Task7_bsp/\libhal_bsp.a(alt_printf.o) (alt_putchar)
../Task7_bsp/\libhal_bsp.a(alt_sys_init.o)
                              ../Task7_bsp/\libhal_bsp.a(alt_main.o) (alt_irq_init)
../Task7_bsp/\libhal_bsp.a(altera_avalon_jtag_uart_fd.o)
                              ../Task7_bsp/\libhal_bsp.a(alt_sys_init.o) (altera_avalon_jtag_uart_read_fd)
../Task7_bsp/\libhal_bsp.a(altera_avalon_jtag_uart_read.o)
                              ../Task7_bsp/\libhal_bsp.a(altera_avalon_jtag_uart_fd.o) (altera_avalon_jtag_uart_read)
../Task7_bsp/\libhal_bsp.a(altera_avalon_jtag_uart_write.o)
                              ../Task7_bsp/\libhal_bsp.a(altera_avalon_jtag_uart_fd.o) (altera_avalon_jtag_uart_write)
../Task7_bsp/\libhal_bsp.a(alt_close.o)
                              ../Task7_bsp/\libhal_bsp.a(alt_main.o) (close)
../Task7_bsp/\libhal_bsp.a(alt_dcache_flush_all.o)
                              ../Task7_bsp/\libhal_bsp.a(alt_load.o) (alt_dcache_flush_all)
../Task7_bsp/\libhal_bsp.a(alt_dev.o)
                              ../Task7_bsp/\libhal_bsp.a(alt_sys_init.o) (alt_dev_list)
../Task7_bsp/\libhal_bsp.a(alt_dev_llist_insert.o)
                              ../Task7_bsp/\libhal_bsp.a(alt_sys_init.o) (alt_dev_llist_insert)
../Task7_bsp/\libhal_bsp.a(alt_errno.o)
                              ../Task7_bsp/\libhal_bsp.a(alt_close.o) (alt_errno)
../Task7_bsp/\libhal_bsp.a(alt_icache_flush_all.o)
                              ../Task7_bsp/\libhal_bsp.a(alt_load.o) (alt_icache_flush_all)
../Task7_bsp/\libhal_bsp.a(alt_io_redirect.o)
                              ../Task7_bsp/\libhal_bsp.a(alt_main.o) (alt_io_redirect)
../Task7_bsp/\libhal_bsp.a(alt_open.o)
                              ../Task7_bsp/\libhal_bsp.a(alt_io_redirect.o) (open)
../Task7_bsp/\libhal_bsp.a(alt_release_fd.o)
                              ../Task7_bsp/\libhal_bsp.a(alt_close.o) (alt_release_fd)
../Task7_bsp/\libhal_bsp.a(altera_nios2_gen2_irq.o)
                              ../Task7_bsp/\libhal_bsp.a(alt_sys_init.o) (altera_nios2_gen2_irq_init)
../Task7_bsp/\libhal_bsp.a(alt_find_dev.o)
                              ../Task7_bsp/\libhal_bsp.a(alt_open.o) (alt_find_dev)
../Task7_bsp/\libhal_bsp.a(alt_find_file.o)
                              ../Task7_bsp/\libhal_bsp.a(alt_open.o) (alt_find_file)
../Task7_bsp/\libhal_bsp.a(alt_get_fd.o)
                              ../Task7_bsp/\libhal_bsp.a(alt_open.o) (alt_get_fd)
c:/altera_lite/16.0/nios2eds/bin/gnu/h-x86_64-mingw32/bin/../lib/gcc/nios2-elf/5.2.0/../../../../../H-x86_64-mingw32/nios2-elf/lib/mno-hw-mul\libsmallc.a(lib_a-exit.o)
                              ../Task7_bsp/\libhal_bsp.a(alt_main.o) (exit)
c:/altera_lite/16.0/nios2eds/bin/gnu/h-x86_64-mingw32/bin/../lib/gcc/nios2-elf/5.2.0/../../../../../H-x86_64-mingw32/nios2-elf/lib/mno-hw-mul\libsmallc.a(lib_a-impure.o)
                              ../Task7_bsp/\libhal_bsp.a(alt_putchar.o) (_impure_ptr)
c:/altera_lite/16.0/nios2eds/bin/gnu/h-x86_64-mingw32/bin/../lib/gcc/nios2-elf/5.2.0/../../../../../H-x86_64-mingw32/nios2-elf/lib/mno-hw-mul\libsmallc.a(lib_a-int_errno.o)
                              ../Task7_bsp/\libhal_bsp.a(alt_close.o) (errno)
c:/altera_lite/16.0/nios2eds/bin/gnu/h-x86_64-mingw32/bin/../lib/gcc/nios2-elf/5.2.0/../../../../../H-x86_64-mingw32/nios2-elf/lib/mno-hw-mul\libsmallc.a(lib_a-memcmp.o)
                              ../Task7_bsp/\libhal_bsp.a(alt_find_dev.o) (memcmp)
c:/altera_lite/16.0/nios2eds/bin/gnu/h-x86_64-mingw32/bin/../lib/gcc/nios2-elf/5.2.0/../../../../../H-x86_64-mingw32/nios2-elf/lib/mno-hw-mul\libsmallc.a(lib_a-putc.o)
                              ../Task7_bsp/\libhal_bsp.a(alt_putchar.o) (putc)
c:/altera_lite/16.0/nios2eds/bin/gnu/h-x86_64-mingw32/bin/../lib/gcc/nios2-elf/5.2.0/../../../../../H-x86_64-mingw32/nios2-elf/lib/mno-hw-mul\libsmallc.a(lib_a-strlen.o)
                              ../Task7_bsp/\libhal_bsp.a(alt_find_dev.o) (strlen)
c:/altera_lite/16.0/nios2eds/bin/gnu/h-x86_64-mingw32/bin/../lib/gcc/nios2-elf/5.2.0/../../../../../H-x86_64-mingw32/nios2-elf/lib/mno-hw-mul\libsmallc.a(lib_a-__call_atexit.o)
                              c:/altera_lite/16.0/nios2eds/bin/gnu/h-x86_64-mingw32/bin/../lib/gcc/nios2-elf/5.2.0/../../../../../H-x86_64-mingw32/nios2-elf/lib/mno-hw-mul\libsmallc.a(lib_a-exit.o) (__call_exitprocs)
c:/altera_lite/16.0/nios2eds/bin/gnu/h-x86_64-mingw32/bin/../lib/gcc/nios2-elf/5.2.0/../../../../../H-x86_64-mingw32/nios2-elf/lib/mno-hw-mul\libsmallc.a(lib_a-fvwrite_small_dev.o)
                              c:/altera_lite/16.0/nios2eds/bin/gnu/h-x86_64-mingw32/bin/../lib/gcc/nios2-elf/5.2.0/../../../../../H-x86_64-mingw32/nios2-elf/lib/mno-hw-mul\libsmallc.a(lib_a-putc.o) (__sfvwrite_small_dev)
c:/altera_lite/16.0/nios2eds/bin/gnu/h-x86_64-mingw32/bin/../lib/gcc/nios2-elf/5.2.0/../../../../../H-x86_64-mingw32/nios2-elf/lib/mno-hw-mul\libsmallc.a(lib_a-writer.o)
                              c:/altera_lite/16.0/nios2eds/bin/gnu/h-x86_64-mingw32/bin/../lib/gcc/nios2-elf/5.2.0/../../../../../H-x86_64-mingw32/nios2-elf/lib/mno-hw-mul\libsmallc.a(lib_a-fvwrite_small_dev.o) (_write_r)
c:/altera_lite/16.0/nios2eds/bin/gnu/h-x86_64-mingw32/bin/../lib/gcc/nios2-elf/5.2.0/mno-hw-mul\libgcc.a(lib2-mul.o)
                              ../Task7_bsp/\libhal_bsp.a(alt_close.o) (__mulsi3)
../Task7_bsp/\libhal_bsp.a(alt_exit.o)
                              c:/altera_lite/16.0/nios2eds/bin/gnu/h-x86_64-mingw32/bin/../lib/gcc/nios2-elf/5.2.0/../../../../../H-x86_64-mingw32/nios2-elf/lib/mno-hw-mul\libsmallc.a(lib_a-exit.o) (_exit)
../Task7_bsp/\libhal_bsp.a(alt_write.o)
                              c:/altera_lite/16.0/nios2eds/bin/gnu/h-x86_64-mingw32/bin/../lib/gcc/nios2-elf/5.2.0/../../../../../H-x86_64-mingw32/nios2-elf/lib/mno-hw-mul\libsmallc.a(lib_a-writer.o) (write)

Allocating common symbols
Common symbol       size              file

errno               0x4               c:/altera_lite/16.0/nios2eds/bin/gnu/h-x86_64-mingw32/bin/../lib/gcc/nios2-elf/5.2.0/../../../../../H-x86_64-mingw32/nios2-elf/lib/mno-hw-mul\libsmallc.a(lib_a-int_errno.o)

Memory Configuration

Name             Origin             Length             Attributes
reset            0x0000000000800000 0x0000000000000020
sdram            0x0000000000800020 0x00000000007ff7e0
interrupt_stack  0x0000000000fff800 0x0000000000000400
exception_stack  0x0000000000fffc00 0x0000000000000400
onchip_ram       0x0000000001004000 0x0000000000004000
*default*        0x0000000000000000 0xffffffffffffffff

Linker script and memory map

LOAD ../Task7_bsp//obj/HAL/src/crt0.o
LOAD obj/default/hello_world.o
LOAD c:/altera_lite/16.0/nios2eds/bin/gnu/h-x86_64-mingw32/bin/../lib/gcc/nios2-elf/5.2.0/../../../../../H-x86_64-mingw32/nios2-elf/lib/mno-hw-mul\libstdc++.a
LOAD c:/altera_lite/16.0/nios2eds/bin/gnu/h-x86_64-mingw32/bin/../lib/gcc/nios2-elf/5.2.0/../../../../../H-x86_64-mingw32/nios2-elf/lib/mno-hw-mul\libm.a
LOAD c:/altera_lite/16.0/nios2eds/bin/gnu/h-x86_64-mingw32/bin/../lib/gcc/nios2-elf/5.2.0/mno-hw-mul\libgcc.a
START GROUP
LOAD c:/altera_lite/16.0/nios2eds/bin/gnu/h-x86_64-mingw32/bin/../lib/gcc/nios2-elf/5.2.0/../../../../../H-x86_64-mingw32/nios2-elf/lib/mno-hw-mul\libsmallc.a
LOAD c:/altera_lite/16.0/nios2eds/bin/gnu/h-x86_64-mingw32/bin/../lib/gcc/nios2-elf/5.2.0/mno-hw-mul\libgcc.a
LOAD ../Task7_bsp/\libhal_bsp.a
LOAD c:/altera_lite/16.0/nios2eds/bin/gnu/h-x86_64-mingw32/bin/../lib/gcc/nios2-elf/5.2.0/../../../../../H-x86_64-mingw32/nios2-elf/lib/mno-hw-mul\libm.a
END GROUP
LOAD c:/altera_lite/16.0/nios2eds/bin/gnu/h-x86_64-mingw32/bin/../lib/gcc/nios2-elf/5.2.0/mno-hw-mul\libgcc.a
                0x0000000000800000                __alt_mem_sdram = 0x800000
                0x0000000001004000                __alt_mem_onchip_ram = 0x1004000

.entry          0x0000000000800000       0x20
 *(.entry)
 .entry         0x0000000000800000       0x20 ../Task7_bsp//obj/HAL/src/crt0.o
                0x0000000000800000                __reset

.exceptions     0x0000000000800020        0x0
                0x0000000000800020                PROVIDE (__ram_exceptions_start, ABSOLUTE (.))
                0x0000000000800020                . = ALIGN (0x20)
 *(.irq)
 *(.exceptions.entry.label)
 *(.exceptions.entry.user)
 *(.exceptions.entry.ecc_fatal)
 *(.exceptions.entry)
 *(.exceptions.irqtest.user)
 *(.exceptions.irqtest)
 *(.exceptions.irqhandler.user)
 *(.exceptions.irqhandler)
 *(.exceptions.irqreturn.user)
 *(.exceptions.irqreturn)
 *(.exceptions.notirq.label)
 *(.exceptions.notirq.user)
 *(.exceptions.notirq)
 *(.exceptions.soft.user)
 *(.exceptions.soft)
 *(.exceptions.unknown.user)
 *(.exceptions.unknown)
 *(.exceptions.exit.label)
 *(.exceptions.exit.user)
 *(.exceptions.exit)
 *(.exceptions)
                0x0000000000800020                PROVIDE (__ram_exceptions_end, ABSOLUTE (.))
                0x0000000000800020                PROVIDE (__flash_exceptions_start, LOADADDR (.exceptions))

.text           0x0000000000800020     0x16d8
                [!provide]                        PROVIDE (stext, ABSOLUTE (.))
 *(.interp)
 *(.hash)
 *(.dynsym)
 *(.dynstr)
 *(.gnu.version)
 *(.gnu.version_d)
 *(.gnu.version_r)
 *(.rel.init)
 *(.rela.init)
 *(.rel.text .rel.text.* .rel.gnu.linkonce.t.*)
 *(.rela.text .rela.text.* .rela.gnu.linkonce.t.*)
 *(.rel.fini)
 *(.rela.fini)
 *(.rel.rodata .rel.rodata.* .rel.gnu.linkonce.r.*)
 *(.rela.rodata .rela.rodata.* .rela.gnu.linkonce.r.*)
 *(.rel.data .rel.data.* .rel.gnu.linkonce.d.*)
 *(.rela.data .rela.data.* .rela.gnu.linkonce.d.*)
 *(.rel.tdata .rel.tdata.* .rel.gnu.linkonce.td.*)
 *(.rela.tdata .rela.tdata.* .rela.gnu.linkonce.td.*)
 *(.rel.tbss .rel.tbss.* .rel.gnu.linkonce.tb.*)
 *(.rela.tbss .rela.tbss.* .rela.gnu.linkonce.tb.*)
 *(.rel.ctors)
 *(.rela.ctors)
 *(.rel.dtors)
 *(.rela.dtors)
 *(.rel.got)
 *(.rela.got)
 *(.rel.sdata .rel.sdata.* .rel.gnu.linkonce.s.*)
 *(.rela.sdata .rela.sdata.* .rela.gnu.linkonce.s.*)
 *(.rel.sbss .rel.sbss.* .rel.gnu.linkonce.sb.*)
 *(.rela.sbss .rela.sbss.* .rela.gnu.linkonce.sb.*)
 *(.rel.sdata2 .rel.sdata2.* .rel.gnu.linkonce.s2.*)
 *(.rela.sdata2 .rela.sdata2.* .rela.gnu.linkonce.s2.*)
 *(.rel.sbss2 .rel.sbss2.* .rel.gnu.linkonce.sb2.*)
 *(.rela.sbss2 .rela.sbss2.* .rela.gnu.linkonce.sb2.*)
 *(.rel.bss .rel.bss.* .rel.gnu.linkonce.b.*)
 *(.rela.bss .rela.bss.* .rela.gnu.linkonce.b.*)
 *(.rel.plt)
 *(.rela.plt)
 *(.rel.dyn)
 *(.init)
 *(.plt)
 *(.text .stub .text.* .gnu.linkonce.t.*)
 .text          0x0000000000800020       0x3c ../Task7_bsp//obj/HAL/src/crt0.o
                0x0000000000800020                _start
 .text          0x000000000080005c       0xdc obj/default/hello_world.o
                0x000000000080005c                delay_function
                0x00000000008000c8                main
 .text          0x0000000000800138       0xec ../Task7_bsp/\libhal_bsp.a(alt_load.o)
                0x00000000008001a0                alt_load
 .text          0x0000000000800224       0x6c ../Task7_bsp/\libhal_bsp.a(alt_main.o)
                0x0000000000800224                alt_main
 .text          0x0000000000800290      0x22c ../Task7_bsp/\libhal_bsp.a(alt_printf.o)
                0x0000000000800290                alt_printf
 .text          0x00000000008004bc       0x44 ../Task7_bsp/\libhal_bsp.a(alt_putchar.o)
                0x00000000008004bc                alt_putchar
 .text          0x0000000000800500       0xa8 ../Task7_bsp/\libhal_bsp.a(alt_sys_init.o)
                0x0000000000800538                alt_irq_init
                0x0000000000800570                alt_sys_init
 .text          0x00000000008005a8       0xc0 ../Task7_bsp/\libhal_bsp.a(altera_avalon_jtag_uart_fd.o)
                0x00000000008005a8                altera_avalon_jtag_uart_read_fd
                0x0000000000800608                altera_avalon_jtag_uart_write_fd
 .text          0x0000000000800668       0xec ../Task7_bsp/\libhal_bsp.a(altera_avalon_jtag_uart_read.o)
                0x0000000000800668                altera_avalon_jtag_uart_read
 .text          0x0000000000800754       0x94 ../Task7_bsp/\libhal_bsp.a(altera_avalon_jtag_uart_write.o)
                0x0000000000800754                altera_avalon_jtag_uart_write
 .text          0x00000000008007e8      0x128 ../Task7_bsp/\libhal_bsp.a(alt_close.o)
                0x0000000000800838                close
 .text          0x0000000000800910       0x20 ../Task7_bsp/\libhal_bsp.a(alt_dcache_flush_all.o)
                0x0000000000800910                alt_dcache_flush_all
 .text          0x0000000000800930       0x2c ../Task7_bsp/\libhal_bsp.a(alt_dev.o)
 .text          0x000000000080095c       0xf4 ../Task7_bsp/\libhal_bsp.a(alt_dev_llist_insert.o)
                0x00000000008009ac                alt_dev_llist_insert
 .text          0x0000000000800a50        0x0 ../Task7_bsp/\libhal_bsp.a(alt_errno.o)
 .text          0x0000000000800a50       0x20 ../Task7_bsp/\libhal_bsp.a(alt_icache_flush_all.o)
                0x0000000000800a50                alt_icache_flush_all
 .text          0x0000000000800a70      0x160 ../Task7_bsp/\libhal_bsp.a(alt_io_redirect.o)
                0x0000000000800b54                alt_io_redirect
 .text          0x0000000000800bd0      0x2a4 ../Task7_bsp/\libhal_bsp.a(alt_open.o)
                0x0000000000800d14                open
 .text          0x0000000000800e74       0x84 ../Task7_bsp/\libhal_bsp.a(alt_release_fd.o)
                0x0000000000800e74                alt_release_fd
 .text          0x0000000000800ef8       0x24 ../Task7_bsp/\libhal_bsp.a(altera_nios2_gen2_irq.o)
                0x0000000000800ef8                altera_nios2_gen2_irq_init
 .text          0x0000000000800f1c       0x90 ../Task7_bsp/\libhal_bsp.a(alt_find_dev.o)
                0x0000000000800f1c                alt_find_dev
 .text          0x0000000000800fac      0x114 ../Task7_bsp/\libhal_bsp.a(alt_find_file.o)
                0x0000000000800fac                alt_find_file
 .text          0x00000000008010c0       0xd4 ../Task7_bsp/\libhal_bsp.a(alt_get_fd.o)
                0x00000000008010c0                alt_get_fd
 .text          0x0000000000801194        0x0 c:/altera_lite/16.0/nios2eds/bin/gnu/h-x86_64-mingw32/bin/../lib/gcc/nios2-elf/5.2.0/../../../../../H-x86_64-mingw32/nios2-elf/lib/mno-hw-mul\libsmallc.a(lib_a-exit.o)
 .text.exit     0x0000000000801194       0x20 c:/altera_lite/16.0/nios2eds/bin/gnu/h-x86_64-mingw32/bin/../lib/gcc/nios2-elf/5.2.0/../../../../../H-x86_64-mingw32/nios2-elf/lib/mno-hw-mul\libsmallc.a(lib_a-exit.o)
                0x0000000000801194                exit
 .text          0x00000000008011b4        0x0 c:/altera_lite/16.0/nios2eds/bin/gnu/h-x86_64-mingw32/bin/../lib/gcc/nios2-elf/5.2.0/../../../../../H-x86_64-mingw32/nios2-elf/lib/mno-hw-mul\libsmallc.a(lib_a-impure.o)
 .text          0x00000000008011b4        0x0 c:/altera_lite/16.0/nios2eds/bin/gnu/h-x86_64-mingw32/bin/../lib/gcc/nios2-elf/5.2.0/../../../../../H-x86_64-mingw32/nios2-elf/lib/mno-hw-mul\libsmallc.a(lib_a-int_errno.o)
 .text          0x00000000008011b4        0x0 c:/altera_lite/16.0/nios2eds/bin/gnu/h-x86_64-mingw32/bin/../lib/gcc/nios2-elf/5.2.0/../../../../../H-x86_64-mingw32/nios2-elf/lib/mno-hw-mul\libsmallc.a(lib_a-memcmp.o)
 .text.memcmp   0x00000000008011b4       0x30 c:/altera_lite/16.0/nios2eds/bin/gnu/h-x86_64-mingw32/bin/../lib/gcc/nios2-elf/5.2.0/../../../../../H-x86_64-mingw32/nios2-elf/lib/mno-hw-mul\libsmallc.a(lib_a-memcmp.o)
                0x00000000008011b4                memcmp
 .text          0x00000000008011e4        0x0 c:/altera_lite/16.0/nios2eds/bin/gnu/h-x86_64-mingw32/bin/../lib/gcc/nios2-elf/5.2.0/../../../../../H-x86_64-mingw32/nios2-elf/lib/mno-hw-mul\libsmallc.a(lib_a-putc.o)
 .text.putc     0x00000000008011e4       0x54 c:/altera_lite/16.0/nios2eds/bin/gnu/h-x86_64-mingw32/bin/../lib/gcc/nios2-elf/5.2.0/../../../../../H-x86_64-mingw32/nios2-elf/lib/mno-hw-mul\libsmallc.a(lib_a-putc.o)
                0x00000000008011e4                putc
 .text._putc_r  0x0000000000801238       0x58 c:/altera_lite/16.0/nios2eds/bin/gnu/h-x86_64-mingw32/bin/../lib/gcc/nios2-elf/5.2.0/../../../../../H-x86_64-mingw32/nios2-elf/lib/mno-hw-mul\libsmallc.a(lib_a-putc.o)
                0x0000000000801238                _putc_r
 .text          0x0000000000801290        0x0 c:/altera_lite/16.0/nios2eds/bin/gnu/h-x86_64-mingw32/bin/../lib/gcc/nios2-elf/5.2.0/../../../../../H-x86_64-mingw32/nios2-elf/lib/mno-hw-mul\libsmallc.a(lib_a-strlen.o)
 .text.strlen   0x0000000000801290       0x1c c:/altera_lite/16.0/nios2eds/bin/gnu/h-x86_64-mingw32/bin/../lib/gcc/nios2-elf/5.2.0/../../../../../H-x86_64-mingw32/nios2-elf/lib/mno-hw-mul\libsmallc.a(lib_a-strlen.o)
                0x0000000000801290                strlen
 .text          0x00000000008012ac        0x0 c:/altera_lite/16.0/nios2eds/bin/gnu/h-x86_64-mingw32/bin/../lib/gcc/nios2-elf/5.2.0/../../../../../H-x86_64-mingw32/nios2-elf/lib/mno-hw-mul\libsmallc.a(lib_a-__call_atexit.o)
 .text.__call_exitprocs
                0x00000000008012ac      0x190 c:/altera_lite/16.0/nios2eds/bin/gnu/h-x86_64-mingw32/bin/../lib/gcc/nios2-elf/5.2.0/../../../../../H-x86_64-mingw32/nios2-elf/lib/mno-hw-mul\libsmallc.a(lib_a-__call_atexit.o)
                0x00000000008012ac                __call_exitprocs
 .text          0x000000000080143c        0x0 c:/altera_lite/16.0/nios2eds/bin/gnu/h-x86_64-mingw32/bin/../lib/gcc/nios2-elf/5.2.0/../../../../../H-x86_64-mingw32/nios2-elf/lib/mno-hw-mul\libsmallc.a(lib_a-fvwrite_small_dev.o)
 .text.__sfvwrite_small_dev
                0x000000000080143c       0xb8 c:/altera_lite/16.0/nios2eds/bin/gnu/h-x86_64-mingw32/bin/../lib/gcc/nios2-elf/5.2.0/../../../../../H-x86_64-mingw32/nios2-elf/lib/mno-hw-mul\libsmallc.a(lib_a-fvwrite_small_dev.o)
                0x000000000080143c                __sfvwrite_small_dev
 .text          0x00000000008014f4        0x0 c:/altera_lite/16.0/nios2eds/bin/gnu/h-x86_64-mingw32/bin/../lib/gcc/nios2-elf/5.2.0/../../../../../H-x86_64-mingw32/nios2-elf/lib/mno-hw-mul\libsmallc.a(lib_a-writer.o)
 .text._write_r
                0x00000000008014f4       0x58 c:/altera_lite/16.0/nios2eds/bin/gnu/h-x86_64-mingw32/bin/../lib/gcc/nios2-elf/5.2.0/../../../../../H-x86_64-mingw32/nios2-elf/lib/mno-hw-mul\libsmallc.a(lib_a-writer.o)
                0x00000000008014f4                _write_r
 .text          0x000000000080154c       0x28 c:/altera_lite/16.0/nios2eds/bin/gnu/h-x86_64-mingw32/bin/../lib/gcc/nios2-elf/5.2.0/mno-hw-mul\libgcc.a(lib2-mul.o)
                0x000000000080154c                __mulsi3
 .text          0x0000000000801574       0x34 ../Task7_bsp/\libhal_bsp.a(alt_exit.o)
                0x0000000000801574                _exit
 .text          0x00000000008015a8      0x150 ../Task7_bsp/\libhal_bsp.a(alt_write.o)
                0x00000000008015f8                write
 *(.gnu.warning.*)
 *(.fini)
                [!provide]                        PROVIDE (__etext, ABSOLUTE (.))
                [!provide]                        PROVIDE (_etext, ABSOLUTE (.))
                [!provide]                        PROVIDE (etext, ABSOLUTE (.))
 *(.eh_frame_hdr)
                0x00000000008016f8                . = ALIGN (0x4)
                [!provide]                        PROVIDE (__preinit_array_start, ABSOLUTE (.))
 *(.preinit_array)
                [!provide]                        PROVIDE (__preinit_array_end, ABSOLUTE (.))
                [!provide]                        PROVIDE (__init_array_start, ABSOLUTE (.))
 *(.init_array)
                [!provide]                        PROVIDE (__init_array_end, ABSOLUTE (.))
                [!provide]                        PROVIDE (__fini_array_start, ABSOLUTE (.))
 *(.fini_array)
                [!provide]                        PROVIDE (__fini_array_end, ABSOLUTE (.))
 *(.eh_frame)
 *(.gcc_except_table .gcc_except_table.*)
 *(.dynamic)
                [!provide]                        PROVIDE (__CTOR_LIST__, ABSOLUTE (.))
 *(.ctors)
 *(SORT(.ctors.*))
                [!provide]                        PROVIDE (__CTOR_END__, ABSOLUTE (.))
                [!provide]                        PROVIDE (__DTOR_LIST__, ABSOLUTE (.))
 *(.dtors)
 *(SORT(.dtors.*))
                [!provide]                        PROVIDE (__DTOR_END__, ABSOLUTE (.))
 *(.jcr)
                0x00000000008016f8                . = ALIGN (0x4)

.rodata         0x00000000008016f8       0x38
                0x00000000008016f8                PROVIDE (__ram_rodata_start, ABSOLUTE (.))
                0x00000000008016f8                . = ALIGN (0x4)
 *(.rodata .rodata.* .gnu.linkonce.r.*)
 .rodata        0x00000000008016f8        0x9 obj/default/hello_world.o
 *fill*         0x0000000000801701        0x3 
 .rodata        0x0000000000801704        0xf ../Task7_bsp/\libhal_bsp.a(alt_main.o)
 *fill*         0x0000000000801713        0x1 
 .rodata        0x0000000000801714        0xf ../Task7_bsp/\libhal_bsp.a(alt_sys_init.o)
 *fill*         0x0000000000801723        0x1 
 .rodata        0x0000000000801724        0xa ../Task7_bsp/\libhal_bsp.a(alt_dev.o)
 *(.rodata1)
                0x0000000000801730                . = ALIGN (0x4)
 *fill*         0x000000000080172e        0x2 
                0x0000000000801730                PROVIDE (__ram_rodata_end, ABSOLUTE (.))
                0x00000000008016f8                PROVIDE (__flash_rodata_start, LOADADDR (.rodata))

.rwdata         0x0000000000801730      0x2d4 load address 0x0000000000801a04
                0x0000000000801730                PROVIDE (__ram_rwdata_start, ABSOLUTE (.))
                0x0000000000801730                . = ALIGN (0x4)
 *(.got.plt)
 *(.got)
 *(.data1)
 *(.data .data.* .gnu.linkonce.d.*)
 .data          0x0000000000801730        0x0 ../Task7_bsp//obj/HAL/src/crt0.o
 .data          0x0000000000801730        0x0 obj/default/hello_world.o
 .data          0x0000000000801730        0x0 ../Task7_bsp/\libhal_bsp.a(alt_load.o)
 .data          0x0000000000801730        0x0 ../Task7_bsp/\libhal_bsp.a(alt_main.o)
 .data          0x0000000000801730        0x0 ../Task7_bsp/\libhal_bsp.a(alt_printf.o)
 .data          0x0000000000801730        0x0 ../Task7_bsp/\libhal_bsp.a(alt_putchar.o)
 .data          0x0000000000801730       0x2c ../Task7_bsp/\libhal_bsp.a(alt_sys_init.o)
 .data          0x000000000080175c        0x0 ../Task7_bsp/\libhal_bsp.a(altera_avalon_jtag_uart_fd.o)
 .data          0x000000000080175c        0x0 ../Task7_bsp/\libhal_bsp.a(altera_avalon_jtag_uart_read.o)
 .data          0x000000000080175c        0x0 ../Task7_bsp/\libhal_bsp.a(altera_avalon_jtag_uart_write.o)
 .data          0x000000000080175c        0x0 ../Task7_bsp/\libhal_bsp.a(alt_close.o)
 .data          0x000000000080175c        0x0 ../Task7_bsp/\libhal_bsp.a(alt_dcache_flush_all.o)
 .data          0x000000000080175c      0x1a8 ../Task7_bsp/\libhal_bsp.a(alt_dev.o)
                0x000000000080175c                alt_dev_null
                0x0000000000801784                alt_fd_list
 .data          0x0000000000801904        0x0 ../Task7_bsp/\libhal_bsp.a(alt_dev_llist_insert.o)
 .data          0x0000000000801904        0x0 ../Task7_bsp/\libhal_bsp.a(alt_errno.o)
 .data          0x0000000000801904        0x0 ../Task7_bsp/\libhal_bsp.a(alt_icache_flush_all.o)
 .data          0x0000000000801904        0x0 ../Task7_bsp/\libhal_bsp.a(alt_io_redirect.o)
 .data          0x0000000000801904        0x0 ../Task7_bsp/\libhal_bsp.a(alt_open.o)
 .data          0x0000000000801904        0x0 ../Task7_bsp/\libhal_bsp.a(alt_release_fd.o)
 .data          0x0000000000801904        0x0 ../Task7_bsp/\libhal_bsp.a(altera_nios2_gen2_irq.o)
 .data          0x0000000000801904        0x0 ../Task7_bsp/\libhal_bsp.a(alt_find_dev.o)
 .data          0x0000000000801904        0x0 ../Task7_bsp/\libhal_bsp.a(alt_find_file.o)
 .data          0x0000000000801904        0x0 ../Task7_bsp/\libhal_bsp.a(alt_get_fd.o)
 .data          0x0000000000801904        0x0 c:/altera_lite/16.0/nios2eds/bin/gnu/h-x86_64-mingw32/bin/../lib/gcc/nios2-elf/5.2.0/../../../../../H-x86_64-mingw32/nios2-elf/lib/mno-hw-mul\libsmallc.a(lib_a-exit.o)
 .data          0x0000000000801904        0x0 c:/altera_lite/16.0/nios2eds/bin/gnu/h-x86_64-mingw32/bin/../lib/gcc/nios2-elf/5.2.0/../../../../../H-x86_64-mingw32/nios2-elf/lib/mno-hw-mul\libsmallc.a(lib_a-impure.o)
 .data.impure_data
                0x0000000000801904       0xe0 c:/altera_lite/16.0/nios2eds/bin/gnu/h-x86_64-mingw32/bin/../lib/gcc/nios2-elf/5.2.0/../../../../../H-x86_64-mingw32/nios2-elf/lib/mno-hw-mul\libsmallc.a(lib_a-impure.o)
 .data          0x00000000008019e4        0x0 c:/altera_lite/16.0/nios2eds/bin/gnu/h-x86_64-mingw32/bin/../lib/gcc/nios2-elf/5.2.0/../../../../../H-x86_64-mingw32/nios2-elf/lib/mno-hw-mul\libsmallc.a(lib_a-int_errno.o)
 .data          0x00000000008019e4        0x0 c:/altera_lite/16.0/nios2eds/bin/gnu/h-x86_64-mingw32/bin/../lib/gcc/nios2-elf/5.2.0/../../../../../H-x86_64-mingw32/nios2-elf/lib/mno-hw-mul\libsmallc.a(lib_a-memcmp.o)
 .data          0x00000000008019e4        0x0 c:/altera_lite/16.0/nios2eds/bin/gnu/h-x86_64-mingw32/bin/../lib/gcc/nios2-elf/5.2.0/../../../../../H-x86_64-mingw32/nios2-elf/lib/mno-hw-mul\libsmallc.a(lib_a-putc.o)
 .data          0x00000000008019e4        0x0 c:/altera_lite/16.0/nios2eds/bin/gnu/h-x86_64-mingw32/bin/../lib/gcc/nios2-elf/5.2.0/../../../../../H-x86_64-mingw32/nios2-elf/lib/mno-hw-mul\libsmallc.a(lib_a-strlen.o)
 .data          0x00000000008019e4        0x0 c:/altera_lite/16.0/nios2eds/bin/gnu/h-x86_64-mingw32/bin/../lib/gcc/nios2-elf/5.2.0/../../../../../H-x86_64-mingw32/nios2-elf/lib/mno-hw-mul\libsmallc.a(lib_a-__call_atexit.o)
 .data          0x00000000008019e4        0x0 c:/altera_lite/16.0/nios2eds/bin/gnu/h-x86_64-mingw32/bin/../lib/gcc/nios2-elf/5.2.0/../../../../../H-x86_64-mingw32/nios2-elf/lib/mno-hw-mul\libsmallc.a(lib_a-fvwrite_small_dev.o)
 .data          0x00000000008019e4        0x0 c:/altera_lite/16.0/nios2eds/bin/gnu/h-x86_64-mingw32/bin/../lib/gcc/nios2-elf/5.2.0/../../../../../H-x86_64-mingw32/nios2-elf/lib/mno-hw-mul\libsmallc.a(lib_a-writer.o)
 .data          0x00000000008019e4        0x0 c:/altera_lite/16.0/nios2eds/bin/gnu/h-x86_64-mingw32/bin/../lib/gcc/nios2-elf/5.2.0/mno-hw-mul\libgcc.a(lib2-mul.o)
 .data          0x00000000008019e4        0x0 ../Task7_bsp/\libhal_bsp.a(alt_exit.o)
 .data          0x00000000008019e4        0x0 ../Task7_bsp/\libhal_bsp.a(alt_write.o)
                0x00000000008099e4                _gp = ABSOLUTE ((. + 0x8000))
                [!provide]                        PROVIDE (gp, _gp)
 *(.rwdata .rwdata.*)
 *(.sdata .sdata.* .gnu.linkonce.s.*)
 .sdata         0x00000000008019e4       0x14 ../Task7_bsp/\libhal_bsp.a(alt_dev.o)
                0x00000000008019e4                alt_fs_list
                0x00000000008019ec                alt_dev_list
                0x00000000008019f4                alt_max_fd
 .sdata         0x00000000008019f8        0x4 ../Task7_bsp/\libhal_bsp.a(alt_errno.o)
                0x00000000008019f8                alt_errno
 .sdata._global_impure_ptr
                0x00000000008019fc        0x4 c:/altera_lite/16.0/nios2eds/bin/gnu/h-x86_64-mingw32/bin/../lib/gcc/nios2-elf/5.2.0/../../../../../H-x86_64-mingw32/nios2-elf/lib/mno-hw-mul\libsmallc.a(lib_a-impure.o)
                0x00000000008019fc                _global_impure_ptr
 .sdata._impure_ptr
                0x0000000000801a00        0x4 c:/altera_lite/16.0/nios2eds/bin/gnu/h-x86_64-mingw32/bin/../lib/gcc/nios2-elf/5.2.0/../../../../../H-x86_64-mingw32/nios2-elf/lib/mno-hw-mul\libsmallc.a(lib_a-impure.o)
                0x0000000000801a00                _impure_ptr
 *(.sdata2 .sdata2.* .gnu.linkonce.s2.*)
                0x0000000000801a04                . = ALIGN (0x4)
                0x0000000000801a04                _edata = ABSOLUTE (.)
                [!provide]                        PROVIDE (edata, ABSOLUTE (.))
                0x0000000000801a04                PROVIDE (__ram_rwdata_end, ABSOLUTE (.))
                0x0000000000801a04                PROVIDE (__flash_rwdata_start, LOADADDR (.rwdata))

.bss            0x0000000000801cd8       0x10
                0x0000000000801cd8                __bss_start = ABSOLUTE (.)
                [!provide]                        PROVIDE (__sbss_start, ABSOLUTE (.))
                [!provide]                        PROVIDE (___sbss_start, ABSOLUTE (.))
 *(.dynsbss)
 *(.sbss .sbss.* .gnu.linkonce.sb.*)
 .sbss          0x0000000000801cd8        0xc ../Task7_bsp/\libhal_bsp.a(alt_main.o)
                0x0000000000801cd8                alt_argc
                0x0000000000801cdc                alt_argv
                0x0000000000801ce0                alt_envp
 .sbss          0x0000000000801ce4        0x4 c:/altera_lite/16.0/nios2eds/bin/gnu/h-x86_64-mingw32/bin/../lib/gcc/nios2-elf/5.2.0/../../../../../H-x86_64-mingw32/nios2-elf/lib/mno-hw-mul\libsmallc.a(lib_a-int_errno.o)
                0x0000000000801ce4                errno
 *(.sbss2 .sbss2.* .gnu.linkonce.sb2.*)
 *(.scommon)
                [!provide]                        PROVIDE (__sbss_end, ABSOLUTE (.))
                [!provide]                        PROVIDE (___sbss_end, ABSOLUTE (.))
 *(.dynbss)
 *(.bss .bss.* .gnu.linkonce.b.*)
 .bss           0x0000000000801ce8        0x0 ../Task7_bsp//obj/HAL/src/crt0.o
 .bss           0x0000000000801ce8        0x0 obj/default/hello_world.o
 .bss           0x0000000000801ce8        0x0 ../Task7_bsp/\libhal_bsp.a(alt_load.o)
 .bss           0x0000000000801ce8        0x0 ../Task7_bsp/\libhal_bsp.a(alt_main.o)
 .bss           0x0000000000801ce8        0x0 ../Task7_bsp/\libhal_bsp.a(alt_printf.o)
 .bss           0x0000000000801ce8        0x0 ../Task7_bsp/\libhal_bsp.a(alt_putchar.o)
 .bss           0x0000000000801ce8        0x0 ../Task7_bsp/\libhal_bsp.a(alt_sys_init.o)
 .bss           0x0000000000801ce8        0x0 ../Task7_bsp/\libhal_bsp.a(altera_avalon_jtag_uart_fd.o)
 .bss           0x0000000000801ce8        0x0 ../Task7_bsp/\libhal_bsp.a(altera_avalon_jtag_uart_read.o)
 .bss           0x0000000000801ce8        0x0 ../Task7_bsp/\libhal_bsp.a(altera_avalon_jtag_uart_write.o)
 .bss           0x0000000000801ce8        0x0 ../Task7_bsp/\libhal_bsp.a(alt_close.o)
 .bss           0x0000000000801ce8        0x0 ../Task7_bsp/\libhal_bsp.a(alt_dcache_flush_all.o)
 .bss           0x0000000000801ce8        0x0 ../Task7_bsp/\libhal_bsp.a(alt_dev.o)
 .bss           0x0000000000801ce8        0x0 ../Task7_bsp/\libhal_bsp.a(alt_dev_llist_insert.o)
 .bss           0x0000000000801ce8        0x0 ../Task7_bsp/\libhal_bsp.a(alt_errno.o)
 .bss           0x0000000000801ce8        0x0 ../Task7_bsp/\libhal_bsp.a(alt_icache_flush_all.o)
 .bss           0x0000000000801ce8        0x0 ../Task7_bsp/\libhal_bsp.a(alt_io_redirect.o)
 .bss           0x0000000000801ce8        0x0 ../Task7_bsp/\libhal_bsp.a(alt_open.o)
 .bss           0x0000000000801ce8        0x0 ../Task7_bsp/\libhal_bsp.a(alt_release_fd.o)
 .bss           0x0000000000801ce8        0x0 ../Task7_bsp/\libhal_bsp.a(altera_nios2_gen2_irq.o)
 .bss           0x0000000000801ce8        0x0 ../Task7_bsp/\libhal_bsp.a(alt_find_dev.o)
 .bss           0x0000000000801ce8        0x0 ../Task7_bsp/\libhal_bsp.a(alt_find_file.o)
 .bss           0x0000000000801ce8        0x0 ../Task7_bsp/\libhal_bsp.a(alt_get_fd.o)
 .bss           0x0000000000801ce8        0x0 c:/altera_lite/16.0/nios2eds/bin/gnu/h-x86_64-mingw32/bin/../lib/gcc/nios2-elf/5.2.0/../../../../../H-x86_64-mingw32/nios2-elf/lib/mno-hw-mul\libsmallc.a(lib_a-exit.o)
 .bss           0x0000000000801ce8        0x0 c:/altera_lite/16.0/nios2eds/bin/gnu/h-x86_64-mingw32/bin/../lib/gcc/nios2-elf/5.2.0/../../../../../H-x86_64-mingw32/nios2-elf/lib/mno-hw-mul\libsmallc.a(lib_a-impure.o)
 .bss           0x0000000000801ce8        0x0 c:/altera_lite/16.0/nios2eds/bin/gnu/h-x86_64-mingw32/bin/../lib/gcc/nios2-elf/5.2.0/../../../../../H-x86_64-mingw32/nios2-elf/lib/mno-hw-mul\libsmallc.a(lib_a-int_errno.o)
 .bss           0x0000000000801ce8        0x0 c:/altera_lite/16.0/nios2eds/bin/gnu/h-x86_64-mingw32/bin/../lib/gcc/nios2-elf/5.2.0/../../../../../H-x86_64-mingw32/nios2-elf/lib/mno-hw-mul\libsmallc.a(lib_a-memcmp.o)
 .bss           0x0000000000801ce8        0x0 c:/altera_lite/16.0/nios2eds/bin/gnu/h-x86_64-mingw32/bin/../lib/gcc/nios2-elf/5.2.0/../../../../../H-x86_64-mingw32/nios2-elf/lib/mno-hw-mul\libsmallc.a(lib_a-putc.o)
 .bss           0x0000000000801ce8        0x0 c:/altera_lite/16.0/nios2eds/bin/gnu/h-x86_64-mingw32/bin/../lib/gcc/nios2-elf/5.2.0/../../../../../H-x86_64-mingw32/nios2-elf/lib/mno-hw-mul\libsmallc.a(lib_a-strlen.o)
 .bss           0x0000000000801ce8        0x0 c:/altera_lite/16.0/nios2eds/bin/gnu/h-x86_64-mingw32/bin/../lib/gcc/nios2-elf/5.2.0/../../../../../H-x86_64-mingw32/nios2-elf/lib/mno-hw-mul\libsmallc.a(lib_a-__call_atexit.o)
 .bss           0x0000000000801ce8        0x0 c:/altera_lite/16.0/nios2eds/bin/gnu/h-x86_64-mingw32/bin/../lib/gcc/nios2-elf/5.2.0/../../../../../H-x86_64-mingw32/nios2-elf/lib/mno-hw-mul\libsmallc.a(lib_a-fvwrite_small_dev.o)
 .bss           0x0000000000801ce8        0x0 c:/altera_lite/16.0/nios2eds/bin/gnu/h-x86_64-mingw32/bin/../lib/gcc/nios2-elf/5.2.0/../../../../../H-x86_64-mingw32/nios2-elf/lib/mno-hw-mul\libsmallc.a(lib_a-writer.o)
 .bss           0x0000000000801ce8        0x0 c:/altera_lite/16.0/nios2eds/bin/gnu/h-x86_64-mingw32/bin/../lib/gcc/nios2-elf/5.2.0/mno-hw-mul\libgcc.a(lib2-mul.o)
 .bss           0x0000000000801ce8        0x0 ../Task7_bsp/\libhal_bsp.a(alt_exit.o)
 .bss           0x0000000000801ce8        0x0 ../Task7_bsp/\libhal_bsp.a(alt_write.o)
 *(COMMON)
                0x0000000000801ce8                . = ALIGN (0x4)
                0x0000000000801ce8                __bss_end = ABSOLUTE (.)

.sdram          0x0000000000801ce8        0x0
                [!provide]                        PROVIDE (_alt_partition_sdram_start, ABSOLUTE (.))
 *(.sdram .sdram. sdram.*)
                0x0000000000801ce8                . = ALIGN (0x4)
                [!provide]                        PROVIDE (_alt_partition_sdram_end, ABSOLUTE (.))
                0x0000000000801ce8                _end = ABSOLUTE (.)
                0x0000000000801ce8                end = ABSOLUTE (.)
                0x0000000000801ce8                __alt_stack_base = ABSOLUTE (.)
                [!provide]                        PROVIDE (_alt_partition_sdram_load_addr, LOADADDR (.sdram))

.onchip_ram     0x0000000001004000        0x0 load address 0x0000000000801ce8
                [!provide]                        PROVIDE (_alt_partition_onchip_ram_start, ABSOLUTE (.))
 *(.onchip_ram .onchip_ram. onchip_ram.*)
                0x0000000001004000                . = ALIGN (0x4)
                [!provide]                        PROVIDE (_alt_partition_onchip_ram_end, ABSOLUTE (.))
                [!provide]                        PROVIDE (_alt_partition_onchip_ram_load_addr, LOADADDR (.onchip_ram))

.stab
 *(.stab)

.stabstr
 *(.stabstr)

.stab.excl
 *(.stab.excl)

.stab.exclstr
 *(.stab.exclstr)

.stab.index
 *(.stab.index)

.stab.indexstr
 *(.stab.indexstr)

.comment        0x0000000000000000       0x23
 *(.comment)
 .comment       0x0000000000000000       0x23 obj/default/hello_world.o
                                         0x24 (size before relaxing)
 .comment       0x0000000000000023       0x24 ../Task7_bsp/\libhal_bsp.a(alt_load.o)
 .comment       0x0000000000000023       0x24 ../Task7_bsp/\libhal_bsp.a(alt_main.o)
 .comment       0x0000000000000023       0x24 ../Task7_bsp/\libhal_bsp.a(alt_printf.o)
 .comment       0x0000000000000023       0x24 ../Task7_bsp/\libhal_bsp.a(alt_putchar.o)
 .comment       0x0000000000000023       0x24 ../Task7_bsp/\libhal_bsp.a(alt_sys_init.o)
 .comment       0x0000000000000023       0x24 ../Task7_bsp/\libhal_bsp.a(altera_avalon_jtag_uart_fd.o)
 .comment       0x0000000000000023       0x24 ../Task7_bsp/\libhal_bsp.a(altera_avalon_jtag_uart_read.o)
 .comment       0x0000000000000023       0x24 ../Task7_bsp/\libhal_bsp.a(altera_avalon_jtag_uart_write.o)
 .comment       0x0000000000000023       0x24 ../Task7_bsp/\libhal_bsp.a(alt_close.o)
 .comment       0x0000000000000023       0x24 ../Task7_bsp/\libhal_bsp.a(alt_dcache_flush_all.o)
 .comment       0x0000000000000023       0x24 ../Task7_bsp/\libhal_bsp.a(alt_dev.o)
 .comment       0x0000000000000023       0x24 ../Task7_bsp/\libhal_bsp.a(alt_dev_llist_insert.o)
 .comment       0x0000000000000023       0x24 ../Task7_bsp/\libhal_bsp.a(alt_errno.o)
 .comment       0x0000000000000023       0x24 ../Task7_bsp/\libhal_bsp.a(alt_icache_flush_all.o)
 .comment       0x0000000000000023       0x24 ../Task7_bsp/\libhal_bsp.a(alt_io_redirect.o)
 .comment       0x0000000000000023       0x24 ../Task7_bsp/\libhal_bsp.a(alt_open.o)
 .comment       0x0000000000000023       0x24 ../Task7_bsp/\libhal_bsp.a(alt_release_fd.o)
 .comment       0x0000000000000023       0x24 ../Task7_bsp/\libhal_bsp.a(altera_nios2_gen2_irq.o)
 .comment       0x0000000000000023       0x24 ../Task7_bsp/\libhal_bsp.a(alt_find_dev.o)
 .comment       0x0000000000000023       0x24 ../Task7_bsp/\libhal_bsp.a(alt_find_file.o)
 .comment       0x0000000000000023       0x24 ../Task7_bsp/\libhal_bsp.a(alt_get_fd.o)
 .comment       0x0000000000000023       0x24 c:/altera_lite/16.0/nios2eds/bin/gnu/h-x86_64-mingw32/bin/../lib/gcc/nios2-elf/5.2.0/../../../../../H-x86_64-mingw32/nios2-elf/lib/mno-hw-mul\libsmallc.a(lib_a-exit.o)
 .comment       0x0000000000000023       0x24 c:/altera_lite/16.0/nios2eds/bin/gnu/h-x86_64-mingw32/bin/../lib/gcc/nios2-elf/5.2.0/../../../../../H-x86_64-mingw32/nios2-elf/lib/mno-hw-mul\libsmallc.a(lib_a-impure.o)
 .comment       0x0000000000000023       0x24 c:/altera_lite/16.0/nios2eds/bin/gnu/h-x86_64-mingw32/bin/../lib/gcc/nios2-elf/5.2.0/../../../../../H-x86_64-mingw32/nios2-elf/lib/mno-hw-mul\libsmallc.a(lib_a-int_errno.o)
 .comment       0x0000000000000023       0x24 c:/altera_lite/16.0/nios2eds/bin/gnu/h-x86_64-mingw32/bin/../lib/gcc/nios2-elf/5.2.0/../../../../../H-x86_64-mingw32/nios2-elf/lib/mno-hw-mul\libsmallc.a(lib_a-memcmp.o)
 .comment       0x0000000000000023       0x24 c:/altera_lite/16.0/nios2eds/bin/gnu/h-x86_64-mingw32/bin/../lib/gcc/nios2-elf/5.2.0/../../../../../H-x86_64-mingw32/nios2-elf/lib/mno-hw-mul\libsmallc.a(lib_a-putc.o)
 .comment       0x0000000000000023       0x24 c:/altera_lite/16.0/nios2eds/bin/gnu/h-x86_64-mingw32/bin/../lib/gcc/nios2-elf/5.2.0/../../../../../H-x86_64-mingw32/nios2-elf/lib/mno-hw-mul\libsmallc.a(lib_a-strlen.o)
 .comment       0x0000000000000023       0x24 c:/altera_lite/16.0/nios2eds/bin/gnu/h-x86_64-mingw32/bin/../lib/gcc/nios2-elf/5.2.0/../../../../../H-x86_64-mingw32/nios2-elf/lib/mno-hw-mul\libsmallc.a(lib_a-__call_atexit.o)
 .comment       0x0000000000000023       0x24 c:/altera_lite/16.0/nios2eds/bin/gnu/h-x86_64-mingw32/bin/../lib/gcc/nios2-elf/5.2.0/../../../../../H-x86_64-mingw32/nios2-elf/lib/mno-hw-mul\libsmallc.a(lib_a-fvwrite_small_dev.o)
 .comment       0x0000000000000023       0x24 c:/altera_lite/16.0/nios2eds/bin/gnu/h-x86_64-mingw32/bin/../lib/gcc/nios2-elf/5.2.0/../../../../../H-x86_64-mingw32/nios2-elf/lib/mno-hw-mul\libsmallc.a(lib_a-writer.o)
 .comment       0x0000000000000023       0x24 c:/altera_lite/16.0/nios2eds/bin/gnu/h-x86_64-mingw32/bin/../lib/gcc/nios2-elf/5.2.0/mno-hw-mul\libgcc.a(lib2-mul.o)
 .comment       0x0000000000000023       0x24 ../Task7_bsp/\libhal_bsp.a(alt_exit.o)
 .comment       0x0000000000000023       0x24 ../Task7_bsp/\libhal_bsp.a(alt_write.o)

.debug
 *(.debug)

.line
 *(.line)

.debug_srcinfo
 *(.debug_srcinfo)

.debug_sfnames
 *(.debug_sfnames)

.debug_aranges  0x0000000000000000      0x458
 *(.debug_aranges)
 .debug_aranges
                0x0000000000000000       0x28 ../Task7_bsp//obj/HAL/src/crt0.o
 .debug_aranges
                0x0000000000000028       0x20 obj/default/hello_world.o
 .debug_aranges
                0x0000000000000048       0x20 ../Task7_bsp/\libhal_bsp.a(alt_load.o)
 .debug_aranges
                0x0000000000000068       0x20 ../Task7_bsp/\libhal_bsp.a(alt_main.o)
 .debug_aranges
                0x0000000000000088       0x20 ../Task7_bsp/\libhal_bsp.a(alt_printf.o)
 .debug_aranges
                0x00000000000000a8       0x20 ../Task7_bsp/\libhal_bsp.a(alt_putchar.o)
 .debug_aranges
                0x00000000000000c8       0x20 ../Task7_bsp/\libhal_bsp.a(alt_sys_init.o)
 .debug_aranges
                0x00000000000000e8       0x20 ../Task7_bsp/\libhal_bsp.a(altera_avalon_jtag_uart_fd.o)
 .debug_aranges
                0x0000000000000108       0x20 ../Task7_bsp/\libhal_bsp.a(altera_avalon_jtag_uart_read.o)
 .debug_aranges
                0x0000000000000128       0x20 ../Task7_bsp/\libhal_bsp.a(altera_avalon_jtag_uart_write.o)
 .debug_aranges
                0x0000000000000148       0x20 ../Task7_bsp/\libhal_bsp.a(alt_close.o)
 .debug_aranges
                0x0000000000000168       0x20 ../Task7_bsp/\libhal_bsp.a(alt_dcache_flush_all.o)
 .debug_aranges
                0x0000000000000188       0x20 ../Task7_bsp/\libhal_bsp.a(alt_dev.o)
 .debug_aranges
                0x00000000000001a8       0x20 ../Task7_bsp/\libhal_bsp.a(alt_dev_llist_insert.o)
 .debug_aranges
                0x00000000000001c8       0x18 ../Task7_bsp/\libhal_bsp.a(alt_errno.o)
 .debug_aranges
                0x00000000000001e0       0x20 ../Task7_bsp/\libhal_bsp.a(alt_icache_flush_all.o)
 .debug_aranges
                0x0000000000000200       0x20 ../Task7_bsp/\libhal_bsp.a(alt_io_redirect.o)
 .debug_aranges
                0x0000000000000220       0x20 ../Task7_bsp/\libhal_bsp.a(alt_open.o)
 .debug_aranges
                0x0000000000000240       0x20 ../Task7_bsp/\libhal_bsp.a(alt_release_fd.o)
 .debug_aranges
                0x0000000000000260       0x20 ../Task7_bsp/\libhal_bsp.a(altera_nios2_gen2_irq.o)
 .debug_aranges
                0x0000000000000280       0x20 ../Task7_bsp/\libhal_bsp.a(alt_find_dev.o)
 .debug_aranges
                0x00000000000002a0       0x20 ../Task7_bsp/\libhal_bsp.a(alt_find_file.o)
 .debug_aranges
                0x00000000000002c0       0x20 ../Task7_bsp/\libhal_bsp.a(alt_get_fd.o)
 .debug_aranges
                0x00000000000002e0       0x20 c:/altera_lite/16.0/nios2eds/bin/gnu/h-x86_64-mingw32/bin/../lib/gcc/nios2-elf/5.2.0/../../../../../H-x86_64-mingw32/nios2-elf/lib/mno-hw-mul\libsmallc.a(lib_a-exit.o)
 .debug_aranges
                0x0000000000000300       0x18 c:/altera_lite/16.0/nios2eds/bin/gnu/h-x86_64-mingw32/bin/../lib/gcc/nios2-elf/5.2.0/../../../../../H-x86_64-mingw32/nios2-elf/lib/mno-hw-mul\libsmallc.a(lib_a-impure.o)
 .debug_aranges
                0x0000000000000318       0x18 c:/altera_lite/16.0/nios2eds/bin/gnu/h-x86_64-mingw32/bin/../lib/gcc/nios2-elf/5.2.0/../../../../../H-x86_64-mingw32/nios2-elf/lib/mno-hw-mul\libsmallc.a(lib_a-int_errno.o)
 .debug_aranges
                0x0000000000000330       0x20 c:/altera_lite/16.0/nios2eds/bin/gnu/h-x86_64-mingw32/bin/../lib/gcc/nios2-elf/5.2.0/../../../../../H-x86_64-mingw32/nios2-elf/lib/mno-hw-mul\libsmallc.a(lib_a-memcmp.o)
 .debug_aranges
                0x0000000000000350       0x28 c:/altera_lite/16.0/nios2eds/bin/gnu/h-x86_64-mingw32/bin/../lib/gcc/nios2-elf/5.2.0/../../../../../H-x86_64-mingw32/nios2-elf/lib/mno-hw-mul\libsmallc.a(lib_a-putc.o)
 .debug_aranges
                0x0000000000000378       0x20 c:/altera_lite/16.0/nios2eds/bin/gnu/h-x86_64-mingw32/bin/../lib/gcc/nios2-elf/5.2.0/../../../../../H-x86_64-mingw32/nios2-elf/lib/mno-hw-mul\libsmallc.a(lib_a-strlen.o)
 .debug_aranges
                0x0000000000000398       0x20 c:/altera_lite/16.0/nios2eds/bin/gnu/h-x86_64-mingw32/bin/../lib/gcc/nios2-elf/5.2.0/../../../../../H-x86_64-mingw32/nios2-elf/lib/mno-hw-mul\libsmallc.a(lib_a-__call_atexit.o)
 .debug_aranges
                0x00000000000003b8       0x20 c:/altera_lite/16.0/nios2eds/bin/gnu/h-x86_64-mingw32/bin/../lib/gcc/nios2-elf/5.2.0/../../../../../H-x86_64-mingw32/nios2-elf/lib/mno-hw-mul\libsmallc.a(lib_a-fvwrite_small_dev.o)
 .debug_aranges
                0x00000000000003d8       0x20 c:/altera_lite/16.0/nios2eds/bin/gnu/h-x86_64-mingw32/bin/../lib/gcc/nios2-elf/5.2.0/../../../../../H-x86_64-mingw32/nios2-elf/lib/mno-hw-mul\libsmallc.a(lib_a-writer.o)
 .debug_aranges
                0x00000000000003f8       0x20 c:/altera_lite/16.0/nios2eds/bin/gnu/h-x86_64-mingw32/bin/../lib/gcc/nios2-elf/5.2.0/mno-hw-mul\libgcc.a(lib2-mul.o)
 .debug_aranges
                0x0000000000000418       0x20 ../Task7_bsp/\libhal_bsp.a(alt_exit.o)
 .debug_aranges
                0x0000000000000438       0x20 ../Task7_bsp/\libhal_bsp.a(alt_write.o)

.debug_pubnames
 *(.debug_pubnames)

.debug_info     0x0000000000000000     0x6092
 *(.debug_info .gnu.linkonce.wi.*)
 .debug_info    0x0000000000000000       0x7f ../Task7_bsp//obj/HAL/src/crt0.o
 .debug_info    0x000000000000007f      0x102 obj/default/hello_world.o
 .debug_info    0x0000000000000181      0x145 ../Task7_bsp/\libhal_bsp.a(alt_load.o)
 .debug_info    0x00000000000002c6      0x131 ../Task7_bsp/\libhal_bsp.a(alt_main.o)
 .debug_info    0x00000000000003f7      0x119 ../Task7_bsp/\libhal_bsp.a(alt_printf.o)
 .debug_info    0x0000000000000510      0x8a6 ../Task7_bsp/\libhal_bsp.a(alt_putchar.o)
 .debug_info    0x0000000000000db6      0x3c9 ../Task7_bsp/\libhal_bsp.a(alt_sys_init.o)
 .debug_info    0x000000000000117f      0x3a7 ../Task7_bsp/\libhal_bsp.a(altera_avalon_jtag_uart_fd.o)
 .debug_info    0x0000000000001526      0x1b2 ../Task7_bsp/\libhal_bsp.a(altera_avalon_jtag_uart_read.o)
 .debug_info    0x00000000000016d8      0x195 ../Task7_bsp/\libhal_bsp.a(altera_avalon_jtag_uart_write.o)
 .debug_info    0x000000000000186d      0x321 ../Task7_bsp/\libhal_bsp.a(alt_close.o)
 .debug_info    0x0000000000001b8e       0x92 ../Task7_bsp/\libhal_bsp.a(alt_dcache_flush_all.o)
 .debug_info    0x0000000000001c20      0x49c ../Task7_bsp/\libhal_bsp.a(alt_dev.o)
 .debug_info    0x00000000000020bc      0x1a9 ../Task7_bsp/\libhal_bsp.a(alt_dev_llist_insert.o)
 .debug_info    0x0000000000002265       0xa6 ../Task7_bsp/\libhal_bsp.a(alt_errno.o)
 .debug_info    0x000000000000230b       0x92 ../Task7_bsp/\libhal_bsp.a(alt_icache_flush_all.o)
 .debug_info    0x000000000000239d      0x4a5 ../Task7_bsp/\libhal_bsp.a(alt_io_redirect.o)
 .debug_info    0x0000000000002842      0x3bb ../Task7_bsp/\libhal_bsp.a(alt_open.o)
 .debug_info    0x0000000000002bfd      0x2b0 ../Task7_bsp/\libhal_bsp.a(alt_release_fd.o)
 .debug_info    0x0000000000002ead       0x92 ../Task7_bsp/\libhal_bsp.a(altera_nios2_gen2_irq.o)
 .debug_info    0x0000000000002f3f      0x2e9 ../Task7_bsp/\libhal_bsp.a(alt_find_dev.o)
 .debug_info    0x0000000000003228      0x2e6 ../Task7_bsp/\libhal_bsp.a(alt_find_file.o)
 .debug_info    0x000000000000350e      0x310 ../Task7_bsp/\libhal_bsp.a(alt_get_fd.o)
 .debug_info    0x000000000000381e       0xe5 c:/altera_lite/16.0/nios2eds/bin/gnu/h-x86_64-mingw32/bin/../lib/gcc/nios2-elf/5.2.0/../../../../../H-x86_64-mingw32/nios2-elf/lib/mno-hw-mul\libsmallc.a(lib_a-exit.o)
 .debug_info    0x0000000000003903      0x5a9 c:/altera_lite/16.0/nios2eds/bin/gnu/h-x86_64-mingw32/bin/../lib/gcc/nios2-elf/5.2.0/../../../../../H-x86_64-mingw32/nios2-elf/lib/mno-hw-mul\libsmallc.a(lib_a-impure.o)
 .debug_info    0x0000000000003eac       0x8a c:/altera_lite/16.0/nios2eds/bin/gnu/h-x86_64-mingw32/bin/../lib/gcc/nios2-elf/5.2.0/../../../../../H-x86_64-mingw32/nios2-elf/lib/mno-hw-mul\libsmallc.a(lib_a-int_errno.o)
 .debug_info    0x0000000000003f36       0xf4 c:/altera_lite/16.0/nios2eds/bin/gnu/h-x86_64-mingw32/bin/../lib/gcc/nios2-elf/5.2.0/../../../../../H-x86_64-mingw32/nios2-elf/lib/mno-hw-mul\libsmallc.a(lib_a-memcmp.o)
 .debug_info    0x000000000000402a      0x672 c:/altera_lite/16.0/nios2eds/bin/gnu/h-x86_64-mingw32/bin/../lib/gcc/nios2-elf/5.2.0/../../../../../H-x86_64-mingw32/nios2-elf/lib/mno-hw-mul\libsmallc.a(lib_a-putc.o)
 .debug_info    0x000000000000469c       0xc9 c:/altera_lite/16.0/nios2eds/bin/gnu/h-x86_64-mingw32/bin/../lib/gcc/nios2-elf/5.2.0/../../../../../H-x86_64-mingw32/nios2-elf/lib/mno-hw-mul\libsmallc.a(lib_a-strlen.o)
 .debug_info    0x0000000000004765      0x67b c:/altera_lite/16.0/nios2eds/bin/gnu/h-x86_64-mingw32/bin/../lib/gcc/nios2-elf/5.2.0/../../../../../H-x86_64-mingw32/nios2-elf/lib/mno-hw-mul\libsmallc.a(lib_a-__call_atexit.o)
 .debug_info    0x0000000000004de0      0x62b c:/altera_lite/16.0/nios2eds/bin/gnu/h-x86_64-mingw32/bin/../lib/gcc/nios2-elf/5.2.0/../../../../../H-x86_64-mingw32/nios2-elf/lib/mno-hw-mul\libsmallc.a(lib_a-fvwrite_small_dev.o)
 .debug_info    0x000000000000540b      0x630 c:/altera_lite/16.0/nios2eds/bin/gnu/h-x86_64-mingw32/bin/../lib/gcc/nios2-elf/5.2.0/../../../../../H-x86_64-mingw32/nios2-elf/lib/mno-hw-mul\libsmallc.a(lib_a-writer.o)
 .debug_info    0x0000000000005a3b       0xb4 c:/altera_lite/16.0/nios2eds/bin/gnu/h-x86_64-mingw32/bin/../lib/gcc/nios2-elf/5.2.0/mno-hw-mul\libgcc.a(lib2-mul.o)
 .debug_info    0x0000000000005aef       0xec ../Task7_bsp/\libhal_bsp.a(alt_exit.o)
 .debug_info    0x0000000000005bdb      0x4b7 ../Task7_bsp/\libhal_bsp.a(alt_write.o)

.debug_abbrev   0x0000000000000000     0x1f34
 *(.debug_abbrev)
 .debug_abbrev  0x0000000000000000       0x12 ../Task7_bsp//obj/HAL/src/crt0.o
 .debug_abbrev  0x0000000000000012       0xb5 obj/default/hello_world.o
 .debug_abbrev  0x00000000000000c7       0x9f ../Task7_bsp/\libhal_bsp.a(alt_load.o)
 .debug_abbrev  0x0000000000000166       0xba ../Task7_bsp/\libhal_bsp.a(alt_main.o)
 .debug_abbrev  0x0000000000000220       0xb0 ../Task7_bsp/\libhal_bsp.a(alt_printf.o)
 .debug_abbrev  0x00000000000002d0      0x1af ../Task7_bsp/\libhal_bsp.a(alt_putchar.o)
 .debug_abbrev  0x000000000000047f      0x157 ../Task7_bsp/\libhal_bsp.a(alt_sys_init.o)
 .debug_abbrev  0x00000000000005d6       0xf7 ../Task7_bsp/\libhal_bsp.a(altera_avalon_jtag_uart_fd.o)
 .debug_abbrev  0x00000000000006cd       0xd5 ../Task7_bsp/\libhal_bsp.a(altera_avalon_jtag_uart_read.o)
 .debug_abbrev  0x00000000000007a2       0xd5 ../Task7_bsp/\libhal_bsp.a(altera_avalon_jtag_uart_write.o)
 .debug_abbrev  0x0000000000000877      0x11f ../Task7_bsp/\libhal_bsp.a(alt_close.o)
 .debug_abbrev  0x0000000000000996       0x42 ../Task7_bsp/\libhal_bsp.a(alt_dcache_flush_all.o)
 .debug_abbrev  0x00000000000009d8       0xd9 ../Task7_bsp/\libhal_bsp.a(alt_dev.o)
 .debug_abbrev  0x0000000000000ab1      0x114 ../Task7_bsp/\libhal_bsp.a(alt_dev_llist_insert.o)
 .debug_abbrev  0x0000000000000bc5       0x5a ../Task7_bsp/\libhal_bsp.a(alt_errno.o)
 .debug_abbrev  0x0000000000000c1f       0x42 ../Task7_bsp/\libhal_bsp.a(alt_icache_flush_all.o)
 .debug_abbrev  0x0000000000000c61      0x114 ../Task7_bsp/\libhal_bsp.a(alt_io_redirect.o)
 .debug_abbrev  0x0000000000000d75      0x148 ../Task7_bsp/\libhal_bsp.a(alt_open.o)
 .debug_abbrev  0x0000000000000ebd       0xde ../Task7_bsp/\libhal_bsp.a(alt_release_fd.o)
 .debug_abbrev  0x0000000000000f9b       0x42 ../Task7_bsp/\libhal_bsp.a(altera_nios2_gen2_irq.o)
 .debug_abbrev  0x0000000000000fdd       0xf0 ../Task7_bsp/\libhal_bsp.a(alt_find_dev.o)
 .debug_abbrev  0x00000000000010cd       0xf0 ../Task7_bsp/\libhal_bsp.a(alt_find_file.o)
 .debug_abbrev  0x00000000000011bd      0x10d ../Task7_bsp/\libhal_bsp.a(alt_get_fd.o)
 .debug_abbrev  0x00000000000012ca       0x8b c:/altera_lite/16.0/nios2eds/bin/gnu/h-x86_64-mingw32/bin/../lib/gcc/nios2-elf/5.2.0/../../../../../H-x86_64-mingw32/nios2-elf/lib/mno-hw-mul\libsmallc.a(lib_a-exit.o)
 .debug_abbrev  0x0000000000001355      0x14a c:/altera_lite/16.0/nios2eds/bin/gnu/h-x86_64-mingw32/bin/../lib/gcc/nios2-elf/5.2.0/../../../../../H-x86_64-mingw32/nios2-elf/lib/mno-hw-mul\libsmallc.a(lib_a-impure.o)
 .debug_abbrev  0x000000000000149f       0x37 c:/altera_lite/16.0/nios2eds/bin/gnu/h-x86_64-mingw32/bin/../lib/gcc/nios2-elf/5.2.0/../../../../../H-x86_64-mingw32/nios2-elf/lib/mno-hw-mul\libsmallc.a(lib_a-int_errno.o)
 .debug_abbrev  0x00000000000014d6       0x7f c:/altera_lite/16.0/nios2eds/bin/gnu/h-x86_64-mingw32/bin/../lib/gcc/nios2-elf/5.2.0/../../../../../H-x86_64-mingw32/nios2-elf/lib/mno-hw-mul\libsmallc.a(lib_a-memcmp.o)
 .debug_abbrev  0x0000000000001555      0x1bd c:/altera_lite/16.0/nios2eds/bin/gnu/h-x86_64-mingw32/bin/../lib/gcc/nios2-elf/5.2.0/../../../../../H-x86_64-mingw32/nios2-elf/lib/mno-hw-mul\libsmallc.a(lib_a-putc.o)
 .debug_abbrev  0x0000000000001712       0x7f c:/altera_lite/16.0/nios2eds/bin/gnu/h-x86_64-mingw32/bin/../lib/gcc/nios2-elf/5.2.0/../../../../../H-x86_64-mingw32/nios2-elf/lib/mno-hw-mul\libsmallc.a(lib_a-strlen.o)
 .debug_abbrev  0x0000000000001791      0x1f6 c:/altera_lite/16.0/nios2eds/bin/gnu/h-x86_64-mingw32/bin/../lib/gcc/nios2-elf/5.2.0/../../../../../H-x86_64-mingw32/nios2-elf/lib/mno-hw-mul\libsmallc.a(lib_a-__call_atexit.o)
 .debug_abbrev  0x0000000000001987      0x1bc c:/altera_lite/16.0/nios2eds/bin/gnu/h-x86_64-mingw32/bin/../lib/gcc/nios2-elf/5.2.0/../../../../../H-x86_64-mingw32/nios2-elf/lib/mno-hw-mul\libsmallc.a(lib_a-fvwrite_small_dev.o)
 .debug_abbrev  0x0000000000001b43      0x1a6 c:/altera_lite/16.0/nios2eds/bin/gnu/h-x86_64-mingw32/bin/../lib/gcc/nios2-elf/5.2.0/../../../../../H-x86_64-mingw32/nios2-elf/lib/mno-hw-mul\libsmallc.a(lib_a-writer.o)
 .debug_abbrev  0x0000000000001ce9       0x6f c:/altera_lite/16.0/nios2eds/bin/gnu/h-x86_64-mingw32/bin/../lib/gcc/nios2-elf/5.2.0/mno-hw-mul\libgcc.a(lib2-mul.o)
 .debug_abbrev  0x0000000000001d58       0xa9 ../Task7_bsp/\libhal_bsp.a(alt_exit.o)
 .debug_abbrev  0x0000000000001e01      0x133 ../Task7_bsp/\libhal_bsp.a(alt_write.o)

.debug_line     0x0000000000000000     0x22e7
 *(.debug_line)
 .debug_line    0x0000000000000000       0x66 ../Task7_bsp//obj/HAL/src/crt0.o
 .debug_line    0x0000000000000066       0xac obj/default/hello_world.o
 .debug_line    0x0000000000000112       0x8e ../Task7_bsp/\libhal_bsp.a(alt_load.o)
 .debug_line    0x00000000000001a0       0x9e ../Task7_bsp/\libhal_bsp.a(alt_main.o)
 .debug_line    0x000000000000023e       0xec ../Task7_bsp/\libhal_bsp.a(alt_printf.o)
 .debug_line    0x000000000000032a      0x11a ../Task7_bsp/\libhal_bsp.a(alt_putchar.o)
 .debug_line    0x0000000000000444      0x127 ../Task7_bsp/\libhal_bsp.a(alt_sys_init.o)
 .debug_line    0x000000000000056b      0x112 ../Task7_bsp/\libhal_bsp.a(altera_avalon_jtag_uart_fd.o)
 .debug_line    0x000000000000067d       0xfd ../Task7_bsp/\libhal_bsp.a(altera_avalon_jtag_uart_read.o)
 .debug_line    0x000000000000077a       0xf4 ../Task7_bsp/\libhal_bsp.a(altera_avalon_jtag_uart_write.o)
 .debug_line    0x000000000000086e      0x163 ../Task7_bsp/\libhal_bsp.a(alt_close.o)
 .debug_line    0x00000000000009d1       0x51 ../Task7_bsp/\libhal_bsp.a(alt_dcache_flush_all.o)
 .debug_line    0x0000000000000a22       0xf5 ../Task7_bsp/\libhal_bsp.a(alt_dev.o)
 .debug_line    0x0000000000000b17       0xd0 ../Task7_bsp/\libhal_bsp.a(alt_dev_llist_insert.o)
 .debug_line    0x0000000000000be7       0x51 ../Task7_bsp/\libhal_bsp.a(alt_errno.o)
 .debug_line    0x0000000000000c38       0x4f ../Task7_bsp/\libhal_bsp.a(alt_icache_flush_all.o)
 .debug_line    0x0000000000000c87      0x132 ../Task7_bsp/\libhal_bsp.a(alt_io_redirect.o)
 .debug_line    0x0000000000000db9      0x12d ../Task7_bsp/\libhal_bsp.a(alt_open.o)
 .debug_line    0x0000000000000ee6       0xb0 ../Task7_bsp/\libhal_bsp.a(alt_release_fd.o)
 .debug_line    0x0000000000000f96       0x51 ../Task7_bsp/\libhal_bsp.a(altera_nios2_gen2_irq.o)
 .debug_line    0x0000000000000fe7       0xb5 ../Task7_bsp/\libhal_bsp.a(alt_find_dev.o)
 .debug_line    0x000000000000109c       0xd1 ../Task7_bsp/\libhal_bsp.a(alt_find_file.o)
 .debug_line    0x000000000000116d       0xd8 ../Task7_bsp/\libhal_bsp.a(alt_get_fd.o)
 .debug_line    0x0000000000001245      0x159 c:/altera_lite/16.0/nios2eds/bin/gnu/h-x86_64-mingw32/bin/../lib/gcc/nios2-elf/5.2.0/../../../../../H-x86_64-mingw32/nios2-elf/lib/mno-hw-mul\libsmallc.a(lib_a-exit.o)
 .debug_line    0x000000000000139e      0x156 c:/altera_lite/16.0/nios2eds/bin/gnu/h-x86_64-mingw32/bin/../lib/gcc/nios2-elf/5.2.0/../../../../../H-x86_64-mingw32/nios2-elf/lib/mno-hw-mul\libsmallc.a(lib_a-impure.o)
 .debug_line    0x00000000000014f4       0x5f c:/altera_lite/16.0/nios2eds/bin/gnu/h-x86_64-mingw32/bin/../lib/gcc/nios2-elf/5.2.0/../../../../../H-x86_64-mingw32/nios2-elf/lib/mno-hw-mul\libsmallc.a(lib_a-int_errno.o)
 .debug_line    0x0000000000001553      0x160 c:/altera_lite/16.0/nios2eds/bin/gnu/h-x86_64-mingw32/bin/../lib/gcc/nios2-elf/5.2.0/../../../../../H-x86_64-mingw32/nios2-elf/lib/mno-hw-mul\libsmallc.a(lib_a-memcmp.o)
 .debug_line    0x00000000000016b3      0x202 c:/altera_lite/16.0/nios2eds/bin/gnu/h-x86_64-mingw32/bin/../lib/gcc/nios2-elf/5.2.0/../../../../../H-x86_64-mingw32/nios2-elf/lib/mno-hw-mul\libsmallc.a(lib_a-putc.o)
 .debug_line    0x00000000000018b5      0x15c c:/altera_lite/16.0/nios2eds/bin/gnu/h-x86_64-mingw32/bin/../lib/gcc/nios2-elf/5.2.0/../../../../../H-x86_64-mingw32/nios2-elf/lib/mno-hw-mul\libsmallc.a(lib_a-strlen.o)
 .debug_line    0x0000000000001a11      0x232 c:/altera_lite/16.0/nios2eds/bin/gnu/h-x86_64-mingw32/bin/../lib/gcc/nios2-elf/5.2.0/../../../../../H-x86_64-mingw32/nios2-elf/lib/mno-hw-mul\libsmallc.a(lib_a-__call_atexit.o)
 .debug_line    0x0000000000001c43      0x1f0 c:/altera_lite/16.0/nios2eds/bin/gnu/h-x86_64-mingw32/bin/../lib/gcc/nios2-elf/5.2.0/../../../../../H-x86_64-mingw32/nios2-elf/lib/mno-hw-mul\libsmallc.a(lib_a-fvwrite_small_dev.o)
 .debug_line    0x0000000000001e33      0x1ed c:/altera_lite/16.0/nios2eds/bin/gnu/h-x86_64-mingw32/bin/../lib/gcc/nios2-elf/5.2.0/../../../../../H-x86_64-mingw32/nios2-elf/lib/mno-hw-mul\libsmallc.a(lib_a-writer.o)
 .debug_line    0x0000000000002020       0x80 c:/altera_lite/16.0/nios2eds/bin/gnu/h-x86_64-mingw32/bin/../lib/gcc/nios2-elf/5.2.0/mno-hw-mul\libgcc.a(lib2-mul.o)
 .debug_line    0x00000000000020a0       0x71 ../Task7_bsp/\libhal_bsp.a(alt_exit.o)
 .debug_line    0x0000000000002111      0x1d6 ../Task7_bsp/\libhal_bsp.a(alt_write.o)

.debug_frame    0x0000000000000000      0x848
 *(.debug_frame)
 .debug_frame   0x0000000000000000       0x50 obj/default/hello_world.o
 .debug_frame   0x0000000000000050       0x5c ../Task7_bsp/\libhal_bsp.a(alt_load.o)
 .debug_frame   0x00000000000000ac       0x2c ../Task7_bsp/\libhal_bsp.a(alt_main.o)
 .debug_frame   0x00000000000000d8       0x38 ../Task7_bsp/\libhal_bsp.a(alt_printf.o)
 .debug_frame   0x0000000000000110       0x38 ../Task7_bsp/\libhal_bsp.a(alt_putchar.o)
 .debug_frame   0x0000000000000148       0x88 ../Task7_bsp/\libhal_bsp.a(alt_sys_init.o)
 .debug_frame   0x00000000000001d0       0x60 ../Task7_bsp/\libhal_bsp.a(altera_avalon_jtag_uart_fd.o)
 .debug_frame   0x0000000000000230       0x34 ../Task7_bsp/\libhal_bsp.a(altera_avalon_jtag_uart_read.o)
 .debug_frame   0x0000000000000264       0x34 ../Task7_bsp/\libhal_bsp.a(altera_avalon_jtag_uart_write.o)
 .debug_frame   0x0000000000000298       0x60 ../Task7_bsp/\libhal_bsp.a(alt_close.o)
 .debug_frame   0x00000000000002f8       0x34 ../Task7_bsp/\libhal_bsp.a(alt_dcache_flush_all.o)
 .debug_frame   0x000000000000032c       0x34 ../Task7_bsp/\libhal_bsp.a(alt_dev.o)
 .debug_frame   0x0000000000000360       0x60 ../Task7_bsp/\libhal_bsp.a(alt_dev_llist_insert.o)
 .debug_frame   0x00000000000003c0       0x34 ../Task7_bsp/\libhal_bsp.a(alt_icache_flush_all.o)
 .debug_frame   0x00000000000003f4       0x64 ../Task7_bsp/\libhal_bsp.a(alt_io_redirect.o)
 .debug_frame   0x0000000000000458       0x8c ../Task7_bsp/\libhal_bsp.a(alt_open.o)
 .debug_frame   0x00000000000004e4       0x3c ../Task7_bsp/\libhal_bsp.a(alt_release_fd.o)
 .debug_frame   0x0000000000000520       0x34 ../Task7_bsp/\libhal_bsp.a(altera_nios2_gen2_irq.o)
 .debug_frame   0x0000000000000554       0x38 ../Task7_bsp/\libhal_bsp.a(alt_find_dev.o)
 .debug_frame   0x000000000000058c       0x38 ../Task7_bsp/\libhal_bsp.a(alt_find_file.o)
 .debug_frame   0x00000000000005c4       0x3c ../Task7_bsp/\libhal_bsp.a(alt_get_fd.o)
 .debug_frame   0x0000000000000600       0x28 c:/altera_lite/16.0/nios2eds/bin/gnu/h-x86_64-mingw32/bin/../lib/gcc/nios2-elf/5.2.0/../../../../../H-x86_64-mingw32/nios2-elf/lib/mno-hw-mul\libsmallc.a(lib_a-exit.o)
 .debug_frame   0x0000000000000628       0x20 c:/altera_lite/16.0/nios2eds/bin/gnu/h-x86_64-mingw32/bin/../lib/gcc/nios2-elf/5.2.0/../../../../../H-x86_64-mingw32/nios2-elf/lib/mno-hw-mul\libsmallc.a(lib_a-memcmp.o)
 .debug_frame   0x0000000000000648       0x50 c:/altera_lite/16.0/nios2eds/bin/gnu/h-x86_64-mingw32/bin/../lib/gcc/nios2-elf/5.2.0/../../../../../H-x86_64-mingw32/nios2-elf/lib/mno-hw-mul\libsmallc.a(lib_a-putc.o)
 .debug_frame   0x0000000000000698       0x20 c:/altera_lite/16.0/nios2eds/bin/gnu/h-x86_64-mingw32/bin/../lib/gcc/nios2-elf/5.2.0/../../../../../H-x86_64-mingw32/nios2-elf/lib/mno-hw-mul\libsmallc.a(lib_a-strlen.o)
 .debug_frame   0x00000000000006b8       0x54 c:/altera_lite/16.0/nios2eds/bin/gnu/h-x86_64-mingw32/bin/../lib/gcc/nios2-elf/5.2.0/../../../../../H-x86_64-mingw32/nios2-elf/lib/mno-hw-mul\libsmallc.a(lib_a-__call_atexit.o)
 .debug_frame   0x000000000000070c       0x58 c:/altera_lite/16.0/nios2eds/bin/gnu/h-x86_64-mingw32/bin/../lib/gcc/nios2-elf/5.2.0/../../../../../H-x86_64-mingw32/nios2-elf/lib/mno-hw-mul\libsmallc.a(lib_a-fvwrite_small_dev.o)
 .debug_frame   0x0000000000000764       0x38 c:/altera_lite/16.0/nios2eds/bin/gnu/h-x86_64-mingw32/bin/../lib/gcc/nios2-elf/5.2.0/../../../../../H-x86_64-mingw32/nios2-elf/lib/mno-hw-mul\libsmallc.a(lib_a-writer.o)
 .debug_frame   0x000000000000079c       0x20 c:/altera_lite/16.0/nios2eds/bin/gnu/h-x86_64-mingw32/bin/../lib/gcc/nios2-elf/5.2.0/mno-hw-mul\libgcc.a(lib2-mul.o)
 .debug_frame   0x00000000000007bc       0x2c ../Task7_bsp/\libhal_bsp.a(alt_exit.o)
 .debug_frame   0x00000000000007e8       0x60 ../Task7_bsp/\libhal_bsp.a(alt_write.o)

.debug_str      0x0000000000000000     0x143e
 *(.debug_str)
 .debug_str     0x0000000000000000      0x132 obj/default/hello_world.o
                                        0x170 (size before relaxing)
 .debug_str     0x0000000000000132      0x17c ../Task7_bsp/\libhal_bsp.a(alt_load.o)
                                        0x222 (size before relaxing)
 .debug_str     0x00000000000002ae       0x70 ../Task7_bsp/\libhal_bsp.a(alt_main.o)
                                        0x1ad (size before relaxing)
 .debug_str     0x000000000000031e       0x48 ../Task7_bsp/\libhal_bsp.a(alt_printf.o)
                                        0x10a (size before relaxing)
 .debug_str     0x0000000000000366      0x38f ../Task7_bsp/\libhal_bsp.a(alt_putchar.o)
                                        0x515 (size before relaxing)
 .debug_str     0x00000000000006f5      0x14a ../Task7_bsp/\libhal_bsp.a(alt_sys_init.o)
                                        0x2e2 (size before relaxing)
 .debug_str     0x000000000000083f       0x77 ../Task7_bsp/\libhal_bsp.a(altera_avalon_jtag_uart_fd.o)
                                        0x2e5 (size before relaxing)
 .debug_str     0x00000000000008b6       0x48 ../Task7_bsp/\libhal_bsp.a(altera_avalon_jtag_uart_read.o)
                                        0x22f (size before relaxing)
 .debug_str     0x00000000000008fe       0x4a ../Task7_bsp/\libhal_bsp.a(altera_avalon_jtag_uart_write.o)
                                        0x225 (size before relaxing)
 .debug_str     0x0000000000000948       0x44 ../Task7_bsp/\libhal_bsp.a(alt_close.o)
                                        0x21b (size before relaxing)
 .debug_str     0x000000000000098c       0x34 ../Task7_bsp/\libhal_bsp.a(alt_dcache_flush_all.o)
                                        0x165 (size before relaxing)
 .debug_str     0x00000000000009c0      0x119 ../Task7_bsp/\libhal_bsp.a(alt_dev.o)
                                        0x315 (size before relaxing)
 .debug_str     0x0000000000000ad9       0x4b ../Task7_bsp/\libhal_bsp.a(alt_dev_llist_insert.o)
                                        0x1dc (size before relaxing)
 .debug_str     0x0000000000000b24       0x14 ../Task7_bsp/\libhal_bsp.a(alt_errno.o)
                                        0x155 (size before relaxing)
 .debug_str     0x0000000000000b38       0x34 ../Task7_bsp/\libhal_bsp.a(alt_icache_flush_all.o)
                                        0x165 (size before relaxing)
 .debug_str     0x0000000000000b6c       0x56 ../Task7_bsp/\libhal_bsp.a(alt_io_redirect.o)
                                        0x326 (size before relaxing)
 .debug_str     0x0000000000000bc2       0x36 ../Task7_bsp/\libhal_bsp.a(alt_open.o)
                                        0x25b (size before relaxing)
 .debug_str     0x0000000000000bf8       0x28 ../Task7_bsp/\libhal_bsp.a(alt_release_fd.o)
                                        0x1e3 (size before relaxing)
 .debug_str     0x0000000000000c20       0x3b ../Task7_bsp/\libhal_bsp.a(altera_nios2_gen2_irq.o)
                                        0x16c (size before relaxing)
 .debug_str     0x0000000000000c5b       0x24 ../Task7_bsp/\libhal_bsp.a(alt_find_dev.o)
                                        0x1fc (size before relaxing)
 .debug_str     0x0000000000000c7f       0x26 ../Task7_bsp/\libhal_bsp.a(alt_find_file.o)
                                        0x20a (size before relaxing)
 .debug_str     0x0000000000000ca5       0x30 ../Task7_bsp/\libhal_bsp.a(alt_get_fd.o)
                                        0x22c (size before relaxing)
 .debug_str     0x0000000000000cd5      0x142 c:/altera_lite/16.0/nios2eds/bin/gnu/h-x86_64-mingw32/bin/../lib/gcc/nios2-elf/5.2.0/../../../../../H-x86_64-mingw32/nios2-elf/lib/mno-hw-mul\libsmallc.a(lib_a-exit.o)
                                        0x1f0 (size before relaxing)
 .debug_str     0x0000000000000e17      0x141 c:/altera_lite/16.0/nios2eds/bin/gnu/h-x86_64-mingw32/bin/../lib/gcc/nios2-elf/5.2.0/../../../../../H-x86_64-mingw32/nios2-elf/lib/mno-hw-mul\libsmallc.a(lib_a-impure.o)
                                        0x4be (size before relaxing)
 .debug_str     0x0000000000000f58       0x3f c:/altera_lite/16.0/nios2eds/bin/gnu/h-x86_64-mingw32/bin/../lib/gcc/nios2-elf/5.2.0/../../../../../H-x86_64-mingw32/nios2-elf/lib/mno-hw-mul\libsmallc.a(lib_a-int_errno.o)
                                        0x1d8 (size before relaxing)
 .debug_str     0x0000000000000f97       0xd9 c:/altera_lite/16.0/nios2eds/bin/gnu/h-x86_64-mingw32/bin/../lib/gcc/nios2-elf/5.2.0/../../../../../H-x86_64-mingw32/nios2-elf/lib/mno-hw-mul\libsmallc.a(lib_a-memcmp.o)
                                        0x1df (size before relaxing)
 .debug_str     0x0000000000001070       0xf7 c:/altera_lite/16.0/nios2eds/bin/gnu/h-x86_64-mingw32/bin/../lib/gcc/nios2-elf/5.2.0/../../../../../H-x86_64-mingw32/nios2-elf/lib/mno-hw-mul\libsmallc.a(lib_a-putc.o)
                                        0x4cb (size before relaxing)
 .debug_str     0x0000000000001167       0x44 c:/altera_lite/16.0/nios2eds/bin/gnu/h-x86_64-mingw32/bin/../lib/gcc/nios2-elf/5.2.0/../../../../../H-x86_64-mingw32/nios2-elf/lib/mno-hw-mul\libsmallc.a(lib_a-strlen.o)
                                        0x1e5 (size before relaxing)
 .debug_str     0x00000000000011ab       0x65 c:/altera_lite/16.0/nios2eds/bin/gnu/h-x86_64-mingw32/bin/../lib/gcc/nios2-elf/5.2.0/../../../../../H-x86_64-mingw32/nios2-elf/lib/mno-hw-mul\libsmallc.a(lib_a-__call_atexit.o)
                                        0x4eb (size before relaxing)
 .debug_str     0x0000000000001210       0x63 c:/altera_lite/16.0/nios2eds/bin/gnu/h-x86_64-mingw32/bin/../lib/gcc/nios2-elf/5.2.0/../../../../../H-x86_64-mingw32/nios2-elf/lib/mno-hw-mul\libsmallc.a(lib_a-fvwrite_small_dev.o)
                                        0x4d4 (size before relaxing)
 .debug_str     0x0000000000001273       0x45 c:/altera_lite/16.0/nios2eds/bin/gnu/h-x86_64-mingw32/bin/../lib/gcc/nios2-elf/5.2.0/../../../../../H-x86_64-mingw32/nios2-elf/lib/mno-hw-mul\libsmallc.a(lib_a-writer.o)
                                        0x4b8 (size before relaxing)
 .debug_str     0x00000000000012b8      0x148 c:/altera_lite/16.0/nios2eds/bin/gnu/h-x86_64-mingw32/bin/../lib/gcc/nios2-elf/5.2.0/mno-hw-mul\libgcc.a(lib2-mul.o)
                                        0x193 (size before relaxing)
 .debug_str     0x0000000000001400       0x2a ../Task7_bsp/\libhal_bsp.a(alt_exit.o)
                                        0x161 (size before relaxing)
 .debug_str     0x000000000000142a       0x14 ../Task7_bsp/\libhal_bsp.a(alt_write.o)
                                        0x308 (size before relaxing)

.debug_loc      0x0000000000000000      0x535
 *(.debug_loc)
 .debug_loc     0x0000000000000000       0x1e c:/altera_lite/16.0/nios2eds/bin/gnu/h-x86_64-mingw32/bin/../lib/gcc/nios2-elf/5.2.0/../../../../../H-x86_64-mingw32/nios2-elf/lib/mno-hw-mul\libsmallc.a(lib_a-exit.o)
 .debug_loc     0x000000000000001e       0x94 c:/altera_lite/16.0/nios2eds/bin/gnu/h-x86_64-mingw32/bin/../lib/gcc/nios2-elf/5.2.0/../../../../../H-x86_64-mingw32/nios2-elf/lib/mno-hw-mul\libsmallc.a(lib_a-memcmp.o)
 .debug_loc     0x00000000000000b2       0xc6 c:/altera_lite/16.0/nios2eds/bin/gnu/h-x86_64-mingw32/bin/../lib/gcc/nios2-elf/5.2.0/../../../../../H-x86_64-mingw32/nios2-elf/lib/mno-hw-mul\libsmallc.a(lib_a-putc.o)
 .debug_loc     0x0000000000000178       0x1e c:/altera_lite/16.0/nios2eds/bin/gnu/h-x86_64-mingw32/bin/../lib/gcc/nios2-elf/5.2.0/../../../../../H-x86_64-mingw32/nios2-elf/lib/mno-hw-mul\libsmallc.a(lib_a-strlen.o)
 .debug_loc     0x0000000000000196      0x157 c:/altera_lite/16.0/nios2eds/bin/gnu/h-x86_64-mingw32/bin/../lib/gcc/nios2-elf/5.2.0/../../../../../H-x86_64-mingw32/nios2-elf/lib/mno-hw-mul\libsmallc.a(lib_a-__call_atexit.o)
 .debug_loc     0x00000000000002ed      0x110 c:/altera_lite/16.0/nios2eds/bin/gnu/h-x86_64-mingw32/bin/../lib/gcc/nios2-elf/5.2.0/../../../../../H-x86_64-mingw32/nios2-elf/lib/mno-hw-mul\libsmallc.a(lib_a-fvwrite_small_dev.o)
 .debug_loc     0x00000000000003fd       0xa5 c:/altera_lite/16.0/nios2eds/bin/gnu/h-x86_64-mingw32/bin/../lib/gcc/nios2-elf/5.2.0/../../../../../H-x86_64-mingw32/nios2-elf/lib/mno-hw-mul\libsmallc.a(lib_a-writer.o)
 .debug_loc     0x00000000000004a2       0x93 c:/altera_lite/16.0/nios2eds/bin/gnu/h-x86_64-mingw32/bin/../lib/gcc/nios2-elf/5.2.0/mno-hw-mul\libgcc.a(lib2-mul.o)

.debug_macinfo
 *(.debug_macinfo)

.debug_weaknames
 *(.debug_weaknames)

.debug_funcnames
 *(.debug_funcnames)

.debug_typenames
 *(.debug_typenames)

.debug_varnames
 *(.debug_varnames)

.debug_alt_sim_info
                0x0000000000000000       0x10
 *(.debug_alt_sim_info)
 .debug_alt_sim_info
                0x0000000000000000       0x10 ../Task7_bsp//obj/HAL/src/crt0.o
                0x0000000000fff800                __alt_data_end = 0xfff800
                0x0000000000fff800                PROVIDE (__alt_stack_pointer, __alt_data_end)
                [!provide]                        PROVIDE (__alt_stack_limit, __alt_stack_base)
                [!provide]                        PROVIDE (__alt_exception_stack_pointer, 0x1000000)
                [!provide]                        PROVIDE (__alt_exception_stack_limit, 0xfffc00)
                [!provide]                        PROVIDE (__alt_interrupt_stack_pointer, 0xfffc00)
                [!provide]                        PROVIDE (__alt_interrupt_stack_limit, 0xfff800)
                [!provide]                        PROVIDE (__alt_heap_start, end)
                [!provide]                        PROVIDE (__alt_heap_limit, 0xfff800)
OUTPUT(Task7.elf elf32-littlenios2)

.debug_ranges   0x0000000000000000       0xe0
 .debug_ranges  0x0000000000000000       0x20 ../Task7_bsp//obj/HAL/src/crt0.o
 .debug_ranges  0x0000000000000020       0x18 ../Task7_bsp/\libhal_bsp.a(altera_avalon_jtag_uart_read.o)
 .debug_ranges  0x0000000000000038       0x10 c:/altera_lite/16.0/nios2eds/bin/gnu/h-x86_64-mingw32/bin/../lib/gcc/nios2-elf/5.2.0/../../../../../H-x86_64-mingw32/nios2-elf/lib/mno-hw-mul\libsmallc.a(lib_a-exit.o)
 .debug_ranges  0x0000000000000048       0x10 c:/altera_lite/16.0/nios2eds/bin/gnu/h-x86_64-mingw32/bin/../lib/gcc/nios2-elf/5.2.0/../../../../../H-x86_64-mingw32/nios2-elf/lib/mno-hw-mul\libsmallc.a(lib_a-memcmp.o)
 .debug_ranges  0x0000000000000058       0x18 c:/altera_lite/16.0/nios2eds/bin/gnu/h-x86_64-mingw32/bin/../lib/gcc/nios2-elf/5.2.0/../../../../../H-x86_64-mingw32/nios2-elf/lib/mno-hw-mul\libsmallc.a(lib_a-putc.o)
 .debug_ranges  0x0000000000000070       0x10 c:/altera_lite/16.0/nios2eds/bin/gnu/h-x86_64-mingw32/bin/../lib/gcc/nios2-elf/5.2.0/../../../../../H-x86_64-mingw32/nios2-elf/lib/mno-hw-mul\libsmallc.a(lib_a-strlen.o)
 .debug_ranges  0x0000000000000080       0x28 c:/altera_lite/16.0/nios2eds/bin/gnu/h-x86_64-mingw32/bin/../lib/gcc/nios2-elf/5.2.0/../../../../../H-x86_64-mingw32/nios2-elf/lib/mno-hw-mul\libsmallc.a(lib_a-__call_atexit.o)
 .debug_ranges  0x00000000000000a8       0x28 c:/altera_lite/16.0/nios2eds/bin/gnu/h-x86_64-mingw32/bin/../lib/gcc/nios2-elf/5.2.0/../../../../../H-x86_64-mingw32/nios2-elf/lib/mno-hw-mul\libsmallc.a(lib_a-fvwrite_small_dev.o)
 .debug_ranges  0x00000000000000d0       0x10 c:/altera_lite/16.0/nios2eds/bin/gnu/h-x86_64-mingw32/bin/../lib/gcc/nios2-elf/5.2.0/../../../../../H-x86_64-mingw32/nios2-elf/lib/mno-hw-mul\libsmallc.a(lib_a-writer.o)
