------------------------------------------------------------
TimeQuest Timing Analyzer Summary
------------------------------------------------------------

Type  : Slow 1100mV 85C Model Setup 'clk'
Slack : -0.344
TNS   : -0.687

Type  : Slow 1100mV 85C Model Hold 'clk'
Slack : 0.374
TNS   : 0.000

Type  : Slow 1100mV 85C Model Minimum Pulse Width 'clk'
Slack : -0.394
TNS   : -1.573

Type  : Slow 1100mV 0C Model Setup 'clk'
Slack : -0.253
TNS   : -0.523

Type  : Slow 1100mV 0C Model Hold 'clk'
Slack : 0.391
TNS   : 0.000

Type  : Slow 1100mV 0C Model Minimum Pulse Width 'clk'
Slack : -0.394
TNS   : -1.660

Type  : Fast 1100mV 85C Model Setup 'clk'
Slack : 0.251
TNS   : 0.000

Type  : Fast 1100mV 85C Model Hold 'clk'
Slack : 0.181
TNS   : 0.000

Type  : Fast 1100mV 85C Model Minimum Pulse Width 'clk'
Slack : -0.094
TNS   : -0.279

Type  : Fast 1100mV 0C Model Setup 'clk'
Slack : 0.316
TNS   : 0.000

Type  : Fast 1100mV 0C Model Hold 'clk'
Slack : 0.171
TNS   : 0.000

Type  : Fast 1100mV 0C Model Minimum Pulse Width 'clk'
Slack : -0.091
TNS   : -0.269

------------------------------------------------------------
