Archive member included to satisfy reference by file (symbol)

c:/altera_lite/16.0/nios2eds/bin/gnu/h-x86_64-mingw32/bin/../lib/gcc/nios2-elf/5.2.0/mno-hw-mul\libgcc.a(lib2-divmod.o)
                              obj/default/hello_world.o (__divsi3)
c:/altera_lite/16.0/nios2eds/bin/gnu/h-x86_64-mingw32/bin/../lib/gcc/nios2-elf/5.2.0/mno-hw-mul\libgcc.a(lib2-mul.o)
                              obj/default/hello_world.o (__mulsi3)
c:/altera_lite/16.0/nios2eds/bin/gnu/h-x86_64-mingw32/bin/../lib/gcc/nios2-elf/5.2.0/../../../../../H-x86_64-mingw32/nios2-elf/lib/mno-hw-mul\libsmallc.a(lib_a-calloc.o)
                              obj/default/hello_world.o (calloc)
c:/altera_lite/16.0/nios2eds/bin/gnu/h-x86_64-mingw32/bin/../lib/gcc/nios2-elf/5.2.0/../../../../../H-x86_64-mingw32/nios2-elf/lib/mno-hw-mul\libsmallc.a(lib_a-impure.o)
                              obj/default/hello_world.o (_impure_ptr)
c:/altera_lite/16.0/nios2eds/bin/gnu/h-x86_64-mingw32/bin/../lib/gcc/nios2-elf/5.2.0/../../../../../H-x86_64-mingw32/nios2-elf/lib/mno-hw-mul\libsmallc.a(lib_a-malloc.o)
                              obj/default/hello_world.o (free)
c:/altera_lite/16.0/nios2eds/bin/gnu/h-x86_64-mingw32/bin/../lib/gcc/nios2-elf/5.2.0/../../../../../H-x86_64-mingw32/nios2-elf/lib/mno-hw-mul\libsmallc.a(lib_a-memcpy.o)
                              obj/default/hello_world.o (memcpy)
c:/altera_lite/16.0/nios2eds/bin/gnu/h-x86_64-mingw32/bin/../lib/gcc/nios2-elf/5.2.0/../../../../../H-x86_64-mingw32/nios2-elf/lib/mno-hw-mul\libsmallc.a(lib_a-memset.o)
                              obj/default/hello_world.o (memset)
c:/altera_lite/16.0/nios2eds/bin/gnu/h-x86_64-mingw32/bin/../lib/gcc/nios2-elf/5.2.0/../../../../../H-x86_64-mingw32/nios2-elf/lib/mno-hw-mul\libsmallc.a(lib_a-nano-callocr.o)
                              c:/altera_lite/16.0/nios2eds/bin/gnu/h-x86_64-mingw32/bin/../lib/gcc/nios2-elf/5.2.0/../../../../../H-x86_64-mingw32/nios2-elf/lib/mno-hw-mul\libsmallc.a(lib_a-calloc.o) (_calloc_r)
c:/altera_lite/16.0/nios2eds/bin/gnu/h-x86_64-mingw32/bin/../lib/gcc/nios2-elf/5.2.0/../../../../../H-x86_64-mingw32/nios2-elf/lib/mno-hw-mul\libsmallc.a(lib_a-nano-freer.o)
                              c:/altera_lite/16.0/nios2eds/bin/gnu/h-x86_64-mingw32/bin/../lib/gcc/nios2-elf/5.2.0/../../../../../H-x86_64-mingw32/nios2-elf/lib/mno-hw-mul\libsmallc.a(lib_a-malloc.o) (_free_r)
c:/altera_lite/16.0/nios2eds/bin/gnu/h-x86_64-mingw32/bin/../lib/gcc/nios2-elf/5.2.0/../../../../../H-x86_64-mingw32/nios2-elf/lib/mno-hw-mul\libsmallc.a(lib_a-nano-mallocr.o)
                              c:/altera_lite/16.0/nios2eds/bin/gnu/h-x86_64-mingw32/bin/../lib/gcc/nios2-elf/5.2.0/../../../../../H-x86_64-mingw32/nios2-elf/lib/mno-hw-mul\libsmallc.a(lib_a-malloc.o) (_malloc_r)
c:/altera_lite/16.0/nios2eds/bin/gnu/h-x86_64-mingw32/bin/../lib/gcc/nios2-elf/5.2.0/../../../../../H-x86_64-mingw32/nios2-elf/lib/mno-hw-mul\libsmallc.a(lib_a-putc.o)
                              obj/default/hello_world.o (putc)
c:/altera_lite/16.0/nios2eds/bin/gnu/h-x86_64-mingw32/bin/../lib/gcc/nios2-elf/5.2.0/../../../../../H-x86_64-mingw32/nios2-elf/lib/mno-hw-mul\libsmallc.a(lib_a-sbrkr.o)
                              c:/altera_lite/16.0/nios2eds/bin/gnu/h-x86_64-mingw32/bin/../lib/gcc/nios2-elf/5.2.0/../../../../../H-x86_64-mingw32/nios2-elf/lib/mno-hw-mul\libsmallc.a(lib_a-nano-mallocr.o) (_sbrk_r)
c:/altera_lite/16.0/nios2eds/bin/gnu/h-x86_64-mingw32/bin/../lib/gcc/nios2-elf/5.2.0/../../../../../H-x86_64-mingw32/nios2-elf/lib/mno-hw-mul\libsmallc.a(lib_a-strlen.o)
                              obj/default/hello_world.o (strlen)
c:/altera_lite/16.0/nios2eds/bin/gnu/h-x86_64-mingw32/bin/../lib/gcc/nios2-elf/5.2.0/../../../../../H-x86_64-mingw32/nios2-elf/lib/mno-hw-mul\libsmallc.a(lib_a-fvwrite_small_dev.o)
                              c:/altera_lite/16.0/nios2eds/bin/gnu/h-x86_64-mingw32/bin/../lib/gcc/nios2-elf/5.2.0/../../../../../H-x86_64-mingw32/nios2-elf/lib/mno-hw-mul\libsmallc.a(lib_a-putc.o) (__sfvwrite_small_dev)
c:/altera_lite/16.0/nios2eds/bin/gnu/h-x86_64-mingw32/bin/../lib/gcc/nios2-elf/5.2.0/../../../../../H-x86_64-mingw32/nios2-elf/lib/mno-hw-mul\libsmallc.a(lib_a-int_errno.o)
                              c:/altera_lite/16.0/nios2eds/bin/gnu/h-x86_64-mingw32/bin/../lib/gcc/nios2-elf/5.2.0/../../../../../H-x86_64-mingw32/nios2-elf/lib/mno-hw-mul\libsmallc.a(lib_a-sbrkr.o) (errno)
c:/altera_lite/16.0/nios2eds/bin/gnu/h-x86_64-mingw32/bin/../lib/gcc/nios2-elf/5.2.0/../../../../../H-x86_64-mingw32/nios2-elf/lib/mno-hw-mul\libsmallc.a(lib_a-writer.o)
                              c:/altera_lite/16.0/nios2eds/bin/gnu/h-x86_64-mingw32/bin/../lib/gcc/nios2-elf/5.2.0/../../../../../H-x86_64-mingw32/nios2-elf/lib/mno-hw-mul\libsmallc.a(lib_a-fvwrite_small_dev.o) (_write_r)
../C_eng_job_bsp/\libhal_bsp.a(alt_load.o)
                              ../C_eng_job_bsp//obj/HAL/src/crt0.o (alt_load)
../C_eng_job_bsp/\libhal_bsp.a(alt_main.o)
[...]
Memory Configuration

Name             Origin             Length             Attributes
reset            0x0000000000800000 0x0000000000000020
SDRAM_Controller 0x0000000000800020 0x00000000007fffe0
*default*        0x0000000000000000 0xffffffffffffffff

Linker script and memory map

LOAD ../C_eng_job_bsp//obj/HAL/src/crt0.o
LOAD obj/default/hello_world.o
LOAD c:/altera_lite/16.0/nios2eds/bin/gnu/h-x86_64-mingw32/bin/../lib/gcc/nios2-elf/5.2.0/../../../../../H-x86_64-mingw32/nios2-elf/lib/mno-hw-mul\libstdc++.a
LOAD c:/altera_lite/16.0/nios2eds/bin/gnu/h-x86_64-mingw32/bin/../lib/gcc/nios2-elf/5.2.0/../../../../../H-x86_64-mingw32/nios2-elf/lib/mno-hw-mul\libm.a
LOAD c:/altera_lite/16.0/nios2eds/bin/gnu/h-x86_64-mingw32/bin/../lib/gcc/nios2-elf/5.2.0/mno-hw-mul\libgcc.a
START GROUP
LOAD c:/altera_lite/16.0/nios2eds/bin/gnu/h-x86_64-mingw32/bin/../lib/gcc/nios2-elf/5.2.0/../../../../../H-x86_64-mingw32/nios2-elf/lib/mno-hw-mul\libsmallc.a
LOAD c:/altera_lite/16.0/nios2eds/bin/gnu/h-x86_64-mingw32/bin/../lib/gcc/nios2-elf/5.2.0/mno-hw-mul\libgcc.a
LOAD ../C_eng_job_bsp/\libhal_bsp.a
LOAD c:/altera_lite/16.0/nios2eds/bin/gnu/h-x86_64-mingw32/bin/../lib/gcc/nios2-elf/5.2.0/../../../../../H-x86_64-mingw32/nios2-elf/lib/mno-hw-mul\libm.a
END GROUP
LOAD c:/altera_lite/16.0/nios2eds/bin/gnu/h-x86_64-mingw32/bin/../lib/gcc/nios2-elf/5.2.0/mno-hw-mul\libgcc.a
                0x0000000000800000                __alt_mem_SDRAM_Controller = 0x800000

.entry          0x0000000000800000       0x20
 *(.entry)
 .entry         0x0000000000800000       0x20 ../C_eng_job_bsp//obj/HAL/src/crt0.o
                0x0000000000800000                __reset
                0x000000000080000c                _exit

.exceptions     0x0000000000800020      0x160
                0x0000000000800020                PROVIDE (__ram_exceptions_start, ABSOLUTE (.))
                0x0000000000800020                . = ALIGN (0x20)
 *(.irq)
 *(.exceptions.entry.label)
 .exceptions.entry.label
                0x0000000000800020        0x0 ../C_eng_job_bsp/\libhal_bsp.a(alt_irq_entry.o)
                0x0000000000800020                alt_irq_entry
 .exceptions.entry.label
                0x0000000000800020        0x0 ../C_eng_job_bsp/\libhal_bsp.a(alt_exception_entry.o)
                0x0000000000800020                alt_exception
 *(.exceptions.entry.user)
 *(.exceptions.entry.ecc_fatal)
 *(.exceptions.entry)
 .exceptions.entry
                0x0000000000800020       0x54 ../C_eng_job_bsp/\libhal_bsp.a(alt_exception_entry.o)
 *(.exceptions.irqtest.user)
 *(.exceptions.irqtest)
 .exceptions.irqtest
                0x0000000000800074       0x10 ../C_eng_job_bsp/\libhal_bsp.a(alt_irq_entry.o)
 *(.exceptions.irqhandler.user)
 *(.exceptions.irqhandler)
 .exceptions.irqhandler
                0x0000000000800084        0x4 ../C_eng_job_bsp/\libhal_bsp.a(alt_irq_entry.o)
 *(.exceptions.irqreturn.user)
 *(.exceptions.irqreturn)
 .exceptions.irqreturn
                0x0000000000800088        0x4 ../C_eng_job_bsp/\libhal_bsp.a(alt_irq_entry.o)
 *(.exceptions.notirq.label)
 .exceptions.notirq.label
                0x000000000080008c        0x0 ../C_eng_job_bsp/\libhal_bsp.a(alt_irq_entry.o)
 *(.exceptions.notirq.user)
 *(.exceptions.notirq)
 .exceptions.notirq
                0x000000000080008c        0x8 ../C_eng_job_bsp/\libhal_bsp.a(alt_exception_entry.o)
 *(.exceptions.soft.user)
 *(.exceptions.soft)
 *(.exceptions.unknown.user)
 *(.exceptions.unknown)
 .exceptions.unknown
                0x0000000000800094       0x14 ../C_eng_job_bsp/\libhal_bsp.a(alt_exception_entry.o)
 *(.exceptions.exit.label)
 .exceptions.exit.label
                0x00000000008000a8        0x0 ../C_eng_job_bsp/\libhal_bsp.a(alt_irq_entry.o)
 .exceptions.exit.label
                0x00000000008000a8        0x0 ../C_eng_job_bsp/\libhal_bsp.a(alt_exception_entry.o)
 *(.exceptions.exit.user)
 *(.exceptions.exit)
 .exceptions.exit
                0x00000000008000a8       0x54 ../C_eng_job_bsp/\libhal_bsp.a(alt_exception_entry.o)
 *(.exceptions)
 .exceptions    0x00000000008000fc       0x60 ../C_eng_job_bsp/\libhal_bsp.a(alt_irq_handler.o)
                0x00000000008000fc                alt_irq_handler
 .exceptions    0x000000000080015c       0x24 ../C_eng_job_bsp/\libhal_bsp.a(alt_instruction_exception_entry.o)
                0x000000000080015c                alt_instruction_exception_entry
                0x0000000000800180                PROVIDE (__ram_exceptions_end, ABSOLUTE (.))
                0x0000000000800020                PROVIDE (__flash_exceptions_start, LOADADDR (.exceptions))

.text           0x0000000000800180     0x3574
                [!provide]                        PROVIDE (stext, ABSOLUTE (.))
 *(.interp)
 *(.hash)
 *(.dynsym)
 *(.dynstr)
 *(.gnu.version)
 *(.gnu.version_d)
 *(.gnu.version_r)
 *(.rel.init)
 *(.rela.init)
 *(.rel.text .rel.text.* .rel.gnu.linkonce.t.*)
 *(.rela.text .rela.text.* .rela.gnu.linkonce.t.*)
 *(.rel.fini)
 *(.rela.fini)
 *(.rel.rodata .rel.rodata.* .rel.gnu.linkonce.r.*)
 *(.rela.rodata .rela.rodata.* .rela.gnu.linkonce.r.*)
 *(.rel.data .rel.data.* .rel.gnu.linkonce.d.*)
 *(.rela.data .rela.data.* .rela.gnu.linkonce.d.*)
 *(.rel.tdata .rel.tdata.* .rel.gnu.linkonce.td.*)
 *(.rela.tdata .rela.tdata.* .rela.gnu.linkonce.td.*)
 *(.rel.tbss .rel.tbss.* .rel.gnu.linkonce.tb.*)
 *(.rela.tbss .rela.tbss.* .rela.gnu.linkonce.tb.*)
 *(.rel.ctors)
 *(.rela.ctors)
 *(.rel.dtors)
 *(.rela.dtors)
 *(.rel.got)
 *(.rela.got)
 *(.rel.sdata .rel.sdata.* .rel.gnu.linkonce.s.*)
 *(.rela.sdata .rela.sdata.* .rela.gnu.linkonce.s.*)
 *(.rel.sbss .rel.sbss.* .rel.gnu.linkonce.sb.*)
 *(.rela.sbss .rela.sbss.* .rela.gnu.linkonce.sb.*)
 *(.rel.sdata2 .rel.sdata2.* .rel.gnu.linkonce.s2.*)
 *(.rela.sdata2 .rela.sdata2.* .rela.gnu.linkonce.s2.*)
 *(.rel.sbss2 .rel.sbss2.* .rel.gnu.linkonce.sb2.*)
 *(.rela.sbss2 .rela.sbss2.* .rela.gnu.linkonce.sb2.*)
 *(.rel.bss .rel.bss.* .rel.gnu.linkonce.b.*)
 *(.rela.bss .rela.bss.* .rela.gnu.linkonce.b.*)
 *(.rel.plt)
 *(.rela.plt)
 *(.rel.dyn)
 *(.init)
 *(.plt)
 *(.text .stub .text.* .gnu.linkonce.t.*)
 .text          0x0000000000800180       0x3c ../C_eng_job_bsp//obj/HAL/src/crt0.o
                0x0000000000800180                _start
 .text          0x00000000008001bc     0x1ee4 obj/default/hello_world.o
                0x00000000008001bc                main
                0x00000000008009b0                read_temp
                0x0000000000800a3c                read_light
                0x0000000000800ac8                config_time_base
                0x0000000000800afc                init_measurement
                0x0000000000800b48                draw_graph
                0x0000000000800c5c                update_graph
                0x0000000000800ce8                read_accelerometerX
                0x0000000000800df4                print_pix
                0x0000000000800ea0                print_hline
                0x0000000000800f70                print_vline
                0x0000000000801040                print_char
                0x000000000080114c                print_str
                0x00000000008011f4                print_symmetry_dots_circle
                0x000000000080134c                print_empty_circle
                0x00000000008014a8                print_circle
                0x000000000080151c                clear_screen
                0x00000000008015a0                read_pixel_ram_int
                0x0000000000801604                print_welcome_screen
                0x00000000008016ac                queue_init
                0x0000000000801700                queue_enqueue
                0x000000000080185c                queue_dequeue
                0x00000000008018c4                queue_print
                0x0000000000801950                queue_print_screen
                0x0000000000801d58                i2bcd
                0x0000000000801e20                update_time
 .text          0x00000000008020a0      0x1b4 c:/altera_lite/16.0/nios2eds/bin/gnu/h-x86_64-mingw32/bin/../lib/gcc/nios2-elf/5.2.0/mno-hw-mul\libgcc.a(lib2-divmod.o)
                0x00000000008020a0                __divsi3
                0x0000000000802124                __modsi3
                0x0000000000802198                __udivsi3
                0x00000000008021fc                __umodsi3
 .text          0x0000000000802254       0x28 c:/altera_lite/16.0/nios2eds/bin/gnu/h-x86_64-mingw32/bin/../lib/gcc/nios2-elf/5.2.0/mno-hw-mul\libgcc.a(lib2-mul.o)
                0x0000000000802254                __mulsi3
 .text          0x000000000080227c        0x0 c:/altera_lite/16.0/nios2eds/bin/gnu/h-x86_64-mingw32/bin/../lib/gcc/nios2-elf/5.2.0/../../../../../H-x86_64-mingw32/nios2-elf/lib/mno-hw-mul\libsmallc.a(lib_a-calloc.o)
 .text.calloc   0x000000000080227c       0x18 c:/altera_lite/16.0/nios2eds/bin/gnu/h-x86_64-mingw32/bin/../lib/gcc/nios2-elf/5.2.0/../../../../../H-x86_64-mingw32/nios2-elf/lib/mno-hw-mul\libsmallc.a(lib_a-calloc.o)
                0x000000000080227c                calloc
 .text          0x0000000000802294        0x0 c:/altera_lite/16.0/nios2eds/bin/gnu/h-x86_64-mingw32/bin/../lib/gcc/nios2-elf/5.2.0/../../../../../H-x86_64-mingw32/nios2-elf/lib/mno-hw-mul\libsmallc.a(lib_a-impure.o)
 .text          0x0000000000802294        0x0 c:/altera_lite/16.0/nios2eds/bin/gnu/h-x86_64-mingw32/bin/../lib/gcc/nios2-elf/5.2.0/../../../../../H-x86_64-mingw32/nios2-elf/lib/mno-hw-mul\libsmallc.a(lib_a-malloc.o)
 .text.malloc   0x0000000000802294       0x14 c:/altera_lite/16.0/nios2eds/bin/gnu/h-x86_64-mingw32/bin/../lib/gcc/nios2-elf/5.2.0/../../../../../H-x86_64-mingw32/nios2-elf/lib/mno-hw-mul\libsmallc.a(lib_a-malloc.o)
                0x0000000000802294                malloc
 .text.free     0x00000000008022a8       0x14 c:/altera_lite/16.0/nios2eds/bin/gnu/h-x86_64-mingw32/bin/../lib/gcc/nios2-elf/5.2.0/../../../../../H-x86_64-mingw32/nios2-elf/lib/mno-hw-mul\libsmallc.a(lib_a-malloc.o)
                0x00000000008022a8                free
 .text          0x00000000008022bc        0x0 c:/altera_lite/16.0/nios2eds/bin/gnu/h-x86_64-mingw32/bin/../lib/gcc/nios2-elf/5.2.0/../../../../../H-x86_64-mingw32/nios2-elf/lib/mno-hw-mul\libsmallc.a(lib_a-memcpy.o)
 .text.memcpy   0x00000000008022bc       0x28 c:/altera_lite/16.0/nios2eds/bin/gnu/h-x86_64-mingw32/bin/../lib/gcc/nios2-elf/5.2.0/../../../../../H-x86_64-mingw32/nios2-elf/lib/mno-hw-mul\libsmallc.a(lib_a-memcpy.o)
                0x00000000008022bc                memcpy
 .text          0x00000000008022e4        0x0 c:/altera_lite/16.0/nios2eds/bin/gnu/h-x86_64-mingw32/bin/../lib/gcc/nios2-elf/5.2.0/../../../../../H-x86_64-mingw32/nios2-elf/lib/mno-hw-mul\libsmallc.a(lib_a-memset.o)
 .text.memset   0x00000000008022e4       0x20 c:/altera_lite/16.0/nios2eds/bin/gnu/h-x86_64-mingw32/bin/../lib/gcc/nios2-elf/5.2.0/../../../../../H-x86_64-mingw32/nios2-elf/lib/mno-hw-mul\libsmallc.a(lib_a-memset.o)
                0x00000000008022e4                memset
 .text          0x0000000000802304        0x0 c:/altera_lite/16.0/nios2eds/bin/gnu/h-x86_64-mingw32/bin/../lib/gcc/nios2-elf/5.2.0/../../../../../H-x86_64-mingw32/nios2-elf/lib/mno-hw-mul\libsmallc.a(lib_a-nano-callocr.o)
 .text._calloc_r
                0x0000000000802304       0x60 c:/altera_lite/16.0/nios2eds/bin/gnu/h-x86_64-mingw32/bin/../lib/gcc/nios2-elf/5.2.0/../../../../../H-x86_64-mingw32/nios2-elf/lib/mno-hw-mul\libsmallc.a(lib_a-nano-callocr.o)
                0x0000000000802304                _calloc_r
 .text          0x0000000000802364        0x0 c:/altera_lite/16.0/nios2eds/bin/gnu/h-x86_64-mingw32/bin/../lib/gcc/nios2-elf/5.2.0/../../../../../H-x86_64-mingw32/nios2-elf/lib/mno-hw-mul\libsmallc.a(lib_a-nano-freer.o)
 .text._free_r  0x0000000000802364       0xe4 c:/altera_lite/16.0/nios2eds/bin/gnu/h-x86_64-mingw32/bin/../lib/gcc/nios2-elf/5.2.0/../../../../../H-x86_64-mingw32/nios2-elf/lib/mno-hw-mul\libsmallc.a(lib_a-nano-freer.o)
                0x0000000000802364                _free_r
 .text          0x0000000000802448        0x0 c:/altera_lite/16.0/nios2eds/bin/gnu/h-x86_64-mingw32/bin/../lib/gcc/nios2-elf/5.2.0/../../../../../H-x86_64-mingw32/nios2-elf/lib/mno-hw-mul\libsmallc.a(lib_a-nano-mallocr.o)
 .text._malloc_r
                0x0000000000802448      0x158 c:/altera_lite/16.0/nios2eds/bin/gnu/h-x86_64-mingw32/bin/../lib/gcc/nios2-elf/5.2.0/../../../../../H-x86_64-mingw32/nios2-elf/lib/mno-hw-mul\libsmallc.a(lib_a-nano-mallocr.o)
                0x0000000000802448                _malloc_r
 .text          0x00000000008025a0        0x0 c:/altera_lite/16.0/nios2eds/bin/gnu/h-x86_64-mingw32/bin/../lib/gcc/nios2-elf/5.2.0/../../../../../H-x86_64-mingw32/nios2-elf/lib/mno-hw-mul\libsmallc.a(lib_a-putc.o)
 .text.putc     0x00000000008025a0       0x54 c:/altera_lite/16.0/nios2eds/bin/gnu/h-x86_64-mingw32/bin/../lib/gcc/nios2-elf/5.2.0/../../../../../H-x86_64-mingw32/nios2-elf/lib/mno-hw-mul\libsmallc.a(lib_a-putc.o)
                0x00000000008025a0                putc
 .text._putc_r  0x00000000008025f4       0x58 c:/altera_lite/16.0/nios2eds/bin/gnu/h-x86_64-mingw32/bin/../lib/gcc/nios2-elf/5.2.0/../../../../../H-x86_64-mingw32/nios2-elf/lib/mno-hw-mul\libsmallc.a(lib_a-putc.o)
                0x00000000008025f4                _putc_r
 .text          0x000000000080264c        0x0 c:/altera_lite/16.0/nios2eds/bin/gnu/h-x86_64-mingw32/bin/../lib/gcc/nios2-elf/5.2.0/../../../../../H-x86_64-mingw32/nios2-elf/lib/mno-hw-mul\libsmallc.a(lib_a-sbrkr.o)
 .text._sbrk_r  0x000000000080264c       0x50 c:/altera_lite/16.0/nios2eds/bin/gnu/h-x86_64-mingw32/bin/../lib/gcc/nios2-elf/5.2.0/../../../../../H-x86_64-mingw32/nios2-elf/lib/mno-hw-mul\libsmallc.a(lib_a-sbrkr.o)
                0x000000000080264c                _sbrk_r
 .text          0x000000000080269c        0x0 c:/altera_lite/16.0/nios2eds/bin/gnu/h-x86_64-mingw32/bin/../lib/gcc/nios2-elf/5.2.0/../../../../../H-x86_64-mingw32/nios2-elf/lib/mno-hw-mul\libsmallc.a(lib_a-strlen.o)
 .text.strlen   0x000000000080269c       0x1c c:/altera_lite/16.0/nios2eds/bin/gnu/h-x86_64-mingw32/bin/../lib/gcc/nios2-elf/5.2.0/../../../../../H-x86_64-mingw32/nios2-elf/lib/mno-hw-mul\libsmallc.a(lib_a-strlen.o)
                0x000000000080269c                strlen
 .text          0x00000000008026b8        0x0 c:/altera_lite/16.0/nios2eds/bin/gnu/h-x86_64-mingw32/bin/../lib/gcc/nios2-elf/5.2.0/../../../../../H-x86_64-mingw32/nios2-elf/lib/mno-hw-mul\libsmallc.a(lib_a-fvwrite_small_dev.o)
 .text.__sfvwrite_small_dev
                0x00000000008026b8       0xb8 c:/altera_lite/16.0/nios2eds/bin/gnu/h-x86_64-mingw32/bin/../lib/gcc/nios2-elf/5.2.0/../../../../../H-x86_64-mingw32/nios2-elf/lib/mno-hw-mul\libsmallc.a(lib_a-fvwrite_small_dev.o)
                0x00000000008026b8                __sfvwrite_small_dev
 .text          0x0000000000802770        0x0 c:/altera_lite/16.0/nios2eds/bin/gnu/h-x86_64-mingw32/bin/../lib/gcc/nios2-elf/5.2.0/../../../../../H-x86_64-mingw32/nios2-elf/lib/mno-hw-mul\libsmallc.a(lib_a-int_errno.o)
 .text          0x0000000000802770        0x0 c:/altera_lite/16.0/nios2eds/bin/gnu/h-x86_64-mingw32/bin/../lib/gcc/nios2-elf/5.2.0/../../../../../H-x86_64-mingw32/nios2-elf/lib/mno-hw-mul\libsmallc.a(lib_a-writer.o)
 .text._write_r
                0x0000000000802770       0x58 c:/altera_lite/16.0/nios2eds/bin/gnu/h-x86_64-mingw32/bin/../lib/gcc/nios2-elf/5.2.0/../../../../../H-x86_64-mingw32/nios2-elf/lib/mno-hw-mul\libsmallc.a(lib_a-writer.o)
                0x0000000000802770                _write_r
 .text          0x00000000008027c8       0xe0 ../C_eng_job_bsp/\libhal_bsp.a(alt_load.o)
                0x00000000008027c8                alt_load
 .text          0x00000000008028a8       0x40 ../C_eng_job_bsp/\libhal_bsp.a(alt_main.o)
                0x00000000008028a8                alt_main
 .text          0x00000000008028e8      0x170 ../C_eng_job_bsp/\libhal_bsp.a(alt_printf.o)
                0x00000000008028e8                alt_printf
 .text          0x0000000000802a58       0x14 ../C_eng_job_bsp/\libhal_bsp.a(alt_putchar.o)
                0x0000000000802a58                alt_putchar
 .text          0x0000000000802a6c       0x4c ../C_eng_job_bsp/\libhal_bsp.a(alt_sbrk.o)
                0x0000000000802a6c                sbrk
 .text          0x0000000000802ab8       0xf4 ../C_eng_job_bsp/\libhal_bsp.a(alt_write.o)
                0x0000000000802ad8                write
 .text          0x0000000000802bac       0x58 ../C_eng_job_bsp/\libhal_bsp.a(alt_sys_init.o)
                0x0000000000802bac                alt_irq_init
                0x0000000000802bcc                alt_sys_init
 .text          0x0000000000802c04       0x20 ../C_eng_job_bsp/\libhal_bsp.a(altera_avalon_jtag_uart_fd.o)
                0x0000000000802c04                altera_avalon_jtag_uart_read_fd
                0x0000000000802c14                altera_avalon_jtag_uart_write_fd
 .text          0x0000000000802c24       0x5c ../C_eng_job_bsp/\libhal_bsp.a(altera_avalon_jtag_uart_read.o)
                0x0000000000802c24                altera_avalon_jtag_uart_read
 .text          0x0000000000802c80       0x34 ../C_eng_job_bsp/\libhal_bsp.a(altera_avalon_jtag_uart_write.o)
                0x0000000000802c80                altera_avalon_jtag_uart_write
 .text          0x0000000000802cb4       0xe8 ../C_eng_job_bsp/\libhal_bsp.a(altera_avalon_spi.o)
                0x0000000000802cb4                alt_avalon_spi_command
 .text          0x0000000000802d9c      0x264 ../C_eng_job_bsp/\libhal_bsp.a(altera_modular_adc.o)
                0x0000000000802d9c                alt_adc_word_read
                0x0000000000802dd4                altera_modular_adc_init
                0x0000000000802e38                altera_modular_adc_open
                0x0000000000802e40                adc_stop
                0x0000000000802e60                adc_start
                0x0000000000802e70                adc_set_mode_run_once
                0x0000000000802e88                adc_set_mode_run_continuously
                0x0000000000802e9c                adc_recalibrate
                0x0000000000802ef0                adc_interrupt_enable
                0x0000000000802f04                adc_interrupt_disable
                0x0000000000802f1c                adc_clear_interrupt_status
                0x0000000000802f88                alt_adc_register_callback
                0x0000000000802fdc                adc_interrupt_asserted
                0x0000000000802fec                adc_wait_for_interrupt
 .text          0x0000000000803000        0x4 ../C_eng_job_bsp/\libhal_bsp.a(alt_dcache_flush_all.o)
                0x0000000000803000                alt_dcache_flush_all
 .text          0x0000000000803004        0x8 ../C_eng_job_bsp/\libhal_bsp.a(alt_dev.o)
 .text          0x000000000080300c       0x78 ../C_eng_job_bsp/\libhal_bsp.a(alt_dev_llist_insert.o)
                0x000000000080300c                alt_dev_llist_insert
 .text          0x0000000000803084        0x0 ../C_eng_job_bsp/\libhal_bsp.a(alt_errno.o)
 .text          0x0000000000803084       0x74 ../C_eng_job_bsp/\libhal_bsp.a(alt_find_dev.o)
                0x0000000000803084                alt_find_dev
 .text          0x00000000008030f8        0x4 ../C_eng_job_bsp/\libhal_bsp.a(alt_icache_flush_all.o)
                0x00000000008030f8                alt_icache_flush_all
 .text          0x00000000008030fc       0x9c ../C_eng_job_bsp/\libhal_bsp.a(alt_iic.o)
                0x00000000008030fc                alt_ic_isr_register
                0x0000000000803100                alt_ic_irq_enable
                0x0000000000803140                alt_ic_irq_disable
                0x0000000000803180                alt_ic_irq_enabled
 .text          0x0000000000803198       0x68 ../C_eng_job_bsp/\libhal_bsp.a(alt_iic_isr_register.o)
                0x0000000000803198                alt_iic_isr_register
 .text          0x0000000000803200       0xfc ../C_eng_job_bsp/\libhal_bsp.a(alt_io_redirect.o)
                0x0000000000803288                alt_io_redirect
 .text          0x00000000008032fc        0x0 ../C_eng_job_bsp/\libhal_bsp.a(alt_irq_entry.o)
 .text          0x00000000008032fc        0x0 ../C_eng_job_bsp/\libhal_bsp.a(alt_irq_handler.o)
 .text          0x00000000008032fc        0x0 ../C_eng_job_bsp/\libhal_bsp.a(alt_irq_vars.o)
 .text          0x00000000008032fc      0x1b8 ../C_eng_job_bsp/\libhal_bsp.a(alt_open.o)
                0x00000000008032fc                open
 .text          0x00000000008034b4       0x5c ../C_eng_job_bsp/\libhal_bsp.a(alt_release_fd.o)
                0x00000000008034b4                alt_release_fd
 .text          0x0000000000803510        0x8 ../C_eng_job_bsp/\libhal_bsp.a(altera_nios2_gen2_irq.o)
                0x0000000000803510                altera_nios2_gen2_irq_init
 .text          0x0000000000803518        0x0 ../C_eng_job_bsp/\libhal_bsp.a(alt_exception_entry.o)
 .text          0x0000000000803518       0xac ../C_eng_job_bsp/\libhal_bsp.a(alt_find_file.o)
                0x0000000000803518                alt_find_file
 .text          0x00000000008035c4       0x8c ../C_eng_job_bsp/\libhal_bsp.a(alt_get_fd.o)
                0x00000000008035c4                alt_get_fd
 .text          0x0000000000803650       0x74 ../C_eng_job_bsp/\libhal_bsp.a(alt_instruction_exception_entry.o)
                0x0000000000803650                alt_exception_cause_generated_bad_addr
 .text          0x00000000008036c4        0x0 c:/altera_lite/16.0/nios2eds/bin/gnu/h-x86_64-mingw32/bin/../lib/gcc/nios2-elf/5.2.0/../../../../../H-x86_64-mingw32/nios2-elf/lib/mno-hw-mul\libsmallc.a(lib_a-memcmp.o)
 .text.memcmp   0x00000000008036c4       0x30 c:/altera_lite/16.0/nios2eds/bin/gnu/h-x86_64-mingw32/bin/../lib/gcc/nios2-elf/5.2.0/../../../../../H-x86_64-mingw32/nios2-elf/lib/mno-hw-mul\libsmallc.a(lib_a-memcmp.o)
                0x00000000008036c4                memcmp
 *(.gnu.warning.*)
 *(.fini)
                [!provide]                        PROVIDE (__etext, ABSOLUTE (.))
                [!provide]                        PROVIDE (_etext, ABSOLUTE (.))
                [!provide]                        PROVIDE (etext, ABSOLUTE (.))
 *(.eh_frame_hdr)
                0x00000000008036f4                . = ALIGN (0x4)
                [!provide]                        PROVIDE (__preinit_array_start, ABSOLUTE (.))
 *(.preinit_array)
                [!provide]                        PROVIDE (__preinit_array_end, ABSOLUTE (.))
                [!provide]                        PROVIDE (__init_array_start, ABSOLUTE (.))
 *(.init_array)
                [!provide]                        PROVIDE (__init_array_end, ABSOLUTE (.))
                [!provide]                        PROVIDE (__fini_array_start, ABSOLUTE (.))
 *(.fini_array)
                [!provide]                        PROVIDE (__fini_array_end, ABSOLUTE (.))
 *(.eh_frame)
 *(.gcc_except_table .gcc_except_table.*)
 *(.dynamic)
                [!provide]                        PROVIDE (__CTOR_LIST__, ABSOLUTE (.))
 *(.ctors)
 *(SORT(.ctors.*))
                [!provide]                        PROVIDE (__CTOR_END__, ABSOLUTE (.))
                [!provide]                        PROVIDE (__DTOR_LIST__, ABSOLUTE (.))
 *(.dtors)
 *(SORT(.dtors.*))
                [!provide]                        PROVIDE (__DTOR_END__, ABSOLUTE (.))
 *(.jcr)
                0x00000000008036f4                . = ALIGN (0x4)

.rodata         0x00000000008036f4       0xc8
                0x00000000008036f4                PROVIDE (__ram_rodata_start, ABSOLUTE (.))
                0x00000000008036f4                . = ALIGN (0x4)
 *(.rodata .rodata.* .gnu.linkonce.r.*)
 .rodata        0x00000000008036f4       0x84 obj/default/hello_world.o
 .rodata.str1.4
                0x0000000000803778       0x11 ../C_eng_job_bsp/\libhal_bsp.a(alt_main.o)
 *fill*         0x0000000000803789        0x3 
 .rodata.str1.4
                0x000000000080378c       0x21 ../C_eng_job_bsp/\libhal_bsp.a(alt_sys_init.o)
                                         0x35 (size before relaxing)
 *fill*         0x00000000008037ad        0x3 
 .rodata.str1.4
                0x00000000008037b0        0xc ../C_eng_job_bsp/\libhal_bsp.a(alt_dev.o)
                                          0xa (size before relaxing)
 *(.rodata1)
                0x00000000008037bc                . = ALIGN (0x4)
                0x00000000008037bc                PROVIDE (__ram_rodata_end, ABSOLUTE (.))
                0x00000000008036f4                PROVIDE (__flash_rodata_start, LOADADDR (.rodata))

.rwdata         0x00000000008037bc      0x728 load address 0x0000000000803ee4
                0x00000000008037bc                PROVIDE (__ram_rwdata_start, ABSOLUTE (.))
                0x00000000008037bc                . = ALIGN (0x4)
 *(.got.plt)
 *(.got)
 *(.data1)
 *(.data .data.* .gnu.linkonce.d.*)
 .data          0x00000000008037bc        0x0 ../C_eng_job_bsp//obj/HAL/src/crt0.o
 .data          0x00000000008037bc      0x400 obj/default/hello_world.o
                0x00000000008037bc                font8x8_basic
 .data          0x0000000000803bbc        0x0 c:/altera_lite/16.0/nios2eds/bin/gnu/h-x86_64-mingw32/bin/../lib/gcc/nios2-elf/5.2.0/mno-hw-mul\libgcc.a(lib2-divmod.o)
 .data          0x0000000000803bbc        0x0 c:/altera_lite/16.0/nios2eds/bin/gnu/h-x86_64-mingw32/bin/../lib/gcc/nios2-elf/5.2.0/mno-hw-mul\libgcc.a(lib2-mul.o)
 .data          0x0000000000803bbc        0x0 c:/altera_lite/16.0/nios2eds/bin/gnu/h-x86_64-mingw32/bin/../lib/gcc/nios2-elf/5.2.0/../../../../../H-x86_64-mingw32/nios2-elf/lib/mno-hw-mul\libsmallc.a(lib_a-calloc.o)
 .data          0x0000000000803bbc        0x0 c:/altera_lite/16.0/nios2eds/bin/gnu/h-x86_64-mingw32/bin/../lib/gcc/nios2-elf/5.2.0/../../../../../H-x86_64-mingw32/nios2-elf/lib/mno-hw-mul\libsmallc.a(lib_a-impure.o)
 .data.impure_data
                0x0000000000803bbc       0xe0 c:/altera_lite/16.0/nios2eds/bin/gnu/h-x86_64-mingw32/bin/../lib/gcc/nios2-elf/5.2.0/../../../../../H-x86_64-mingw32/nios2-elf/lib/mno-hw-mul\libsmallc.a(lib_a-impure.o)
 .data          0x0000000000803c9c        0x0 c:/altera_lite/16.0/nios2eds/bin/gnu/h-x86_64-mingw32/bin/../lib/gcc/nios2-elf/5.2.0/../../../../../H-x86_64-mingw32/nios2-elf/lib/mno-hw-mul\libsmallc.a(lib_a-malloc.o)
 .data          0x0000000000803c9c        0x0 c:/altera_lite/16.0/nios2eds/bin/gnu/h-x86_64-mingw32/bin/../lib/gcc/nios2-elf/5.2.0/../../../../../H-x86_64-mingw32/nios2-elf/lib/mno-hw-mul\libsmallc.a(lib_a-memcpy.o)
 .data          0x0000000000803c9c        0x0 c:/altera_lite/16.0/nios2eds/bin/gnu/h-x86_64-mingw32/bin/../lib/gcc/nios2-elf/5.2.0/../../../../../H-x86_64-mingw32/nios2-elf/lib/mno-hw-mul\libsmallc.a(lib_a-memset.o)
 .data          0x0000000000803c9c        0x0 c:/altera_lite/16.0/nios2eds/bin/gnu/h-x86_64-mingw32/bin/../lib/gcc/nios2-elf/5.2.0/../../../../../H-x86_64-mingw32/nios2-elf/lib/mno-hw-mul\libsmallc.a(lib_a-nano-callocr.o)
 .data          0x0000000000803c9c        0x0 c:/altera_lite/16.0/nios2eds/bin/gnu/h-x86_64-mingw32/bin/../lib/gcc/nios2-elf/5.2.0/../../../../../H-x86_64-mingw32/nios2-elf/lib/mno-hw-mul\libsmallc.a(lib_a-nano-freer.o)
 .data          0x0000000000803c9c        0x0 c:/altera_lite/16.0/nios2eds/bin/gnu/h-x86_64-mingw32/bin/../lib/gcc/nios2-elf/5.2.0/../../../../../H-x86_64-mingw32/nios2-elf/lib/mno-hw-mul\libsmallc.a(lib_a-nano-mallocr.o)
 .data          0x0000000000803c9c        0x0 c:/altera_lite/16.0/nios2eds/bin/gnu/h-x86_64-mingw32/bin/../lib/gcc/nios2-elf/5.2.0/../../../../../H-x86_64-mingw32/nios2-elf/lib/mno-hw-mul\libsmallc.a(lib_a-putc.o)
 .data          0x0000000000803c9c        0x0 c:/altera_lite/16.0/nios2eds/bin/gnu/h-x86_64-mingw32/bin/../lib/gcc/nios2-elf/5.2.0/../../../../../H-x86_64-mingw32/nios2-elf/lib/mno-hw-mul\libsmallc.a(lib_a-sbrkr.o)
 .data          0x0000000000803c9c        0x0 c:/altera_lite/16.0/nios2eds/bin/gnu/h-x86_64-mingw32/bin/../lib/gcc/nios2-elf/5.2.0/../../../../../H-x86_64-mingw32/nios2-elf/lib/mno-hw-mul\libsmallc.a(lib_a-strlen.o)
 .data          0x0000000000803c9c        0x0 c:/altera_lite/16.0/nios2eds/bin/gnu/h-x86_64-mingw32/bin/../lib/gcc/nios2-elf/5.2.0/../../../../../H-x86_64-mingw32/nios2-elf/lib/mno-hw-mul\libsmallc.a(lib_a-fvwrite_small_dev.o)
 .data          0x0000000000803c9c        0x0 c:/altera_lite/16.0/nios2eds/bin/gnu/h-x86_64-mingw32/bin/../lib/gcc/nios2-elf/5.2.0/../../../../../H-x86_64-mingw32/nios2-elf/lib/mno-hw-mul\libsmallc.a(lib_a-int_errno.o)
 .data          0x0000000000803c9c        0x0 c:/altera_lite/16.0/nios2eds/bin/gnu/h-x86_64-mingw32/bin/../lib/gcc/nios2-elf/5.2.0/../../../../../H-x86_64-mingw32/nios2-elf/lib/mno-hw-mul\libsmallc.a(lib_a-writer.o)
 .data          0x0000000000803c9c        0x0 ../C_eng_job_bsp/\libhal_bsp.a(alt_load.o)
 .data          0x0000000000803c9c        0x0 ../C_eng_job_bsp/\libhal_bsp.a(alt_main.o)
 .data          0x0000000000803c9c        0x0 ../C_eng_job_bsp/\libhal_bsp.a(alt_printf.o)
 .data          0x0000000000803c9c        0x0 ../C_eng_job_bsp/\libhal_bsp.a(alt_putchar.o)
 .data          0x0000000000803c9c        0x0 ../C_eng_job_bsp/\libhal_bsp.a(alt_sbrk.o)
 .data          0x0000000000803c9c        0x0 ../C_eng_job_bsp/\libhal_bsp.a(alt_write.o)
 .data          0x0000000000803c9c       0x68 ../C_eng_job_bsp/\libhal_bsp.a(alt_sys_init.o)
 .data          0x0000000000803d04        0x0 ../C_eng_job_bsp/\libhal_bsp.a(altera_avalon_jtag_uart_fd.o)
 .data          0x0000000000803d04        0x0 ../C_eng_job_bsp/\libhal_bsp.a(altera_avalon_jtag_uart_read.o)
 .data          0x0000000000803d04        0x0 ../C_eng_job_bsp/\libhal_bsp.a(altera_avalon_jtag_uart_write.o)
 .data          0x0000000000803d04        0x0 ../C_eng_job_bsp/\libhal_bsp.a(altera_avalon_spi.o)
 .data          0x0000000000803d04        0x0 ../C_eng_job_bsp/\libhal_bsp.a(altera_modular_adc.o)
 .data          0x0000000000803d04        0x0 ../C_eng_job_bsp/\libhal_bsp.a(alt_dcache_flush_all.o)
 .data          0x0000000000803d04      0x1a8 ../C_eng_job_bsp/\libhal_bsp.a(alt_dev.o)
                0x0000000000803d04                alt_fd_list
                0x0000000000803e84                alt_dev_null
 .data          0x0000000000803eac        0x0 ../C_eng_job_bsp/\libhal_bsp.a(alt_dev_llist_insert.o)
 .data          0x0000000000803eac        0x0 ../C_eng_job_bsp/\libhal_bsp.a(alt_errno.o)
 .data          0x0000000000803eac        0x0 ../C_eng_job_bsp/\libhal_bsp.a(alt_find_dev.o)
 .data          0x0000000000803eac        0x0 ../C_eng_job_bsp/\libhal_bsp.a(alt_icache_flush_all.o)
 .data          0x0000000000803eac        0x0 ../C_eng_job_bsp/\libhal_bsp.a(alt_iic.o)
 .data          0x0000000000803eac        0x0 ../C_eng_job_bsp/\libhal_bsp.a(alt_iic_isr_register.o)
 .data          0x0000000000803eac        0x0 ../C_eng_job_bsp/\libhal_bsp.a(alt_io_redirect.o)
 .data          0x0000000000803eac        0x0 ../C_eng_job_bsp/\libhal_bsp.a(alt_irq_entry.o)
 .data          0x0000000000803eac        0x0 ../C_eng_job_bsp/\libhal_bsp.a(alt_irq_handler.o)
 .data          0x0000000000803eac        0x0 ../C_eng_job_bsp/\libhal_bsp.a(alt_irq_vars.o)
 .data          0x0000000000803eac        0x0 ../C_eng_job_bsp/\libhal_bsp.a(alt_open.o)
 .data          0x0000000000803eac        0x0 ../C_eng_job_bsp/\libhal_bsp.a(alt_release_fd.o)
 .data          0x0000000000803eac        0x0 ../C_eng_job_bsp/\libhal_bsp.a(altera_nios2_gen2_irq.o)
 .data          0x0000000000803eac        0x0 ../C_eng_job_bsp/\libhal_bsp.a(alt_exception_entry.o)
 .data          0x0000000000803eac        0x0 ../C_eng_job_bsp/\libhal_bsp.a(alt_find_file.o)
 .data          0x0000000000803eac        0x0 ../C_eng_job_bsp/\libhal_bsp.a(alt_get_fd.o)
 .data          0x0000000000803eac        0x0 ../C_eng_job_bsp/\libhal_bsp.a(alt_instruction_exception_entry.o)
 .data          0x0000000000803eac        0x0 c:/altera_lite/16.0/nios2eds/bin/gnu/h-x86_64-mingw32/bin/../lib/gcc/nios2-elf/5.2.0/../../../../../H-x86_64-mingw32/nios2-elf/lib/mno-hw-mul\libsmallc.a(lib_a-memcmp.o)
                0x000000000080beac                _gp = ABSOLUTE ((. + 0x8000))
                [!provide]                        PROVIDE (gp, _gp)
 *(.rwdata .rwdata.*)
 *(.sdata .sdata.* .gnu.linkonce.s.*)
 .sdata         0x0000000000803eac        0x6 obj/default/hello_world.o
                0x0000000000803eac                spi_command_tx
                0x0000000000803eae                spi_command_rx
 *fill*         0x0000000000803eb2        0x2 
 .sdata._global_impure_ptr
                0x0000000000803eb4        0x4 c:/altera_lite/16.0/nios2eds/bin/gnu/h-x86_64-mingw32/bin/../lib/gcc/nios2-elf/5.2.0/../../../../../H-x86_64-mingw32/nios2-elf/lib/mno-hw-mul\libsmallc.a(lib_a-impure.o)
                0x0000000000803eb4                _global_impure_ptr
 .sdata._impure_ptr
                0x0000000000803eb8        0x4 c:/altera_lite/16.0/nios2eds/bin/gnu/h-x86_64-mingw32/bin/../lib/gcc/nios2-elf/5.2.0/../../../../../H-x86_64-mingw32/nios2-elf/lib/mno-hw-mul\libsmallc.a(lib_a-impure.o)
                0x0000000000803eb8                _impure_ptr
 .sdata         0x0000000000803ebc        0x4 ../C_eng_job_bsp/\libhal_bsp.a(alt_sbrk.o)
 .sdata         0x0000000000803ec0        0x8 ../C_eng_job_bsp/\libhal_bsp.a(altera_modular_adc.o)
                0x0000000000803ec0                altera_modular_adc_list
 .sdata         0x0000000000803ec8       0x14 ../C_eng_job_bsp/\libhal_bsp.a(alt_dev.o)
                0x0000000000803ec8                alt_max_fd
                0x0000000000803ecc                alt_dev_list
                0x0000000000803ed4                alt_fs_list
 .sdata         0x0000000000803edc        0x4 ../C_eng_job_bsp/\libhal_bsp.a(alt_errno.o)
                0x0000000000803edc                alt_errno
 .sdata         0x0000000000803ee0        0x4 ../C_eng_job_bsp/\libhal_bsp.a(alt_irq_vars.o)
                0x0000000000803ee0                alt_priority_mask
 *(.sdata2 .sdata2.* .gnu.linkonce.s2.*)
                0x0000000000803ee4                . = ALIGN (0x4)
                0x0000000000803ee4                _edata = ABSOLUTE (.)
                [!provide]                        PROVIDE (edata, ABSOLUTE (.))
                0x0000000000803ee4                PROVIDE (__ram_rwdata_end, ABSOLUTE (.))
                0x0000000000803ee4                PROVIDE (__flash_rwdata_start, LOADADDR (.rwdata))

.bss            0x000000000080460c      0x138
                0x000000000080460c                __bss_start = ABSOLUTE (.)
                [!provide]                        PROVIDE (__sbss_start, ABSOLUTE (.))
                [!provide]                        PROVIDE (___sbss_start, ABSOLUTE (.))
 *(.dynsbss)
 *(.sbss .sbss.* .gnu.linkonce.sb.*)
 .sbss          0x000000000080460c       0x14 obj/default/hello_world.o
                0x000000000080460c                i
                0x0000000000804610                j
 .sbss          0x0000000000804620        0x3 obj/default/hello_world.o
                0x0000000000804620                accel_data
 *fill*         0x0000000000804623        0x1 
 .sbss.__malloc_sbrk_start
                0x0000000000804624        0x4 c:/altera_lite/16.0/nios2eds/bin/gnu/h-x86_64-mingw32/bin/../lib/gcc/nios2-elf/5.2.0/../../../../../H-x86_64-mingw32/nios2-elf/lib/mno-hw-mul\libsmallc.a(lib_a-nano-mallocr.o)
                0x0000000000804624                __malloc_sbrk_start
 .sbss.__malloc_free_list
                0x0000000000804628        0x4 c:/altera_lite/16.0/nios2eds/bin/gnu/h-x86_64-mingw32/bin/../lib/gcc/nios2-elf/5.2.0/../../../../../H-x86_64-mingw32/nios2-elf/lib/mno-hw-mul\libsmallc.a(lib_a-nano-mallocr.o)
                0x0000000000804628                __malloc_free_list
 .sbss          0x000000000080462c        0x4 c:/altera_lite/16.0/nios2eds/bin/gnu/h-x86_64-mingw32/bin/../lib/gcc/nios2-elf/5.2.0/../../../../../H-x86_64-mingw32/nios2-elf/lib/mno-hw-mul\libsmallc.a(lib_a-int_errno.o)
                0x000000000080462c                errno
 .sbss          0x0000000000804630        0xc ../C_eng_job_bsp/\libhal_bsp.a(alt_main.o)
                0x0000000000804630                alt_envp
                0x0000000000804634                alt_argv
                0x0000000000804638                alt_argc
 .sbss          0x000000000080463c        0x4 ../C_eng_job_bsp/\libhal_bsp.a(alt_irq_vars.o)
                0x000000000080463c                alt_irq_active
 .sbss          0x0000000000804640        0x4 ../C_eng_job_bsp/\libhal_bsp.a(alt_instruction_exception_entry.o)
                0x0000000000804640                alt_instruction_exception_handler
 *(.sbss2 .sbss2.* .gnu.linkonce.sb2.*)
 *(.scommon)
                [!provide]                        PROVIDE (__sbss_end, ABSOLUTE (.))
                [!provide]                        PROVIDE (___sbss_end, ABSOLUTE (.))
 *(.dynbss)
 *(.bss .bss.* .gnu.linkonce.b.*)
 .bss           0x0000000000804644        0x0 ../C_eng_job_bsp//obj/HAL/src/crt0.o
 .bss           0x0000000000804644        0x0 obj/default/hello_world.o
 .bss           0x0000000000804644        0x0 c:/altera_lite/16.0/nios2eds/bin/gnu/h-x86_64-mingw32/bin/../lib/gcc/nios2-elf/5.2.0/mno-hw-mul\libgcc.a(lib2-divmod.o)
 .bss           0x0000000000804644        0x0 c:/altera_lite/16.0/nios2eds/bin/gnu/h-x86_64-mingw32/bin/../lib/gcc/nios2-elf/5.2.0/mno-hw-mul\libgcc.a(lib2-mul.o)
 .bss           0x0000000000804644        0x0 c:/altera_lite/16.0/nios2eds/bin/gnu/h-x86_64-mingw32/bin/../lib/gcc/nios2-elf/5.2.0/../../../../../H-x86_64-mingw32/nios2-elf/lib/mno-hw-mul\libsmallc.a(lib_a-calloc.o)
 .bss           0x0000000000804644        0x0 c:/altera_lite/16.0/nios2eds/bin/gnu/h-x86_64-mingw32/bin/../lib/gcc/nios2-elf/5.2.0/../../../../../H-x86_64-mingw32/nios2-elf/lib/mno-hw-mul\libsmallc.a(lib_a-impure.o)
 .bss           0x0000000000804644        0x0 c:/altera_lite/16.0/nios2eds/bin/gnu/h-x86_64-mingw32/bin/../lib/gcc/nios2-elf/5.2.0/../../../../../H-x86_64-mingw32/nios2-elf/lib/mno-hw-mul\libsmallc.a(lib_a-malloc.o)
 .bss           0x0000000000804644        0x0 c:/altera_lite/16.0/nios2eds/bin/gnu/h-x86_64-mingw32/bin/../lib/gcc/nios2-elf/5.2.0/../../../../../H-x86_64-mingw32/nios2-elf/lib/mno-hw-mul\libsmallc.a(lib_a-memcpy.o)
 .bss           0x0000000000804644        0x0 c:/altera_lite/16.0/nios2eds/bin/gnu/h-x86_64-mingw32/bin/../lib/gcc/nios2-elf/5.2.0/../../../../../H-x86_64-mingw32/nios2-elf/lib/mno-hw-mul\libsmallc.a(lib_a-memset.o)
 .bss           0x0000000000804644        0x0 c:/altera_lite/16.0/nios2eds/bin/gnu/h-x86_64-mingw32/bin/../lib/gcc/nios2-elf/5.2.0/../../../../../H-x86_64-mingw32/nios2-elf/lib/mno-hw-mul\libsmallc.a(lib_a-nano-callocr.o)
 .bss           0x0000000000804644        0x0 c:/altera_lite/16.0/nios2eds/bin/gnu/h-x86_64-mingw32/bin/../lib/gcc/nios2-elf/5.2.0/../../../../../H-x86_64-mingw32/nios2-elf/lib/mno-hw-mul\libsmallc.a(lib_a-nano-freer.o)
 .bss           0x0000000000804644        0x0 c:/altera_lite/16.0/nios2eds/bin/gnu/h-x86_64-mingw32/bin/../lib/gcc/nios2-elf/5.2.0/../../../../../H-x86_64-mingw32/nios2-elf/lib/mno-hw-mul\libsmallc.a(lib_a-nano-mallocr.o)
 .bss           0x0000000000804644        0x0 c:/altera_lite/16.0/nios2eds/bin/gnu/h-x86_64-mingw32/bin/../lib/gcc/nios2-elf/5.2.0/../../../../../H-x86_64-mingw32/nios2-elf/lib/mno-hw-mul\libsmallc.a(lib_a-putc.o)
 .bss           0x0000000000804644        0x0 c:/altera_lite/16.0/nios2eds/bin/gnu/h-x86_64-mingw32/bin/../lib/gcc/nios2-elf/5.2.0/../../../../../H-x86_64-mingw32/nios2-elf/lib/mno-hw-mul\libsmallc.a(lib_a-sbrkr.o)
 .bss           0x0000000000804644        0x0 c:/altera_lite/16.0/nios2eds/bin/gnu/h-x86_64-mingw32/bin/../lib/gcc/nios2-elf/5.2.0/../../../../../H-x86_64-mingw32/nios2-elf/lib/mno-hw-mul\libsmallc.a(lib_a-strlen.o)
 .bss           0x0000000000804644        0x0 c:/altera_lite/16.0/nios2eds/bin/gnu/h-x86_64-mingw32/bin/../lib/gcc/nios2-elf/5.2.0/../../../../../H-x86_64-mingw32/nios2-elf/lib/mno-hw-mul\libsmallc.a(lib_a-fvwrite_small_dev.o)
 .bss           0x0000000000804644        0x0 c:/altera_lite/16.0/nios2eds/bin/gnu/h-x86_64-mingw32/bin/../lib/gcc/nios2-elf/5.2.0/../../../../../H-x86_64-mingw32/nios2-elf/lib/mno-hw-mul\libsmallc.a(lib_a-int_errno.o)
 .bss           0x0000000000804644        0x0 c:/altera_lite/16.0/nios2eds/bin/gnu/h-x86_64-mingw32/bin/../lib/gcc/nios2-elf/5.2.0/../../../../../H-x86_64-mingw32/nios2-elf/lib/mno-hw-mul\libsmallc.a(lib_a-writer.o)
 .bss           0x0000000000804644        0x0 ../C_eng_job_bsp/\libhal_bsp.a(alt_load.o)
 .bss           0x0000000000804644        0x0 ../C_eng_job_bsp/\libhal_bsp.a(alt_main.o)
 .bss           0x0000000000804644        0x0 ../C_eng_job_bsp/\libhal_bsp.a(alt_printf.o)
 .bss           0x0000000000804644        0x0 ../C_eng_job_bsp/\libhal_bsp.a(alt_putchar.o)
 .bss           0x0000000000804644        0x0 ../C_eng_job_bsp/\libhal_bsp.a(alt_sbrk.o)
 .bss           0x0000000000804644        0x0 ../C_eng_job_bsp/\libhal_bsp.a(alt_write.o)
 .bss           0x0000000000804644        0x0 ../C_eng_job_bsp/\libhal_bsp.a(alt_sys_init.o)
 .bss           0x0000000000804644        0x0 ../C_eng_job_bsp/\libhal_bsp.a(altera_avalon_jtag_uart_fd.o)
 .bss           0x0000000000804644        0x0 ../C_eng_job_bsp/\libhal_bsp.a(altera_avalon_jtag_uart_read.o)
 .bss           0x0000000000804644        0x0 ../C_eng_job_bsp/\libhal_bsp.a(altera_avalon_jtag_uart_write.o)
 .bss           0x0000000000804644        0x0 ../C_eng_job_bsp/\libhal_bsp.a(altera_avalon_spi.o)
 .bss           0x0000000000804644        0x0 ../C_eng_job_bsp/\libhal_bsp.a(altera_modular_adc.o)
 .bss           0x0000000000804644        0x0 ../C_eng_job_bsp/\libhal_bsp.a(alt_dcache_flush_all.o)
 .bss           0x0000000000804644        0x0 ../C_eng_job_bsp/\libhal_bsp.a(alt_dev.o)
 .bss           0x0000000000804644        0x0 ../C_eng_job_bsp/\libhal_bsp.a(alt_dev_llist_insert.o)
 .bss           0x0000000000804644        0x0 ../C_eng_job_bsp/\libhal_bsp.a(alt_errno.o)
 .bss           0x0000000000804644        0x0 ../C_eng_job_bsp/\libhal_bsp.a(alt_find_dev.o)
 .bss           0x0000000000804644        0x0 ../C_eng_job_bsp/\libhal_bsp.a(alt_icache_flush_all.o)
 .bss           0x0000000000804644        0x0 ../C_eng_job_bsp/\libhal_bsp.a(alt_iic.o)
 .bss           0x0000000000804644        0x0 ../C_eng_job_bsp/\libhal_bsp.a(alt_iic_isr_register.o)
 .bss           0x0000000000804644        0x0 ../C_eng_job_bsp/\libhal_bsp.a(alt_io_redirect.o)
 .bss           0x0000000000804644        0x0 ../C_eng_job_bsp/\libhal_bsp.a(alt_irq_entry.o)
 .bss           0x0000000000804644        0x0 ../C_eng_job_bsp/\libhal_bsp.a(alt_irq_handler.o)
 .bss           0x0000000000804644        0x0 ../C_eng_job_bsp/\libhal_bsp.a(alt_irq_vars.o)
 .bss           0x0000000000804644        0x0 ../C_eng_job_bsp/\libhal_bsp.a(alt_open.o)
 .bss           0x0000000000804644        0x0 ../C_eng_job_bsp/\libhal_bsp.a(alt_release_fd.o)
 .bss           0x0000000000804644        0x0 ../C_eng_job_bsp/\libhal_bsp.a(altera_nios2_gen2_irq.o)
 .bss           0x0000000000804644        0x0 ../C_eng_job_bsp/\libhal_bsp.a(alt_exception_entry.o)
 .bss           0x0000000000804644        0x0 ../C_eng_job_bsp/\libhal_bsp.a(alt_find_file.o)
 .bss           0x0000000000804644        0x0 ../C_eng_job_bsp/\libhal_bsp.a(alt_get_fd.o)
 .bss           0x0000000000804644        0x0 ../C_eng_job_bsp/\libhal_bsp.a(alt_instruction_exception_entry.o)
 .bss           0x0000000000804644        0x0 c:/altera_lite/16.0/nios2eds/bin/gnu/h-x86_64-mingw32/bin/../lib/gcc/nios2-elf/5.2.0/../../../../../H-x86_64-mingw32/nios2-elf/lib/mno-hw-mul\libsmallc.a(lib_a-memcmp.o)
 *(COMMON)
 COMMON         0x0000000000804644      0x100 ../C_eng_job_bsp/\libhal_bsp.a(alt_irq_handler.o)
                0x0000000000804644                alt_irq
                0x0000000000804744                . = ALIGN (0x4)
                0x0000000000804744                __bss_end = ABSOLUTE (.)

.SDRAM_Controller
                0x0000000000804744        0x0
                [!provide]                        PROVIDE (_alt_partition_SDRAM_Controller_start, ABSOLUTE (.))
 *(.SDRAM_Controller .SDRAM_Controller. SDRAM_Controller.*)
                0x0000000000804744                . = ALIGN (0x4)
                [!provide]                        PROVIDE (_alt_partition_SDRAM_Controller_end, ABSOLUTE (.))
                0x0000000000804744                _end = ABSOLUTE (.)
                0x0000000000804744                end = ABSOLUTE (.)
                0x0000000000804744                __alt_stack_base = ABSOLUTE (.)
                [!provide]                        PROVIDE (_alt_partition_SDRAM_Controller_load_addr, LOADADDR (.SDRAM_Controller))

.stab
 *(.stab)

.stabstr
 *(.stabstr)

.stab.excl
 *(.stab.excl)

.stab.exclstr
 *(.stab.exclstr)

.stab.index
 *(.stab.index)

.stab.indexstr
 *(.stab.indexstr)

.comment        0x0000000000000000       0x23
 *(.comment)
 .comment       0x0000000000000000       0x23 obj/default/hello_world.o
                                         0x24 (size before relaxing)
 .comment       0x0000000000000023       0x24 c:/altera_lite/16.0/nios2eds/bin/gnu/h-x86_64-mingw32/bin/../lib/gcc/nios2-elf/5.2.0/mno-hw-mul\libgcc.a(lib2-divmod.o)
 .comment       0x0000000000000023       0x24 c:/altera_lite/16.0/nios2eds/bin/gnu/h-x86_64-mingw32/bin/../lib/gcc/nios2-elf/5.2.0/mno-hw-mul\libgcc.a(lib2-mul.o)
 .comment       0x0000000000000023       0x24 c:/altera_lite/16.0/nios2eds/bin/gnu/h-x86_64-mingw32/bin/../lib/gcc/nios2-elf/5.2.0/../../../../../H-x86_64-mingw32/nios2-elf/lib/mno-hw-mul\libsmallc.a(lib_a-calloc.o)
 .comment       0x0000000000000023       0x24 c:/altera_lite/16.0/nios2eds/bin/gnu/h-x86_64-mingw32/bin/../lib/gcc/nios2-elf/5.2.0/../../../../../H-x86_64-mingw32/nios2-elf/lib/mno-hw-mul\libsmallc.a(lib_a-impure.o)
 .comment       0x0000000000000023       0x24 c:/altera_lite/16.0/nios2eds/bin/gnu/h-x86_64-mingw32/bin/../lib/gcc/nios2-elf/5.2.0/../../../../../H-x86_64-mingw32/nios2-elf/lib/mno-hw-mul\libsmallc.a(lib_a-malloc.o)
 .comment       0x0000000000000023       0x24 c:/altera_lite/16.0/nios2eds/bin/gnu/h-x86_64-mingw32/bin/../lib/gcc/nios2-elf/5.2.0/../../../../../H-x86_64-mingw32/nios2-elf/lib/mno-hw-mul\libsmallc.a(lib_a-memcpy.o)
 .comment       0x0000000000000023       0x24 c:/altera_lite/16.0/nios2eds/bin/gnu/h-x86_64-mingw32/bin/../lib/gcc/nios2-elf/5.2.0/../../../../../H-x86_64-mingw32/nios2-elf/lib/mno-hw-mul\libsmallc.a(lib_a-memset.o)
 .comment       0x0000000000000023       0x24 c:/altera_lite/16.0/nios2eds/bin/gnu/h-x86_64-mingw32/bin/../lib/gcc/nios2-elf/5.2.0/../../../../../H-x86_64-mingw32/nios2-elf/lib/mno-hw-mul\libsmallc.a(lib_a-nano-callocr.o)
 .comment       0x0000000000000023       0x24 c:/altera_lite/16.0/nios2eds/bin/gnu/h-x86_64-mingw32/bin/../lib/gcc/nios2-elf/5.2.0/../../../../../H-x86_64-mingw32/nios2-elf/lib/mno-hw-mul\libsmallc.a(lib_a-nano-freer.o)
 .comment       0x0000000000000023       0x24 c:/altera_lite/16.0/nios2eds/bin/gnu/h-x86_64-mingw32/bin/../lib/gcc/nios2-elf/5.2.0/../../../../../H-x86_64-mingw32/nios2-elf/lib/mno-hw-mul\libsmallc.a(lib_a-nano-mallocr.o)
 .comment       0x0000000000000023       0x24 c:/altera_lite/16.0/nios2eds/bin/gnu/h-x86_64-mingw32/bin/../lib/gcc/nios2-elf/5.2.0/../../../../../H-x86_64-mingw32/nios2-elf/lib/mno-hw-mul\libsmallc.a(lib_a-putc.o)
 .comment       0x0000000000000023       0x24 c:/altera_lite/16.0/nios2eds/bin/gnu/h-x86_64-mingw32/bin/../lib/gcc/nios2-elf/5.2.0/../../../../../H-x86_64-mingw32/nios2-elf/lib/mno-hw-mul\libsmallc.a(lib_a-sbrkr.o)
 .comment       0x0000000000000023       0x24 c:/altera_lite/16.0/nios2eds/bin/gnu/h-x86_64-mingw32/bin/../lib/gcc/nios2-elf/5.2.0/../../../../../H-x86_64-mingw32/nios2-elf/lib/mno-hw-mul\libsmallc.a(lib_a-strlen.o)
 .comment       0x0000000000000023       0x24 c:/altera_lite/16.0/nios2eds/bin/gnu/h-x86_64-mingw32/bin/../lib/gcc/nios2-elf/5.2.0/../../../../../H-x86_64-mingw32/nios2-elf/lib/mno-hw-mul\libsmallc.a(lib_a-fvwrite_small_dev.o)
 .comment       0x0000000000000023       0x24 c:/altera_lite/16.0/nios2eds/bin/gnu/h-x86_64-mingw32/bin/../lib/gcc/nios2-elf/5.2.0/../../../../../H-x86_64-mingw32/nios2-elf/lib/mno-hw-mul\libsmallc.a(lib_a-int_errno.o)
 .comment       0x0000000000000023       0x24 c:/altera_lite/16.0/nios2eds/bin/gnu/h-x86_64-mingw32/bin/../lib/gcc/nios2-elf/5.2.0/../../../../../H-x86_64-mingw32/nios2-elf/lib/mno-hw-mul\libsmallc.a(lib_a-writer.o)
 .comment       0x0000000000000023       0x24 ../C_eng_job_bsp/\libhal_bsp.a(alt_load.o)
 .comment       0x0000000000000023       0x24 ../C_eng_job_bsp/\libhal_bsp.a(alt_main.o)
 .comment       0x0000000000000023       0x24 ../C_eng_job_bsp/\libhal_bsp.a(alt_printf.o)
 .comment       0x0000000000000023       0x24 ../C_eng_job_bsp/\libhal_bsp.a(alt_putchar.o)
 .comment       0x0000000000000023       0x24 ../C_eng_job_bsp/\libhal_bsp.a(alt_sbrk.o)
 .comment       0x0000000000000023       0x24 ../C_eng_job_bsp/\libhal_bsp.a(alt_write.o)
 .comment       0x0000000000000023       0x24 ../C_eng_job_bsp/\libhal_bsp.a(alt_sys_init.o)
 .comment       0x0000000000000023       0x24 ../C_eng_job_bsp/\libhal_bsp.a(altera_avalon_jtag_uart_fd.o)
 .comment       0x0000000000000023       0x24 ../C_eng_job_bsp/\libhal_bsp.a(altera_avalon_jtag_uart_read.o)
 .comment       0x0000000000000023       0x24 ../C_eng_job_bsp/\libhal_bsp.a(altera_avalon_jtag_uart_write.o)
 .comment       0x0000000000000023       0x24 ../C_eng_job_bsp/\libhal_bsp.a(altera_avalon_spi.o)
 .comment       0x0000000000000023       0x24 ../C_eng_job_bsp/\libhal_bsp.a(altera_modular_adc.o)
 .comment       0x0000000000000023       0x24 ../C_eng_job_bsp/\libhal_bsp.a(alt_dcache_flush_all.o)
 .comment       0x0000000000000023       0x24 ../C_eng_job_bsp/\libhal_bsp.a(alt_dev.o)
 .comment       0x0000000000000023       0x24 ../C_eng_job_bsp/\libhal_bsp.a(alt_dev_llist_insert.o)
 .comment       0x0000000000000023       0x24 ../C_eng_job_bsp/\libhal_bsp.a(alt_errno.o)
 .comment       0x0000000000000023       0x24 ../C_eng_job_bsp/\libhal_bsp.a(alt_find_dev.o)
 .comment       0x0000000000000023       0x24 ../C_eng_job_bsp/\libhal_bsp.a(alt_icache_flush_all.o)
 .comment       0x0000000000000023       0x24 ../C_eng_job_bsp/\libhal_bsp.a(alt_iic.o)
 .comment       0x0000000000000023       0x24 ../C_eng_job_bsp/\libhal_bsp.a(alt_iic_isr_register.o)
 .comment       0x0000000000000023       0x24 ../C_eng_job_bsp/\libhal_bsp.a(alt_io_redirect.o)
 .comment       0x0000000000000023       0x24 ../C_eng_job_bsp/\libhal_bsp.a(alt_irq_handler.o)
 .comment       0x0000000000000023       0x24 ../C_eng_job_bsp/\libhal_bsp.a(alt_irq_vars.o)
 .comment       0x0000000000000023       0x24 ../C_eng_job_bsp/\libhal_bsp.a(alt_open.o)
 .comment       0x0000000000000023       0x24 ../C_eng_job_bsp/\libhal_bsp.a(alt_release_fd.o)
 .comment       0x0000000000000023       0x24 ../C_eng_job_bsp/\libhal_bsp.a(altera_nios2_gen2_irq.o)
 .comment       0x0000000000000023       0x24 ../C_eng_job_bsp/\libhal_bsp.a(alt_find_file.o)
 .comment       0x0000000000000023       0x24 ../C_eng_job_bsp/\libhal_bsp.a(alt_get_fd.o)
 .comment       0x0000000000000023       0x24 ../C_eng_job_bsp/\libhal_bsp.a(alt_instruction_exception_entry.o)
 .comment       0x0000000000000023       0x24 c:/altera_lite/16.0/nios2eds/bin/gnu/h-x86_64-mingw32/bin/../lib/gcc/nios2-elf/5.2.0/../../../../../H-x86_64-mingw32/nios2-elf/lib/mno-hw-mul\libsmallc.a(lib_a-memcmp.o)

.debug
 *(.debug)

.line
 *(.line)

.debug_srcinfo
 *(.debug_srcinfo)

.debug_sfnames
 *(.debug_sfnames)

.debug_aranges  0x0000000000000000      0x668
 *(.debug_aranges)
 .debug_aranges
                0x0000000000000000       0x28 ../C_eng_job_bsp//obj/HAL/src/crt0.o
 .debug_aranges
                0x0000000000000028       0x20 obj/default/hello_world.o
 .debug_aranges
                0x0000000000000048       0x20 c:/altera_lite/16.0/nios2eds/bin/gnu/h-x86_64-mingw32/bin/../lib/gcc/nios2-elf/5.2.0/mno-hw-mul\libgcc.a(lib2-divmod.o)
 .debug_aranges
                0x0000000000000068       0x20 c:/altera_lite/16.0/nios2eds/bin/gnu/h-x86_64-mingw32/bin/../lib/gcc/nios2-elf/5.2.0/mno-hw-mul\libgcc.a(lib2-mul.o)
 .debug_aranges
                0x0000000000000088       0x20 c:/altera_lite/16.0/nios2eds/bin/gnu/h-x86_64-mingw32/bin/../lib/gcc/nios2-elf/5.2.0/../../../../../H-x86_64-mingw32/nios2-elf/lib/mno-hw-mul\libsmallc.a(lib_a-calloc.o)
 .debug_aranges
                0x00000000000000a8       0x18 c:/altera_lite/16.0/nios2eds/bin/gnu/h-x86_64-mingw32/bin/../lib/gcc/nios2-elf/5.2.0/../../../../../H-x86_64-mingw32/nios2-elf/lib/mno-hw-mul\libsmallc.a(lib_a-impure.o)
 .debug_aranges
                0x00000000000000c0       0x28 c:/altera_lite/16.0/nios2eds/bin/gnu/h-x86_64-mingw32/bin/../lib/gcc/nios2-elf/5.2.0/../../../../../H-x86_64-mingw32/nios2-elf/lib/mno-hw-mul\libsmallc.a(lib_a-malloc.o)
 .debug_aranges
                0x00000000000000e8       0x20 c:/altera_lite/16.0/nios2eds/bin/gnu/h-x86_64-mingw32/bin/../lib/gcc/nios2-elf/5.2.0/../../../../../H-x86_64-mingw32/nios2-elf/lib/mno-hw-mul\libsmallc.a(lib_a-memcpy.o)
 .debug_aranges
                0x0000000000000108       0x20 c:/altera_lite/16.0/nios2eds/bin/gnu/h-x86_64-mingw32/bin/../lib/gcc/nios2-elf/5.2.0/../../../../../H-x86_64-mingw32/nios2-elf/lib/mno-hw-mul\libsmallc.a(lib_a-memset.o)
 .debug_aranges
                0x0000000000000128       0x20 c:/altera_lite/16.0/nios2eds/bin/gnu/h-x86_64-mingw32/bin/../lib/gcc/nios2-elf/5.2.0/../../../../../H-x86_64-mingw32/nios2-elf/lib/mno-hw-mul\libsmallc.a(lib_a-nano-callocr.o)
 .debug_aranges
                0x0000000000000148       0x20 c:/altera_lite/16.0/nios2eds/bin/gnu/h-x86_64-mingw32/bin/../lib/gcc/nios2-elf/5.2.0/../../../../../H-x86_64-mingw32/nios2-elf/lib/mno-hw-mul\libsmallc.a(lib_a-nano-freer.o)
 .debug_aranges
                0x0000000000000168       0x20 c:/altera_lite/16.0/nios2eds/bin/gnu/h-x86_64-mingw32/bin/../lib/gcc/nios2-elf/5.2.0/../../../../../H-x86_64-mingw32/nios2-elf/lib/mno-hw-mul\libsmallc.a(lib_a-nano-mallocr.o)
 .debug_aranges
                0x0000000000000188       0x28 c:/altera_lite/16.0/nios2eds/bin/gnu/h-x86_64-mingw32/bin/../lib/gcc/nios2-elf/5.2.0/../../../../../H-x86_64-mingw32/nios2-elf/lib/mno-hw-mul\libsmallc.a(lib_a-putc.o)
 .debug_aranges
                0x00000000000001b0       0x20 c:/altera_lite/16.0/nios2eds/bin/gnu/h-x86_64-mingw32/bin/../lib/gcc/nios2-elf/5.2.0/../../../../../H-x86_64-mingw32/nios2-elf/lib/mno-hw-mul\libsmallc.a(lib_a-sbrkr.o)
 .debug_aranges
                0x00000000000001d0       0x20 c:/altera_lite/16.0/nios2eds/bin/gnu/h-x86_64-mingw32/bin/../lib/gcc/nios2-elf/5.2.0/../../../../../H-x86_64-mingw32/nios2-elf/lib/mno-hw-mul\libsmallc.a(lib_a-strlen.o)
 .debug_aranges
                0x00000000000001f0       0x20 c:/altera_lite/16.0/nios2eds/bin/gnu/h-x86_64-mingw32/bin/../lib/gcc/nios2-elf/5.2.0/../../../../../H-x86_64-mingw32/nios2-elf/lib/mno-hw-mul\libsmallc.a(lib_a-fvwrite_small_dev.o)
 .debug_aranges
                0x0000000000000210       0x18 c:/altera_lite/16.0/nios2eds/bin/gnu/h-x86_64-mingw32/bin/../lib/gcc/nios2-elf/5.2.0/../../../../../H-x86_64-mingw32/nios2-elf/lib/mno-hw-mul\libsmallc.a(lib_a-int_errno.o)
 .debug_aranges
                0x0000000000000228       0x20 c:/altera_lite/16.0/nios2eds/bin/gnu/h-x86_64-mingw32/bin/../lib/gcc/nios2-elf/5.2.0/../../../../../H-x86_64-mingw32/nios2-elf/lib/mno-hw-mul\libsmallc.a(lib_a-writer.o)
 .debug_aranges
                0x0000000000000248       0x20 ../C_eng_job_bsp/\libhal_bsp.a(alt_load.o)
 .debug_aranges
                0x0000000000000268       0x20 ../C_eng_job_bsp/\libhal_bsp.a(alt_main.o)
 .debug_aranges
                0x0000000000000288       0x20 ../C_eng_job_bsp/\libhal_bsp.a(alt_printf.o)
 .debug_aranges
                0x00000000000002a8       0x20 ../C_eng_job_bsp/\libhal_bsp.a(alt_putchar.o)
 .debug_aranges
                0x00000000000002c8       0x20 ../C_eng_job_bsp/\libhal_bsp.a(alt_sbrk.o)
 .debug_aranges
                0x00000000000002e8       0x20 ../C_eng_job_bsp/\libhal_bsp.a(alt_write.o)
 .debug_aranges
                0x0000000000000308       0x20 ../C_eng_job_bsp/\libhal_bsp.a(alt_sys_init.o)
 .debug_aranges
                0x0000000000000328       0x20 ../C_eng_job_bsp/\libhal_bsp.a(altera_avalon_jtag_uart_fd.o)
 .debug_aranges
                0x0000000000000348       0x20 ../C_eng_job_bsp/\libhal_bsp.a(altera_avalon_jtag_uart_read.o)
 .debug_aranges
                0x0000000000000368       0x20 ../C_eng_job_bsp/\libhal_bsp.a(altera_avalon_jtag_uart_write.o)
 .debug_aranges
                0x0000000000000388       0x20 ../C_eng_job_bsp/\libhal_bsp.a(altera_avalon_spi.o)
 .debug_aranges
                0x00000000000003a8       0x20 ../C_eng_job_bsp/\libhal_bsp.a(altera_modular_adc.o)
 .debug_aranges
                0x00000000000003c8       0x20 ../C_eng_job_bsp/\libhal_bsp.a(alt_dcache_flush_all.o)
 .debug_aranges
                0x00000000000003e8       0x20 ../C_eng_job_bsp/\libhal_bsp.a(alt_dev.o)
 .debug_aranges
                0x0000000000000408       0x20 ../C_eng_job_bsp/\libhal_bsp.a(alt_dev_llist_insert.o)
 .debug_aranges
                0x0000000000000428       0x18 ../C_eng_job_bsp/\libhal_bsp.a(alt_errno.o)
 .debug_aranges
                0x0000000000000440       0x20 ../C_eng_job_bsp/\libhal_bsp.a(alt_find_dev.o)
 .debug_aranges
                0x0000000000000460       0x20 ../C_eng_job_bsp/\libhal_bsp.a(alt_icache_flush_all.o)
 .debug_aranges
                0x0000000000000480       0x20 ../C_eng_job_bsp/\libhal_bsp.a(alt_iic.o)
 .debug_aranges
                0x00000000000004a0       0x20 ../C_eng_job_bsp/\libhal_bsp.a(alt_iic_isr_register.o)
 .debug_aranges
                0x00000000000004c0       0x20 ../C_eng_job_bsp/\libhal_bsp.a(alt_io_redirect.o)
 .debug_aranges
                0x00000000000004e0       0x30 ../C_eng_job_bsp/\libhal_bsp.a(alt_irq_entry.o)
 .debug_aranges
                0x0000000000000510       0x20 ../C_eng_job_bsp/\libhal_bsp.a(alt_irq_handler.o)
 .debug_aranges
                0x0000000000000530       0x18 ../C_eng_job_bsp/\libhal_bsp.a(alt_irq_vars.o)
 .debug_aranges
                0x0000000000000548       0x20 ../C_eng_job_bsp/\libhal_bsp.a(alt_open.o)
 .debug_aranges
                0x0000000000000568       0x20 ../C_eng_job_bsp/\libhal_bsp.a(alt_release_fd.o)
 .debug_aranges
                0x0000000000000588       0x20 ../C_eng_job_bsp/\libhal_bsp.a(altera_nios2_gen2_irq.o)
 .debug_aranges
                0x00000000000005a8       0x38 ../C_eng_job_bsp/\libhal_bsp.a(alt_exception_entry.o)
 .debug_aranges
                0x00000000000005e0       0x20 ../C_eng_job_bsp/\libhal_bsp.a(alt_find_file.o)
 .debug_aranges
                0x0000000000000600       0x20 ../C_eng_job_bsp/\libhal_bsp.a(alt_get_fd.o)
 .debug_aranges
                0x0000000000000620       0x28 ../C_eng_job_bsp/\libhal_bsp.a(alt_instruction_exception_entry.o)
 .debug_aranges
                0x0000000000000648       0x20 c:/altera_lite/16.0/nios2eds/bin/gnu/h-x86_64-mingw32/bin/../lib/gcc/nios2-elf/5.2.0/../../../../../H-x86_64-mingw32/nios2-elf/lib/mno-hw-mul\libsmallc.a(lib_a-memcmp.o)

.debug_pubnames
 *(.debug_pubnames)

.debug_info     0x0000000000000000     0xb137
 *(.debug_info .gnu.linkonce.wi.*)
 .debug_info    0x0000000000000000       0x92 ../C_eng_job_bsp//obj/HAL/src/crt0.o
 .debug_info    0x0000000000000092     0x159b obj/default/hello_world.o
 .debug_info    0x000000000000162d      0x2c3 c:/altera_lite/16.0/nios2eds/bin/gnu/h-x86_64-mingw32/bin/../lib/gcc/nios2-elf/5.2.0/mno-hw-mul\libgcc.a(lib2-divmod.o)
 .debug_info    0x00000000000018f0       0xb4 c:/altera_lite/16.0/nios2eds/bin/gnu/h-x86_64-mingw32/bin/../lib/gcc/nios2-elf/5.2.0/mno-hw-mul\libgcc.a(lib2-mul.o)
 .debug_info    0x00000000000019a4      0x5ed c:/altera_lite/16.0/nios2eds/bin/gnu/h-x86_64-mingw32/bin/../lib/gcc/nios2-elf/5.2.0/../../../../../H-x86_64-mingw32/nios2-elf/lib/mno-hw-mul\libsmallc.a(lib_a-calloc.o)
 .debug_info    0x0000000000001f91      0x5a9 c:/altera_lite/16.0/nios2eds/bin/gnu/h-x86_64-mingw32/bin/../lib/gcc/nios2-elf/5.2.0/../../../../../H-x86_64-mingw32/nios2-elf/lib/mno-hw-mul\libsmallc.a(lib_a-impure.o)
 .debug_info    0x000000000000253a      0x619 c:/altera_lite/16.0/nios2eds/bin/gnu/h-x86_64-mingw32/bin/../lib/gcc/nios2-elf/5.2.0/../../../../../H-x86_64-mingw32/nios2-elf/lib/mno-hw-mul\libsmallc.a(lib_a-malloc.o)
 .debug_info    0x0000000000002b53      0x119 c:/altera_lite/16.0/nios2eds/bin/gnu/h-x86_64-mingw32/bin/../lib/gcc/nios2-elf/5.2.0/../../../../../H-x86_64-mingw32/nios2-elf/lib/mno-hw-mul\libsmallc.a(lib_a-memcpy.o)
 .debug_info    0x0000000000002c6c       0xdc c:/altera_lite/16.0/nios2eds/bin/gnu/h-x86_64-mingw32/bin/../lib/gcc/nios2-elf/5.2.0/../../../../../H-x86_64-mingw32/nios2-elf/lib/mno-hw-mul\libsmallc.a(lib_a-memset.o)
 .debug_info    0x0000000000002d48      0x636 c:/altera_lite/16.0/nios2eds/bin/gnu/h-x86_64-mingw32/bin/../lib/gcc/nios2-elf/5.2.0/../../../../../H-x86_64-mingw32/nios2-elf/lib/mno-hw-mul\libsmallc.a(lib_a-nano-callocr.o)
 .debug_info    0x000000000000337e      0x68c c:/altera_lite/16.0/nios2eds/bin/gnu/h-x86_64-mingw32/bin/../lib/gcc/nios2-elf/5.2.0/../../../../../H-x86_64-mingw32/nios2-elf/lib/mno-hw-mul\libsmallc.a(lib_a-nano-freer.o)
 .debug_info    0x0000000000003a0a      0x752 c:/altera_lite/16.0/nios2eds/bin/gnu/h-x86_64-mingw32/bin/../lib/gcc/nios2-elf/5.2.0/../../../../../H-x86_64-mingw32/nios2-elf/lib/mno-hw-mul\libsmallc.a(lib_a-nano-mallocr.o)
 .debug_info    0x000000000000415c      0x672 c:/altera_lite/16.0/nios2eds/bin/gnu/h-x86_64-mingw32/bin/../lib/gcc/nios2-elf/5.2.0/../../../../../H-x86_64-mingw32/nios2-elf/lib/mno-hw-mul\libsmallc.a(lib_a-putc.o)
 .debug_info    0x00000000000047ce      0x608 c:/altera_lite/16.0/nios2eds/bin/gnu/h-x86_64-mingw32/bin/../lib/gcc/nios2-elf/5.2.0/../../../../../H-x86_64-mingw32/nios2-elf/lib/mno-hw-mul\libsmallc.a(lib_a-sbrkr.o)
 .debug_info    0x0000000000004dd6       0xc9 c:/altera_lite/16.0/nios2eds/bin/gnu/h-x86_64-mingw32/bin/../lib/gcc/nios2-elf/5.2.0/../../../../../H-x86_64-mingw32/nios2-elf/lib/mno-hw-mul\libsmallc.a(lib_a-strlen.o)
 .debug_info    0x0000000000004e9f      0x62b c:/altera_lite/16.0/nios2eds/bin/gnu/h-x86_64-mingw32/bin/../lib/gcc/nios2-elf/5.2.0/../../../../../H-x86_64-mingw32/nios2-elf/lib/mno-hw-mul\libsmallc.a(lib_a-fvwrite_small_dev.o)
 .debug_info    0x00000000000054ca       0x8a c:/altera_lite/16.0/nios2eds/bin/gnu/h-x86_64-mingw32/bin/../lib/gcc/nios2-elf/5.2.0/../../../../../H-x86_64-mingw32/nios2-elf/lib/mno-hw-mul\libsmallc.a(lib_a-int_errno.o)
 .debug_info    0x0000000000005554      0x630 c:/altera_lite/16.0/nios2eds/bin/gnu/h-x86_64-mingw32/bin/../lib/gcc/nios2-elf/5.2.0/../../../../../H-x86_64-mingw32/nios2-elf/lib/mno-hw-mul\libsmallc.a(lib_a-writer.o)
 .debug_info    0x0000000000005b84      0x1c9 ../C_eng_job_bsp/\libhal_bsp.a(alt_load.o)
 .debug_info    0x0000000000005d4d      0x19d ../C_eng_job_bsp/\libhal_bsp.a(alt_main.o)
 .debug_info    0x0000000000005eea      0x14d ../C_eng_job_bsp/\libhal_bsp.a(alt_printf.o)
 .debug_info    0x0000000000006037      0x8c3 ../C_eng_job_bsp/\libhal_bsp.a(alt_putchar.o)
 .debug_info    0x00000000000068fa      0x1aa ../C_eng_job_bsp/\libhal_bsp.a(alt_sbrk.o)
 .debug_info    0x0000000000006aa4      0x4f3 ../C_eng_job_bsp/\libhal_bsp.a(alt_write.o)
 .debug_info    0x0000000000006f97      0x4d7 ../C_eng_job_bsp/\libhal_bsp.a(alt_sys_init.o)
 .debug_info    0x000000000000746e      0x3f5 ../C_eng_job_bsp/\libhal_bsp.a(altera_avalon_jtag_uart_fd.o)
 .debug_info    0x0000000000007863      0x1b4 ../C_eng_job_bsp/\libhal_bsp.a(altera_avalon_jtag_uart_read.o)
 .debug_info    0x0000000000007a17      0x197 ../C_eng_job_bsp/\libhal_bsp.a(altera_avalon_jtag_uart_write.o)
 .debug_info    0x0000000000007bae      0x194 ../C_eng_job_bsp/\libhal_bsp.a(altera_avalon_spi.o)
 .debug_info    0x0000000000007d42      0x957 ../C_eng_job_bsp/\libhal_bsp.a(altera_modular_adc.o)
 .debug_info    0x0000000000008699       0x92 ../C_eng_job_bsp/\libhal_bsp.a(alt_dcache_flush_all.o)
 .debug_info    0x000000000000872b      0x499 ../C_eng_job_bsp/\libhal_bsp.a(alt_dev.o)
 .debug_info    0x0000000000008bc4      0x1af ../C_eng_job_bsp/\libhal_bsp.a(alt_dev_llist_insert.o)
 .debug_info    0x0000000000008d73       0xa6 ../C_eng_job_bsp/\libhal_bsp.a(alt_errno.o)
 .debug_info    0x0000000000008e19      0x32d ../C_eng_job_bsp/\libhal_bsp.a(alt_find_dev.o)
 .debug_info    0x0000000000009146       0x92 ../C_eng_job_bsp/\libhal_bsp.a(alt_icache_flush_all.o)
 .debug_info    0x00000000000091d8      0x386 ../C_eng_job_bsp/\libhal_bsp.a(alt_iic.o)
 .debug_info    0x000000000000955e      0x232 ../C_eng_job_bsp/\libhal_bsp.a(alt_iic_isr_register.o)
 .debug_info    0x0000000000009790      0x567 ../C_eng_job_bsp/\libhal_bsp.a(alt_io_redirect.o)
 .debug_info    0x0000000000009cf7       0x9b ../C_eng_job_bsp/\libhal_bsp.a(alt_irq_entry.o)
 .debug_info    0x0000000000009d92      0x18c ../C_eng_job_bsp/\libhal_bsp.a(alt_irq_handler.o)
 .debug_info    0x0000000000009f1e       0x88 ../C_eng_job_bsp/\libhal_bsp.a(alt_irq_vars.o)
 .debug_info    0x0000000000009fa6      0x480 ../C_eng_job_bsp/\libhal_bsp.a(alt_open.o)
 .debug_info    0x000000000000a426      0x2b1 ../C_eng_job_bsp/\libhal_bsp.a(alt_release_fd.o)
 .debug_info    0x000000000000a6d7       0x92 ../C_eng_job_bsp/\libhal_bsp.a(altera_nios2_gen2_irq.o)
 .debug_info    0x000000000000a769       0xa1 ../C_eng_job_bsp/\libhal_bsp.a(alt_exception_entry.o)
 .debug_info    0x000000000000a80a      0x329 ../C_eng_job_bsp/\libhal_bsp.a(alt_find_file.o)
 .debug_info    0x000000000000ab33      0x313 ../C_eng_job_bsp/\libhal_bsp.a(alt_get_fd.o)
 .debug_info    0x000000000000ae46      0x1fd ../C_eng_job_bsp/\libhal_bsp.a(alt_instruction_exception_entry.o)
 .debug_info    0x000000000000b043       0xf4 c:/altera_lite/16.0/nios2eds/bin/gnu/h-x86_64-mingw32/bin/../lib/gcc/nios2-elf/5.2.0/../../../../../H-x86_64-mingw32/nios2-elf/lib/mno-hw-mul\libsmallc.a(lib_a-memcmp.o)

.debug_abbrev   0x0000000000000000     0x375c
 *(.debug_abbrev)
 .debug_abbrev  0x0000000000000000       0x12 ../C_eng_job_bsp//obj/HAL/src/crt0.o
 .debug_abbrev  0x0000000000000012      0x30f obj/default/hello_world.o
 .debug_abbrev  0x0000000000000321      0x10e c:/altera_lite/16.0/nios2eds/bin/gnu/h-x86_64-mingw32/bin/../lib/gcc/nios2-elf/5.2.0/mno-hw-mul\libgcc.a(lib2-divmod.o)
 .debug_abbrev  0x000000000000042f       0x6f c:/altera_lite/16.0/nios2eds/bin/gnu/h-x86_64-mingw32/bin/../lib/gcc/nios2-elf/5.2.0/mno-hw-mul\libgcc.a(lib2-mul.o)
 .debug_abbrev  0x000000000000049e      0x1a4 c:/altera_lite/16.0/nios2eds/bin/gnu/h-x86_64-mingw32/bin/../lib/gcc/nios2-elf/5.2.0/../../../../../H-x86_64-mingw32/nios2-elf/lib/mno-hw-mul\libsmallc.a(lib_a-calloc.o)
 .debug_abbrev  0x0000000000000642      0x14a c:/altera_lite/16.0/nios2eds/bin/gnu/h-x86_64-mingw32/bin/../lib/gcc/nios2-elf/5.2.0/../../../../../H-x86_64-mingw32/nios2-elf/lib/mno-hw-mul\libsmallc.a(lib_a-impure.o)
 .debug_abbrev  0x000000000000078c      0x1af c:/altera_lite/16.0/nios2eds/bin/gnu/h-x86_64-mingw32/bin/../lib/gcc/nios2-elf/5.2.0/../../../../../H-x86_64-mingw32/nios2-elf/lib/mno-hw-mul\libsmallc.a(lib_a-malloc.o)
 .debug_abbrev  0x000000000000093b       0x9c c:/altera_lite/16.0/nios2eds/bin/gnu/h-x86_64-mingw32/bin/../lib/gcc/nios2-elf/5.2.0/../../../../../H-x86_64-mingw32/nios2-elf/lib/mno-hw-mul\libsmallc.a(lib_a-memcpy.o)
 .debug_abbrev  0x00000000000009d7       0x8e c:/altera_lite/16.0/nios2eds/bin/gnu/h-x86_64-mingw32/bin/../lib/gcc/nios2-elf/5.2.0/../../../../../H-x86_64-mingw32/nios2-elf/lib/mno-hw-mul\libsmallc.a(lib_a-memset.o)
 .debug_abbrev  0x0000000000000a65      0x1ac c:/altera_lite/16.0/nios2eds/bin/gnu/h-x86_64-mingw32/bin/../lib/gcc/nios2-elf/5.2.0/../../../../../H-x86_64-mingw32/nios2-elf/lib/mno-hw-mul\libsmallc.a(lib_a-nano-callocr.o)
 .debug_abbrev  0x0000000000000c11      0x1dd c:/altera_lite/16.0/nios2eds/bin/gnu/h-x86_64-mingw32/bin/../lib/gcc/nios2-elf/5.2.0/../../../../../H-x86_64-mingw32/nios2-elf/lib/mno-hw-mul\libsmallc.a(lib_a-nano-freer.o)
 .debug_abbrev  0x0000000000000dee      0x269 c:/altera_lite/16.0/nios2eds/bin/gnu/h-x86_64-mingw32/bin/../lib/gcc/nios2-elf/5.2.0/../../../../../H-x86_64-mingw32/nios2-elf/lib/mno-hw-mul\libsmallc.a(lib_a-nano-mallocr.o)
 .debug_abbrev  0x0000000000001057      0x1bd c:/altera_lite/16.0/nios2eds/bin/gnu/h-x86_64-mingw32/bin/../lib/gcc/nios2-elf/5.2.0/../../../../../H-x86_64-mingw32/nios2-elf/lib/mno-hw-mul\libsmallc.a(lib_a-putc.o)
 .debug_abbrev  0x0000000000001214      0x1c5 c:/altera_lite/16.0/nios2eds/bin/gnu/h-x86_64-mingw32/bin/../lib/gcc/nios2-elf/5.2.0/../../../../../H-x86_64-mingw32/nios2-elf/lib/mno-hw-mul\libsmallc.a(lib_a-sbrkr.o)
 .debug_abbrev  0x00000000000013d9       0x7f c:/altera_lite/16.0/nios2eds/bin/gnu/h-x86_64-mingw32/bin/../lib/gcc/nios2-elf/5.2.0/../../../../../H-x86_64-mingw32/nios2-elf/lib/mno-hw-mul\libsmallc.a(lib_a-strlen.o)
 .debug_abbrev  0x0000000000001458      0x1bc c:/altera_lite/16.0/nios2eds/bin/gnu/h-x86_64-mingw32/bin/../lib/gcc/nios2-elf/5.2.0/../../../../../H-x86_64-mingw32/nios2-elf/lib/mno-hw-mul\libsmallc.a(lib_a-fvwrite_small_dev.o)
 .debug_abbrev  0x0000000000001614       0x37 c:/altera_lite/16.0/nios2eds/bin/gnu/h-x86_64-mingw32/bin/../lib/gcc/nios2-elf/5.2.0/../../../../../H-x86_64-mingw32/nios2-elf/lib/mno-hw-mul\libsmallc.a(lib_a-int_errno.o)
 .debug_abbrev  0x000000000000164b      0x1a6 c:/altera_lite/16.0/nios2eds/bin/gnu/h-x86_64-mingw32/bin/../lib/gcc/nios2-elf/5.2.0/../../../../../H-x86_64-mingw32/nios2-elf/lib/mno-hw-mul\libsmallc.a(lib_a-writer.o)
 .debug_abbrev  0x00000000000017f1       0xd8 ../C_eng_job_bsp/\libhal_bsp.a(alt_load.o)
 .debug_abbrev  0x00000000000018c9       0xee ../C_eng_job_bsp/\libhal_bsp.a(alt_main.o)
 .debug_abbrev  0x00000000000019b7       0xd5 ../C_eng_job_bsp/\libhal_bsp.a(alt_printf.o)
 .debug_abbrev  0x0000000000001a8c      0x1da ../C_eng_job_bsp/\libhal_bsp.a(alt_putchar.o)
 .debug_abbrev  0x0000000000001c66      0x11b ../C_eng_job_bsp/\libhal_bsp.a(alt_sbrk.o)
 .debug_abbrev  0x0000000000001d81      0x152 ../C_eng_job_bsp/\libhal_bsp.a(alt_write.o)
 .debug_abbrev  0x0000000000001ed3      0x1aa ../C_eng_job_bsp/\libhal_bsp.a(alt_sys_init.o)
 .debug_abbrev  0x000000000000207d      0x122 ../C_eng_job_bsp/\libhal_bsp.a(altera_avalon_jtag_uart_fd.o)
 .debug_abbrev  0x000000000000219f      0x102 ../C_eng_job_bsp/\libhal_bsp.a(altera_avalon_jtag_uart_read.o)
 .debug_abbrev  0x00000000000022a1       0xd5 ../C_eng_job_bsp/\libhal_bsp.a(altera_avalon_jtag_uart_write.o)
 .debug_abbrev  0x0000000000002376       0xa8 ../C_eng_job_bsp/\libhal_bsp.a(altera_avalon_spi.o)
 .debug_abbrev  0x000000000000241e      0x28e ../C_eng_job_bsp/\libhal_bsp.a(altera_modular_adc.o)
 .debug_abbrev  0x00000000000026ac       0x42 ../C_eng_job_bsp/\libhal_bsp.a(alt_dcache_flush_all.o)
 .debug_abbrev  0x00000000000026ee       0xd9 ../C_eng_job_bsp/\libhal_bsp.a(alt_dev.o)
 .debug_abbrev  0x00000000000027c7      0x11c ../C_eng_job_bsp/\libhal_bsp.a(alt_dev_llist_insert.o)
 .debug_abbrev  0x00000000000028e3       0x5a ../C_eng_job_bsp/\libhal_bsp.a(alt_errno.o)
 .debug_abbrev  0x000000000000293d      0x125 ../C_eng_job_bsp/\libhal_bsp.a(alt_find_dev.o)
 .debug_abbrev  0x0000000000002a62       0x42 ../C_eng_job_bsp/\libhal_bsp.a(alt_icache_flush_all.o)
 .debug_abbrev  0x0000000000002aa4      0x197 ../C_eng_job_bsp/\libhal_bsp.a(alt_iic.o)
 .debug_abbrev  0x0000000000002c3b      0x19c ../C_eng_job_bsp/\libhal_bsp.a(alt_iic_isr_register.o)
 .debug_abbrev  0x0000000000002dd7      0x189 ../C_eng_job_bsp/\libhal_bsp.a(alt_io_redirect.o)
 .debug_abbrev  0x0000000000002f60       0x12 ../C_eng_job_bsp/\libhal_bsp.a(alt_irq_entry.o)
 .debug_abbrev  0x0000000000002f72      0x122 ../C_eng_job_bsp/\libhal_bsp.a(alt_irq_handler.o)
 .debug_abbrev  0x0000000000003094       0x40 ../C_eng_job_bsp/\libhal_bsp.a(alt_irq_vars.o)
 .debug_abbrev  0x00000000000030d4      0x1be ../C_eng_job_bsp/\libhal_bsp.a(alt_open.o)
 .debug_abbrev  0x0000000000003292       0xde ../C_eng_job_bsp/\libhal_bsp.a(alt_release_fd.o)
 .debug_abbrev  0x0000000000003370       0x42 ../C_eng_job_bsp/\libhal_bsp.a(altera_nios2_gen2_irq.o)
 .debug_abbrev  0x00000000000033b2       0x12 ../C_eng_job_bsp/\libhal_bsp.a(alt_exception_entry.o)
 .debug_abbrev  0x00000000000033c4      0x125 ../C_eng_job_bsp/\libhal_bsp.a(alt_find_file.o)
 .debug_abbrev  0x00000000000034e9      0x10d ../C_eng_job_bsp/\libhal_bsp.a(alt_get_fd.o)
 .debug_abbrev  0x00000000000035f6       0xe7 ../C_eng_job_bsp/\libhal_bsp.a(alt_instruction_exception_entry.o)
 .debug_abbrev  0x00000000000036dd       0x7f c:/altera_lite/16.0/nios2eds/bin/gnu/h-x86_64-mingw32/bin/../lib/gcc/nios2-elf/5.2.0/../../../../../H-x86_64-mingw32/nios2-elf/lib/mno-hw-mul\libsmallc.a(lib_a-memcmp.o)

.debug_line     0x0000000000000000     0x3aaa
 *(.debug_line)
 .debug_line    0x0000000000000000       0x66 ../C_eng_job_bsp//obj/HAL/src/crt0.o
 .debug_line    0x0000000000000066      0x504 obj/default/hello_world.o
 .debug_line    0x000000000000056a      0x105 c:/altera_lite/16.0/nios2eds/bin/gnu/h-x86_64-mingw32/bin/../lib/gcc/nios2-elf/5.2.0/mno-hw-mul\libgcc.a(lib2-divmod.o)
 .debug_line    0x000000000000066f       0x80 c:/altera_lite/16.0/nios2eds/bin/gnu/h-x86_64-mingw32/bin/../lib/gcc/nios2-elf/5.2.0/mno-hw-mul\libgcc.a(lib2-mul.o)
 .debug_line    0x00000000000006ef      0x1d6 c:/altera_lite/16.0/nios2eds/bin/gnu/h-x86_64-mingw32/bin/../lib/gcc/nios2-elf/5.2.0/../../../../../H-x86_64-mingw32/nios2-elf/lib/mno-hw-mul\libsmallc.a(lib_a-calloc.o)
 .debug_line    0x00000000000008c5      0x156 c:/altera_lite/16.0/nios2eds/bin/gnu/h-x86_64-mingw32/bin/../lib/gcc/nios2-elf/5.2.0/../../../../../H-x86_64-mingw32/nios2-elf/lib/mno-hw-mul\libsmallc.a(lib_a-impure.o)
 .debug_line    0x0000000000000a1b      0x1e9 c:/altera_lite/16.0/nios2eds/bin/gnu/h-x86_64-mingw32/bin/../lib/gcc/nios2-elf/5.2.0/../../../../../H-x86_64-mingw32/nios2-elf/lib/mno-hw-mul\libsmallc.a(lib_a-malloc.o)
 .debug_line    0x0000000000000c04      0x15e c:/altera_lite/16.0/nios2eds/bin/gnu/h-x86_64-mingw32/bin/../lib/gcc/nios2-elf/5.2.0/../../../../../H-x86_64-mingw32/nios2-elf/lib/mno-hw-mul\libsmallc.a(lib_a-memcpy.o)
 .debug_line    0x0000000000000d62      0x15d c:/altera_lite/16.0/nios2eds/bin/gnu/h-x86_64-mingw32/bin/../lib/gcc/nios2-elf/5.2.0/../../../../../H-x86_64-mingw32/nios2-elf/lib/mno-hw-mul\libsmallc.a(lib_a-memset.o)
 .debug_line    0x0000000000000ebf      0x1e6 c:/altera_lite/16.0/nios2eds/bin/gnu/h-x86_64-mingw32/bin/../lib/gcc/nios2-elf/5.2.0/../../../../../H-x86_64-mingw32/nios2-elf/lib/mno-hw-mul\libsmallc.a(lib_a-nano-callocr.o)
 .debug_line    0x00000000000010a5      0x1a2 c:/altera_lite/16.0/nios2eds/bin/gnu/h-x86_64-mingw32/bin/../lib/gcc/nios2-elf/5.2.0/../../../../../H-x86_64-mingw32/nios2-elf/lib/mno-hw-mul\libsmallc.a(lib_a-nano-freer.o)
 .debug_line    0x0000000000001247      0x225 c:/altera_lite/16.0/nios2eds/bin/gnu/h-x86_64-mingw32/bin/../lib/gcc/nios2-elf/5.2.0/../../../../../H-x86_64-mingw32/nios2-elf/lib/mno-hw-mul\libsmallc.a(lib_a-nano-mallocr.o)
 .debug_line    0x000000000000146c      0x202 c:/altera_lite/16.0/nios2eds/bin/gnu/h-x86_64-mingw32/bin/../lib/gcc/nios2-elf/5.2.0/../../../../../H-x86_64-mingw32/nios2-elf/lib/mno-hw-mul\libsmallc.a(lib_a-putc.o)
 .debug_line    0x000000000000166e      0x1e0 c:/altera_lite/16.0/nios2eds/bin/gnu/h-x86_64-mingw32/bin/../lib/gcc/nios2-elf/5.2.0/../../../../../H-x86_64-mingw32/nios2-elf/lib/mno-hw-mul\libsmallc.a(lib_a-sbrkr.o)
 .debug_line    0x000000000000184e      0x15c c:/altera_lite/16.0/nios2eds/bin/gnu/h-x86_64-mingw32/bin/../lib/gcc/nios2-elf/5.2.0/../../../../../H-x86_64-mingw32/nios2-elf/lib/mno-hw-mul\libsmallc.a(lib_a-strlen.o)
 .debug_line    0x00000000000019aa      0x1f0 c:/altera_lite/16.0/nios2eds/bin/gnu/h-x86_64-mingw32/bin/../lib/gcc/nios2-elf/5.2.0/../../../../../H-x86_64-mingw32/nios2-elf/lib/mno-hw-mul\libsmallc.a(lib_a-fvwrite_small_dev.o)
 .debug_line    0x0000000000001b9a       0x5f c:/altera_lite/16.0/nios2eds/bin/gnu/h-x86_64-mingw32/bin/../lib/gcc/nios2-elf/5.2.0/../../../../../H-x86_64-mingw32/nios2-elf/lib/mno-hw-mul\libsmallc.a(lib_a-int_errno.o)
 .debug_line    0x0000000000001bf9      0x1ed c:/altera_lite/16.0/nios2eds/bin/gnu/h-x86_64-mingw32/bin/../lib/gcc/nios2-elf/5.2.0/../../../../../H-x86_64-mingw32/nios2-elf/lib/mno-hw-mul\libsmallc.a(lib_a-writer.o)
 .debug_line    0x0000000000001de6       0xa5 ../C_eng_job_bsp/\libhal_bsp.a(alt_load.o)
 .debug_line    0x0000000000001e8b       0xc1 ../C_eng_job_bsp/\libhal_bsp.a(alt_main.o)
 .debug_line    0x0000000000001f4c      0x10f ../C_eng_job_bsp/\libhal_bsp.a(alt_printf.o)
 .debug_line    0x000000000000205b      0x16c ../C_eng_job_bsp/\libhal_bsp.a(alt_putchar.o)
 .debug_line    0x00000000000021c7       0xef ../C_eng_job_bsp/\libhal_bsp.a(alt_sbrk.o)
 .debug_line    0x00000000000022b6      0x1c4 ../C_eng_job_bsp/\libhal_bsp.a(alt_write.o)
 .debug_line    0x000000000000247a      0x16c ../C_eng_job_bsp/\libhal_bsp.a(alt_sys_init.o)
 .debug_line    0x00000000000025e6      0x10b ../C_eng_job_bsp/\libhal_bsp.a(altera_avalon_jtag_uart_fd.o)
 .debug_line    0x00000000000026f1       0xfb ../C_eng_job_bsp/\libhal_bsp.a(altera_avalon_jtag_uart_read.o)
 .debug_line    0x00000000000027ec       0xf0 ../C_eng_job_bsp/\libhal_bsp.a(altera_avalon_jtag_uart_write.o)
 .debug_line    0x00000000000028dc       0xc5 ../C_eng_job_bsp/\libhal_bsp.a(altera_avalon_spi.o)
 .debug_line    0x00000000000029a1      0x211 ../C_eng_job_bsp/\libhal_bsp.a(altera_modular_adc.o)
 .debug_line    0x0000000000002bb2       0x4e ../C_eng_job_bsp/\libhal_bsp.a(alt_dcache_flush_all.o)
 .debug_line    0x0000000000002c00       0xf3 ../C_eng_job_bsp/\libhal_bsp.a(alt_dev.o)
 .debug_line    0x0000000000002cf3       0xd8 ../C_eng_job_bsp/\libhal_bsp.a(alt_dev_llist_insert.o)
 .debug_line    0x0000000000002dcb       0x51 ../C_eng_job_bsp/\libhal_bsp.a(alt_errno.o)
 .debug_line    0x0000000000002e1c      0x104 ../C_eng_job_bsp/\libhal_bsp.a(alt_find_dev.o)
 .debug_line    0x0000000000002f20       0x4e ../C_eng_job_bsp/\libhal_bsp.a(alt_icache_flush_all.o)
 .debug_line    0x0000000000002f6e       0xf1 ../C_eng_job_bsp/\libhal_bsp.a(alt_iic.o)
 .debug_line    0x000000000000305f       0xd6 ../C_eng_job_bsp/\libhal_bsp.a(alt_iic_isr_register.o)
 .debug_line    0x0000000000003135      0x14a ../C_eng_job_bsp/\libhal_bsp.a(alt_io_redirect.o)
 .debug_line    0x000000000000327f       0x6b ../C_eng_job_bsp/\libhal_bsp.a(alt_irq_entry.o)
 .debug_line    0x00000000000032ea       0xa5 ../C_eng_job_bsp/\libhal_bsp.a(alt_irq_handler.o)
 .debug_line    0x000000000000338f       0x50 ../C_eng_job_bsp/\libhal_bsp.a(alt_irq_vars.o)
 .debug_line    0x00000000000033df      0x105 ../C_eng_job_bsp/\libhal_bsp.a(alt_open.o)
 .debug_line    0x00000000000034e4       0xb1 ../C_eng_job_bsp/\libhal_bsp.a(alt_release_fd.o)
 .debug_line    0x0000000000003595       0x50 ../C_eng_job_bsp/\libhal_bsp.a(altera_nios2_gen2_irq.o)
 .debug_line    0x00000000000035e5       0xb3 ../C_eng_job_bsp/\libhal_bsp.a(alt_exception_entry.o)
 .debug_line    0x0000000000003698      0x11f ../C_eng_job_bsp/\libhal_bsp.a(alt_find_file.o)
 .debug_line    0x00000000000037b7       0xd4 ../C_eng_job_bsp/\libhal_bsp.a(alt_get_fd.o)
 .debug_line    0x000000000000388b       0xbf ../C_eng_job_bsp/\libhal_bsp.a(alt_instruction_exception_entry.o)
 .debug_line    0x000000000000394a      0x160 c:/altera_lite/16.0/nios2eds/bin/gnu/h-x86_64-mingw32/bin/../lib/gcc/nios2-elf/5.2.0/../../../../../H-x86_64-mingw32/nios2-elf/lib/mno-hw-mul\libsmallc.a(lib_a-memcmp.o)

.debug_frame    0x0000000000000000      0xdc0
 *(.debug_frame)
 .debug_frame   0x0000000000000000      0x414 obj/default/hello_world.o
 .debug_frame   0x0000000000000414       0x50 c:/altera_lite/16.0/nios2eds/bin/gnu/h-x86_64-mingw32/bin/../lib/gcc/nios2-elf/5.2.0/mno-hw-mul\libgcc.a(lib2-divmod.o)
 .debug_frame   0x0000000000000464       0x20 c:/altera_lite/16.0/nios2eds/bin/gnu/h-x86_64-mingw32/bin/../lib/gcc/nios2-elf/5.2.0/mno-hw-mul\libgcc.a(lib2-mul.o)
 .debug_frame   0x0000000000000484       0x20 c:/altera_lite/16.0/nios2eds/bin/gnu/h-x86_64-mingw32/bin/../lib/gcc/nios2-elf/5.2.0/../../../../../H-x86_64-mingw32/nios2-elf/lib/mno-hw-mul\libsmallc.a(lib_a-calloc.o)
 .debug_frame   0x00000000000004a4       0x30 c:/altera_lite/16.0/nios2eds/bin/gnu/h-x86_64-mingw32/bin/../lib/gcc/nios2-elf/5.2.0/../../../../../H-x86_64-mingw32/nios2-elf/lib/mno-hw-mul\libsmallc.a(lib_a-malloc.o)
 .debug_frame   0x00000000000004d4       0x20 c:/altera_lite/16.0/nios2eds/bin/gnu/h-x86_64-mingw32/bin/../lib/gcc/nios2-elf/5.2.0/../../../../../H-x86_64-mingw32/nios2-elf/lib/mno-hw-mul\libsmallc.a(lib_a-memcpy.o)
 .debug_frame   0x00000000000004f4       0x20 c:/altera_lite/16.0/nios2eds/bin/gnu/h-x86_64-mingw32/bin/../lib/gcc/nios2-elf/5.2.0/../../../../../H-x86_64-mingw32/nios2-elf/lib/mno-hw-mul\libsmallc.a(lib_a-memset.o)
 .debug_frame   0x0000000000000514       0x34 c:/altera_lite/16.0/nios2eds/bin/gnu/h-x86_64-mingw32/bin/../lib/gcc/nios2-elf/5.2.0/../../../../../H-x86_64-mingw32/nios2-elf/lib/mno-hw-mul\libsmallc.a(lib_a-nano-callocr.o)
 .debug_frame   0x0000000000000548       0x20 c:/altera_lite/16.0/nios2eds/bin/gnu/h-x86_64-mingw32/bin/../lib/gcc/nios2-elf/5.2.0/../../../../../H-x86_64-mingw32/nios2-elf/lib/mno-hw-mul\libsmallc.a(lib_a-nano-freer.o)
 .debug_frame   0x0000000000000568       0x40 c:/altera_lite/16.0/nios2eds/bin/gnu/h-x86_64-mingw32/bin/../lib/gcc/nios2-elf/5.2.0/../../../../../H-x86_64-mingw32/nios2-elf/lib/mno-hw-mul\libsmallc.a(lib_a-nano-mallocr.o)
 .debug_frame   0x00000000000005a8       0x50 c:/altera_lite/16.0/nios2eds/bin/gnu/h-x86_64-mingw32/bin/../lib/gcc/nios2-elf/5.2.0/../../../../../H-x86_64-mingw32/nios2-elf/lib/mno-hw-mul\libsmallc.a(lib_a-putc.o)
 .debug_frame   0x00000000000005f8       0x38 c:/altera_lite/16.0/nios2eds/bin/gnu/h-x86_64-mingw32/bin/../lib/gcc/nios2-elf/5.2.0/../../../../../H-x86_64-mingw32/nios2-elf/lib/mno-hw-mul\libsmallc.a(lib_a-sbrkr.o)
 .debug_frame   0x0000000000000630       0x20 c:/altera_lite/16.0/nios2eds/bin/gnu/h-x86_64-mingw32/bin/../lib/gcc/nios2-elf/5.2.0/../../../../../H-x86_64-mingw32/nios2-elf/lib/mno-hw-mul\libsmallc.a(lib_a-strlen.o)
 .debug_frame   0x0000000000000650       0x58 c:/altera_lite/16.0/nios2eds/bin/gnu/h-x86_64-mingw32/bin/../lib/gcc/nios2-elf/5.2.0/../../../../../H-x86_64-mingw32/nios2-elf/lib/mno-hw-mul\libsmallc.a(lib_a-fvwrite_small_dev.o)
 .debug_frame   0x00000000000006a8       0x38 c:/altera_lite/16.0/nios2eds/bin/gnu/h-x86_64-mingw32/bin/../lib/gcc/nios2-elf/5.2.0/../../../../../H-x86_64-mingw32/nios2-elf/lib/mno-hw-mul\libsmallc.a(lib_a-writer.o)
 .debug_frame   0x00000000000006e0       0x30 ../C_eng_job_bsp/\libhal_bsp.a(alt_load.o)
 .debug_frame   0x0000000000000710       0x2c ../C_eng_job_bsp/\libhal_bsp.a(alt_main.o)
 .debug_frame   0x000000000000073c       0x54 ../C_eng_job_bsp/\libhal_bsp.a(alt_printf.o)
 .debug_frame   0x0000000000000790       0x20 ../C_eng_job_bsp/\libhal_bsp.a(alt_putchar.o)
 .debug_frame   0x00000000000007b0       0x20 ../C_eng_job_bsp/\libhal_bsp.a(alt_sbrk.o)
 .debug_frame   0x00000000000007d0       0x50 ../C_eng_job_bsp/\libhal_bsp.a(alt_write.o)
 .debug_frame   0x0000000000000820       0x48 ../C_eng_job_bsp/\libhal_bsp.a(alt_sys_init.o)
 .debug_frame   0x0000000000000868       0x30 ../C_eng_job_bsp/\libhal_bsp.a(altera_avalon_jtag_uart_fd.o)
 .debug_frame   0x0000000000000898       0x20 ../C_eng_job_bsp/\libhal_bsp.a(altera_avalon_jtag_uart_read.o)
 .debug_frame   0x00000000000008b8       0x20 ../C_eng_job_bsp/\libhal_bsp.a(altera_avalon_jtag_uart_write.o)
 .debug_frame   0x00000000000008d8       0x20 ../C_eng_job_bsp/\libhal_bsp.a(altera_avalon_spi.o)
 .debug_frame   0x00000000000008f8      0x15c ../C_eng_job_bsp/\libhal_bsp.a(altera_modular_adc.o)
 .debug_frame   0x0000000000000a54       0x20 ../C_eng_job_bsp/\libhal_bsp.a(alt_dcache_flush_all.o)
 .debug_frame   0x0000000000000a74       0x20 ../C_eng_job_bsp/\libhal_bsp.a(alt_dev.o)
 .debug_frame   0x0000000000000a94       0x2c ../C_eng_job_bsp/\libhal_bsp.a(alt_dev_llist_insert.o)
 .debug_frame   0x0000000000000ac0       0x3c ../C_eng_job_bsp/\libhal_bsp.a(alt_find_dev.o)
 .debug_frame   0x0000000000000afc       0x20 ../C_eng_job_bsp/\libhal_bsp.a(alt_icache_flush_all.o)
 .debug_frame   0x0000000000000b1c       0x50 ../C_eng_job_bsp/\libhal_bsp.a(alt_iic.o)
 .debug_frame   0x0000000000000b6c       0x30 ../C_eng_job_bsp/\libhal_bsp.a(alt_iic_isr_register.o)
 .debug_frame   0x0000000000000b9c       0x74 ../C_eng_job_bsp/\libhal_bsp.a(alt_io_redirect.o)
 .debug_frame   0x0000000000000c10       0x34 ../C_eng_job_bsp/\libhal_bsp.a(alt_irq_handler.o)
 .debug_frame   0x0000000000000c44       0x54 ../C_eng_job_bsp/\libhal_bsp.a(alt_open.o)
 .debug_frame   0x0000000000000c98       0x34 ../C_eng_job_bsp/\libhal_bsp.a(alt_release_fd.o)
 .debug_frame   0x0000000000000ccc       0x20 ../C_eng_job_bsp/\libhal_bsp.a(altera_nios2_gen2_irq.o)
 .debug_frame   0x0000000000000cec       0x44 ../C_eng_job_bsp/\libhal_bsp.a(alt_find_file.o)
 .debug_frame   0x0000000000000d30       0x40 ../C_eng_job_bsp/\libhal_bsp.a(alt_get_fd.o)
 .debug_frame   0x0000000000000d70       0x30 ../C_eng_job_bsp/\libhal_bsp.a(alt_instruction_exception_entry.o)
 .debug_frame   0x0000000000000da0       0x20 c:/altera_lite/16.0/nios2eds/bin/gnu/h-x86_64-mingw32/bin/../lib/gcc/nios2-elf/5.2.0/../../../../../H-x86_64-mingw32/nios2-elf/lib/mno-hw-mul\libsmallc.a(lib_a-memcmp.o)

.debug_str      0x0000000000000000     0x22ce
 *(.debug_str)
 .debug_str     0x0000000000000000      0x7eb obj/default/hello_world.o
                                        0x8ca (size before relaxing)
 .debug_str     0x00000000000007eb      0x187 c:/altera_lite/16.0/nios2eds/bin/gnu/h-x86_64-mingw32/bin/../lib/gcc/nios2-elf/5.2.0/mno-hw-mul\libgcc.a(lib2-divmod.o)
                                        0x1d2 (size before relaxing)
 .debug_str     0x0000000000000972       0x40 c:/altera_lite/16.0/nios2eds/bin/gnu/h-x86_64-mingw32/bin/../lib/gcc/nios2-elf/5.2.0/mno-hw-mul\libgcc.a(lib2-mul.o)
                                        0x193 (size before relaxing)
 .debug_str     0x00000000000009b2      0x196 c:/altera_lite/16.0/nios2eds/bin/gnu/h-x86_64-mingw32/bin/../lib/gcc/nios2-elf/5.2.0/../../../../../H-x86_64-mingw32/nios2-elf/lib/mno-hw-mul\libsmallc.a(lib_a-calloc.o)
                                        0x4be (size before relaxing)
 .debug_str     0x0000000000000b48       0xef c:/altera_lite/16.0/nios2eds/bin/gnu/h-x86_64-mingw32/bin/../lib/gcc/nios2-elf/5.2.0/../../../../../H-x86_64-mingw32/nios2-elf/lib/mno-hw-mul\libsmallc.a(lib_a-impure.o)
                                        0x4be (size before relaxing)
 .debug_str     0x0000000000000c37       0x5b c:/altera_lite/16.0/nios2eds/bin/gnu/h-x86_64-mingw32/bin/../lib/gcc/nios2-elf/5.2.0/../../../../../H-x86_64-mingw32/nios2-elf/lib/mno-hw-mul\libsmallc.a(lib_a-malloc.o)
                                        0x4d2 (size before relaxing)
 .debug_str     0x0000000000000c92       0xed c:/altera_lite/16.0/nios2eds/bin/gnu/h-x86_64-mingw32/bin/../lib/gcc/nios2-elf/5.2.0/../../../../../H-x86_64-mingw32/nios2-elf/lib/mno-hw-mul\libsmallc.a(lib_a-memcpy.o)
                                        0x1f3 (size before relaxing)
 .debug_str     0x0000000000000d7f       0x44 c:/altera_lite/16.0/nios2eds/bin/gnu/h-x86_64-mingw32/bin/../lib/gcc/nios2-elf/5.2.0/../../../../../H-x86_64-mingw32/nios2-elf/lib/mno-hw-mul\libsmallc.a(lib_a-memset.o)
                                        0x1df (size before relaxing)
 .debug_str     0x0000000000000dc3       0x60 c:/altera_lite/16.0/nios2eds/bin/gnu/h-x86_64-mingw32/bin/../lib/gcc/nios2-elf/5.2.0/../../../../../H-x86_64-mingw32/nios2-elf/lib/mno-hw-mul\libsmallc.a(lib_a-nano-callocr.o)
                                        0x4da (size before relaxing)
 .debug_str     0x0000000000000e23       0x44 c:/altera_lite/16.0/nios2eds/bin/gnu/h-x86_64-mingw32/bin/../lib/gcc/nios2-elf/5.2.0/../../../../../H-x86_64-mingw32/nios2-elf/lib/mno-hw-mul\libsmallc.a(lib_a-nano-freer.o)
                                        0x516 (size before relaxing)
 .debug_str     0x0000000000000e67       0x46 c:/altera_lite/16.0/nios2eds/bin/gnu/h-x86_64-mingw32/bin/../lib/gcc/nios2-elf/5.2.0/../../../../../H-x86_64-mingw32/nios2-elf/lib/mno-hw-mul\libsmallc.a(lib_a-nano-mallocr.o)
                                        0x541 (size before relaxing)
 .debug_str     0x0000000000000ead       0xf7 c:/altera_lite/16.0/nios2eds/bin/gnu/h-x86_64-mingw32/bin/../lib/gcc/nios2-elf/5.2.0/../../../../../H-x86_64-mingw32/nios2-elf/lib/mno-hw-mul\libsmallc.a(lib_a-putc.o)
                                        0x4cb (size before relaxing)
 .debug_str     0x0000000000000fa4       0x4f c:/altera_lite/16.0/nios2eds/bin/gnu/h-x86_64-mingw32/bin/../lib/gcc/nios2-elf/5.2.0/../../../../../H-x86_64-mingw32/nios2-elf/lib/mno-hw-mul\libsmallc.a(lib_a-sbrkr.o)
                                        0x4b4 (size before relaxing)
 .debug_str     0x0000000000000ff3       0x44 c:/altera_lite/16.0/nios2eds/bin/gnu/h-x86_64-mingw32/bin/../lib/gcc/nios2-elf/5.2.0/../../../../../H-x86_64-mingw32/nios2-elf/lib/mno-hw-mul\libsmallc.a(lib_a-strlen.o)
                                        0x1e5 (size before relaxing)
 .debug_str     0x0000000000001037       0x63 c:/altera_lite/16.0/nios2eds/bin/gnu/h-x86_64-mingw32/bin/../lib/gcc/nios2-elf/5.2.0/../../../../../H-x86_64-mingw32/nios2-elf/lib/mno-hw-mul\libsmallc.a(lib_a-fvwrite_small_dev.o)
                                        0x4d4 (size before relaxing)
 .debug_str     0x000000000000109a       0x3f c:/altera_lite/16.0/nios2eds/bin/gnu/h-x86_64-mingw32/bin/../lib/gcc/nios2-elf/5.2.0/../../../../../H-x86_64-mingw32/nios2-elf/lib/mno-hw-mul\libsmallc.a(lib_a-int_errno.o)
                                        0x1d8 (size before relaxing)
 .debug_str     0x00000000000010d9       0x45 c:/altera_lite/16.0/nios2eds/bin/gnu/h-x86_64-mingw32/bin/../lib/gcc/nios2-elf/5.2.0/../../../../../H-x86_64-mingw32/nios2-elf/lib/mno-hw-mul\libsmallc.a(lib_a-writer.o)
                                        0x4b8 (size before relaxing)
 .debug_str     0x000000000000111e      0x1b9 ../C_eng_job_bsp/\libhal_bsp.a(alt_load.o)
                                        0x25f (size before relaxing)
 .debug_str     0x00000000000012d7       0x9a ../C_eng_job_bsp/\libhal_bsp.a(alt_main.o)
                                        0x1e8 (size before relaxing)
 .debug_str     0x0000000000001371       0x4e ../C_eng_job_bsp/\libhal_bsp.a(alt_printf.o)
                                        0x129 (size before relaxing)
 .debug_str     0x00000000000013bf       0x16 ../C_eng_job_bsp/\libhal_bsp.a(alt_putchar.o)
                                        0x52d (size before relaxing)
 .debug_str     0x00000000000013d5       0x98 ../C_eng_job_bsp/\libhal_bsp.a(alt_sbrk.o)
                                        0x1f7 (size before relaxing)
 .debug_str     0x000000000000146d      0x14d ../C_eng_job_bsp/\libhal_bsp.a(alt_write.o)
                                        0x31b (size before relaxing)
 .debug_str     0x00000000000015ba      0x1a5 ../C_eng_job_bsp/\libhal_bsp.a(alt_sys_init.o)
                                        0x3bf (size before relaxing)
 .debug_str     0x000000000000175f       0xb2 ../C_eng_job_bsp/\libhal_bsp.a(altera_avalon_jtag_uart_fd.o)
                                        0x333 (size before relaxing)
 .debug_str     0x0000000000001811       0x2b ../C_eng_job_bsp/\libhal_bsp.a(altera_avalon_jtag_uart_read.o)
                                        0x242 (size before relaxing)
 .debug_str     0x000000000000183c       0x2c ../C_eng_job_bsp/\libhal_bsp.a(altera_avalon_jtag_uart_write.o)
                                        0x238 (size before relaxing)
 .debug_str     0x0000000000001868       0xa5 ../C_eng_job_bsp/\libhal_bsp.a(altera_avalon_spi.o)
                                        0x203 (size before relaxing)
 .debug_str     0x000000000000190d      0x1c3 ../C_eng_job_bsp/\libhal_bsp.a(altera_modular_adc.o)
                                        0x58f (size before relaxing)
 .debug_str     0x0000000000001ad0       0x1f ../C_eng_job_bsp/\libhal_bsp.a(alt_dcache_flush_all.o)
                                        0x178 (size before relaxing)
 .debug_str     0x0000000000001aef       0x49 ../C_eng_job_bsp/\libhal_bsp.a(alt_dev.o)
                                        0x328 (size before relaxing)
 .debug_str     0x0000000000001b38       0x30 ../C_eng_job_bsp/\libhal_bsp.a(alt_dev_llist_insert.o)
                                        0x1ef (size before relaxing)
 .debug_str     0x0000000000001b68       0x14 ../C_eng_job_bsp/\libhal_bsp.a(alt_errno.o)
                                        0x168 (size before relaxing)
 .debug_str     0x0000000000001b7c       0x1e ../C_eng_job_bsp/\libhal_bsp.a(alt_find_dev.o)
                                        0x21d (size before relaxing)
 .debug_str     0x0000000000001b9a       0x1f ../C_eng_job_bsp/\libhal_bsp.a(alt_icache_flush_all.o)
                                        0x178 (size before relaxing)
 .debug_str     0x0000000000001bb9       0xb8 ../C_eng_job_bsp/\libhal_bsp.a(alt_iic.o)
                                        0x276 (size before relaxing)
 .debug_str     0x0000000000001c71       0x37 ../C_eng_job_bsp/\libhal_bsp.a(alt_iic_isr_register.o)
                                        0x230 (size before relaxing)
 .debug_str     0x0000000000001ca8       0x55 ../C_eng_job_bsp/\libhal_bsp.a(alt_io_redirect.o)
                                        0x348 (size before relaxing)
 .debug_str     0x0000000000001cfd       0x3a ../C_eng_job_bsp/\libhal_bsp.a(alt_irq_handler.o)
                                        0x1ba (size before relaxing)
 .debug_str     0x0000000000001d37       0x17 ../C_eng_job_bsp/\libhal_bsp.a(alt_irq_vars.o)
                                        0x15d (size before relaxing)
 .debug_str     0x0000000000001d4e       0x42 ../C_eng_job_bsp/\libhal_bsp.a(alt_open.o)
                                        0x2a3 (size before relaxing)
 .debug_str     0x0000000000001d90       0x19 ../C_eng_job_bsp/\libhal_bsp.a(alt_release_fd.o)
                                        0x1f6 (size before relaxing)
 .debug_str     0x0000000000001da9       0x20 ../C_eng_job_bsp/\libhal_bsp.a(altera_nios2_gen2_irq.o)
                                        0x17f (size before relaxing)
 .debug_str     0x0000000000001dc9       0x18 ../C_eng_job_bsp/\libhal_bsp.a(alt_find_file.o)
                                        0x22b (size before relaxing)
 .debug_str     0x0000000000001de1       0x25 ../C_eng_job_bsp/\libhal_bsp.a(alt_get_fd.o)
                                        0x23f (size before relaxing)