Archive member included to satisfy reference by file (symbol)

c:/altera_lite/16.0/nios2eds/bin/gnu/h-x86_64-mingw32/bin/../lib/gcc/nios2-elf/5.2.0/mno-hw-mul\libgcc.a(lib2-divmod.o)
                              obj/default/hello_world.o (__divsi3)
c:/altera_lite/16.0/nios2eds/bin/gnu/h-x86_64-mingw32/bin/../lib/gcc/nios2-elf/5.2.0/mno-hw-mul\libgcc.a(lib2-mul.o)
                              obj/default/hello_world.o (__mulsi3)
c:/altera_lite/16.0/nios2eds/bin/gnu/h-x86_64-mingw32/bin/../lib/gcc/nios2-elf/5.2.0/../../../../../H-x86_64-mingw32/nios2-elf/lib/mno-hw-mul\libsmallc.a(lib_a-impure.o)
                              obj/default/hello_world.o (_impure_ptr)
c:/altera_lite/16.0/nios2eds/bin/gnu/h-x86_64-mingw32/bin/../lib/gcc/nios2-elf/5.2.0/../../../../../H-x86_64-mingw32/nios2-elf/lib/mno-hw-mul\libsmallc.a(lib_a-memcpy.o)
                              obj/default/hello_world.o (memcpy)
c:/altera_lite/16.0/nios2eds/bin/gnu/h-x86_64-mingw32/bin/../lib/gcc/nios2-elf/5.2.0/../../../../../H-x86_64-mingw32/nios2-elf/lib/mno-hw-mul\libsmallc.a(lib_a-memset.o)
                              obj/default/hello_world.o (memset)
c:/altera_lite/16.0/nios2eds/bin/gnu/h-x86_64-mingw32/bin/../lib/gcc/nios2-elf/5.2.0/../../../../../H-x86_64-mingw32/nios2-elf/lib/mno-hw-mul\libsmallc.a(lib_a-putc.o)
                              obj/default/hello_world.o (putc)
c:/altera_lite/16.0/nios2eds/bin/gnu/h-x86_64-mingw32/bin/../lib/gcc/nios2-elf/5.2.0/../../../../../H-x86_64-mingw32/nios2-elf/lib/mno-hw-mul\libsmallc.a(lib_a-strlen.o)
                              obj/default/hello_world.o (strlen)
c:/altera_lite/16.0/nios2eds/bin/gnu/h-x86_64-mingw32/bin/../lib/gcc/nios2-elf/5.2.0/../../../../../H-x86_64-mingw32/nios2-elf/lib/mno-hw-mul\libsmallc.a(lib_a-fvwrite_small_dev.o)
                              c:/altera_lite/16.0/nios2eds/bin/gnu/h-x86_64-mingw32/bin/../lib/gcc/nios2-elf/5.2.0/../../../../../H-x86_64-mingw32/nios2-elf/lib/mno-hw-mul\libsmallc.a(lib_a-putc.o) (__sfvwrite_small_dev)
c:/altera_lite/16.0/nios2eds/bin/gnu/h-x86_64-mingw32/bin/../lib/gcc/nios2-elf/5.2.0/../../../../../H-x86_64-mingw32/nios2-elf/lib/mno-hw-mul\libsmallc.a(lib_a-writer.o)
                              c:/altera_lite/16.0/nios2eds/bin/gnu/h-x86_64-mingw32/bin/../lib/gcc/nios2-elf/5.2.0/../../../../../H-x86_64-mingw32/nios2-elf/lib/mno-hw-mul\libsmallc.a(lib_a-fvwrite_small_dev.o) (_write_r)
c:/altera_lite/16.0/nios2eds/bin/gnu/h-x86_64-mingw32/bin/../lib/gcc/nios2-elf/5.2.0/../../../../../H-x86_64-mingw32/nios2-elf/lib/mno-hw-mul\libsmallc.a(lib_a-int_errno.o)
                              c:/altera_lite/16.0/nios2eds/bin/gnu/h-x86_64-mingw32/bin/../lib/gcc/nios2-elf/5.2.0/../../../../../H-x86_64-mingw32/nios2-elf/lib/mno-hw-mul\libsmallc.a(lib_a-writer.o) (errno)
../C_eng_job_bsp/\libhal_bsp.a(alt_load.o)
                              ../C_eng_job_bsp//obj/HAL/src/crt0.o (alt_load)
../C_eng_job_bsp/\libhal_bsp.a(alt_main.o)
                              ../C_eng_job_bsp//obj/HAL/src/crt0.o (alt_main)
../C_eng_job_bsp/\libhal_bsp.a(alt_printf.o)
                              obj/default/hello_world.o (alt_printf)
../C_eng_job_bsp/\libhal_bsp.a(alt_putchar.o)
                              ../C_eng_job_bsp/\libhal_bsp.a(alt_printf.o) (alt_putchar)
../C_eng_job_bsp/\libhal_bsp.a(alt_write.o)
                              c:/altera_lite/16.0/nios2eds/bin/gnu/h-x86_64-mingw32/bin/../lib/gcc/nios2-elf/5.2.0/../../../../../H-x86_64-mingw32/nios2-elf/lib/mno-hw-mul\libsmallc.a(lib_a-writer.o) (write)
../C_eng_job_bsp/\libhal_bsp.a(alt_sys_init.o)
                              ../C_eng_job_bsp/\libhal_bsp.a(alt_main.o) (alt_irq_init)
../C_eng_job_bsp/\libhal_bsp.a(altera_avalon_jtag_uart_fd.o)
                              ../C_eng_job_bsp/\libhal_bsp.a(alt_sys_init.o) (altera_avalon_jtag_uart_read_fd)
../C_eng_job_bsp/\libhal_bsp.a(altera_avalon_jtag_uart_read.o)
                              ../C_eng_job_bsp/\libhal_bsp.a(altera_avalon_jtag_uart_fd.o) (altera_avalon_jtag_uart_read)
../C_eng_job_bsp/\libhal_bsp.a(altera_avalon_jtag_uart_write.o)
                              ../C_eng_job_bsp/\libhal_bsp.a(altera_avalon_jtag_uart_fd.o) (altera_avalon_jtag_uart_write)
../C_eng_job_bsp/\libhal_bsp.a(altera_avalon_spi.o)
                              obj/default/hello_world.o (alt_avalon_spi_command)
../C_eng_job_bsp/\libhal_bsp.a(altera_modular_adc.o)
                              ../C_eng_job_bsp/\libhal_bsp.a(alt_sys_init.o) (altera_modular_adc_init)
../C_eng_job_bsp/\libhal_bsp.a(alt_dcache_flush_all.o)
                              ../C_eng_job_bsp/\libhal_bsp.a(alt_load.o) (alt_dcache_flush_all)
../C_eng_job_bsp/\libhal_bsp.a(alt_dev.o)
                              ../C_eng_job_bsp/\libhal_bsp.a(alt_write.o) (alt_fd_list)
../C_eng_job_bsp/\libhal_bsp.a(alt_dev_llist_insert.o)
                              ../C_eng_job_bsp/\libhal_bsp.a(alt_sys_init.o) (alt_dev_llist_insert)
../C_eng_job_bsp/\libhal_bsp.a(alt_errno.o)
                              ../C_eng_job_bsp/\libhal_bsp.a(alt_write.o) (alt_errno)
../C_eng_job_bsp/\libhal_bsp.a(alt_find_dev.o)
                              ../C_eng_job_bsp/\libhal_bsp.a(altera_modular_adc.o) (alt_find_dev)
../C_eng_job_bsp/\libhal_bsp.a(alt_icache_flush_all.o)
                              ../C_eng_job_bsp/\libhal_bsp.a(alt_load.o) (alt_icache_flush_all)
../C_eng_job_bsp/\libhal_bsp.a(alt_iic.o)
                              ../C_eng_job_bsp/\libhal_bsp.a(altera_modular_adc.o) (alt_ic_isr_register)
../C_eng_job_bsp/\libhal_bsp.a(alt_iic_isr_register.o)
                              ../C_eng_job_bsp/\libhal_bsp.a(alt_iic.o) (alt_iic_isr_register)
../C_eng_job_bsp/\libhal_bsp.a(alt_io_redirect.o)
                              ../C_eng_job_bsp/\libhal_bsp.a(alt_main.o) (alt_io_redirect)
../C_eng_job_bsp/\libhal_bsp.a(alt_irq_entry.o)
                              ../C_eng_job_bsp/\libhal_bsp.a(alt_iic_isr_register.o) (alt_irq_entry)
../C_eng_job_bsp/\libhal_bsp.a(alt_irq_handler.o)
                              ../C_eng_job_bsp/\libhal_bsp.a(alt_iic_isr_register.o) (alt_irq_handler)
../C_eng_job_bsp/\libhal_bsp.a(alt_irq_vars.o)
                              ../C_eng_job_bsp/\libhal_bsp.a(alt_iic.o) (alt_irq_active)
../C_eng_job_bsp/\libhal_bsp.a(alt_open.o)
                              ../C_eng_job_bsp/\libhal_bsp.a(alt_io_redirect.o) (open)
../C_eng_job_bsp/\libhal_bsp.a(alt_release_fd.o)
                              ../C_eng_job_bsp/\libhal_bsp.a(alt_io_redirect.o) (alt_release_fd)
../C_eng_job_bsp/\libhal_bsp.a(altera_nios2_gen2_irq.o)
                              ../C_eng_job_bsp/\libhal_bsp.a(alt_sys_init.o) (altera_nios2_gen2_irq_init)
../C_eng_job_bsp/\libhal_bsp.a(alt_exception_entry.o)
                              ../C_eng_job_bsp/\libhal_bsp.a(alt_irq_entry.o) (alt_exception)
../C_eng_job_bsp/\libhal_bsp.a(alt_find_file.o)
                              ../C_eng_job_bsp/\libhal_bsp.a(alt_open.o) (alt_find_file)
../C_eng_job_bsp/\libhal_bsp.a(alt_get_fd.o)
                              ../C_eng_job_bsp/\libhal_bsp.a(alt_open.o) (alt_get_fd)
../C_eng_job_bsp/\libhal_bsp.a(alt_instruction_exception_entry.o)
                              ../C_eng_job_bsp/\libhal_bsp.a(alt_exception_entry.o) (alt_instruction_exception_entry)
c:/altera_lite/16.0/nios2eds/bin/gnu/h-x86_64-mingw32/bin/../lib/gcc/nios2-elf/5.2.0/../../../../../H-x86_64-mingw32/nios2-elf/lib/mno-hw-mul\libsmallc.a(lib_a-memcmp.o)
                              ../C_eng_job_bsp/\libhal_bsp.a(alt_find_dev.o) (memcmp)

Allocating common symbols
Common symbol       size              file

alt_irq             0x100             ../C_eng_job_bsp/\libhal_bsp.a(alt_irq_handler.o)
errno               0x4               c:/altera_lite/16.0/nios2eds/bin/gnu/h-x86_64-mingw32/bin/../lib/gcc/nios2-elf/5.2.0/../../../../../H-x86_64-mingw32/nios2-elf/lib/mno-hw-mul\libsmallc.a(lib_a-int_errno.o)
accel_data          0x3               obj/default/hello_world.o

Memory Configuration

Name             Origin             Length             Attributes
reset            0x0000000000800000 0x0000000000000020
SDRAM_Controller 0x0000000000800020 0x00000000007fffe0
*default*        0x0000000000000000 0xffffffffffffffff

Linker script and memory map

LOAD ../C_eng_job_bsp//obj/HAL/src/crt0.o
LOAD obj/default/hello_world.o
LOAD c:/altera_lite/16.0/nios2eds/bin/gnu/h-x86_64-mingw32/bin/../lib/gcc/nios2-elf/5.2.0/../../../../../H-x86_64-mingw32/nios2-elf/lib/mno-hw-mul\libstdc++.a
LOAD c:/altera_lite/16.0/nios2eds/bin/gnu/h-x86_64-mingw32/bin/../lib/gcc/nios2-elf/5.2.0/../../../../../H-x86_64-mingw32/nios2-elf/lib/mno-hw-mul\libm.a
LOAD c:/altera_lite/16.0/nios2eds/bin/gnu/h-x86_64-mingw32/bin/../lib/gcc/nios2-elf/5.2.0/mno-hw-mul\libgcc.a
START GROUP
LOAD c:/altera_lite/16.0/nios2eds/bin/gnu/h-x86_64-mingw32/bin/../lib/gcc/nios2-elf/5.2.0/../../../../../H-x86_64-mingw32/nios2-elf/lib/mno-hw-mul\libsmallc.a
LOAD c:/altera_lite/16.0/nios2eds/bin/gnu/h-x86_64-mingw32/bin/../lib/gcc/nios2-elf/5.2.0/mno-hw-mul\libgcc.a
LOAD ../C_eng_job_bsp/\libhal_bsp.a
LOAD c:/altera_lite/16.0/nios2eds/bin/gnu/h-x86_64-mingw32/bin/../lib/gcc/nios2-elf/5.2.0/../../../../../H-x86_64-mingw32/nios2-elf/lib/mno-hw-mul\libm.a
END GROUP
LOAD c:/altera_lite/16.0/nios2eds/bin/gnu/h-x86_64-mingw32/bin/../lib/gcc/nios2-elf/5.2.0/mno-hw-mul\libgcc.a
                0x0000000000800000                __alt_mem_SDRAM_Controller = 0x800000

.entry          0x0000000000800000       0x20
 *(.entry)
 .entry         0x0000000000800000       0x20 ../C_eng_job_bsp//obj/HAL/src/crt0.o
                0x0000000000800000                __reset
                0x000000000080000c                _exit

.exceptions     0x0000000000800020      0x160
                0x0000000000800020                PROVIDE (__ram_exceptions_start, ABSOLUTE (.))
                0x0000000000800020                . = ALIGN (0x20)
 *(.irq)
 *(.exceptions.entry.label)
 .exceptions.entry.label
                0x0000000000800020        0x0 ../C_eng_job_bsp/\libhal_bsp.a(alt_irq_entry.o)
                0x0000000000800020                alt_irq_entry
 .exceptions.entry.label
                0x0000000000800020        0x0 ../C_eng_job_bsp/\libhal_bsp.a(alt_exception_entry.o)
                0x0000000000800020                alt_exception
 *(.exceptions.entry.user)
 *(.exceptions.entry.ecc_fatal)
 *(.exceptions.entry)
 .exceptions.entry
                0x0000000000800020       0x54 ../C_eng_job_bsp/\libhal_bsp.a(alt_exception_entry.o)
 *(.exceptions.irqtest.user)
 *(.exceptions.irqtest)
 .exceptions.irqtest
                0x0000000000800074       0x10 ../C_eng_job_bsp/\libhal_bsp.a(alt_irq_entry.o)
 *(.exceptions.irqhandler.user)
 *(.exceptions.irqhandler)
 .exceptions.irqhandler
                0x0000000000800084        0x4 ../C_eng_job_bsp/\libhal_bsp.a(alt_irq_entry.o)
 *(.exceptions.irqreturn.user)
 *(.exceptions.irqreturn)
 .exceptions.irqreturn
                0x0000000000800088        0x4 ../C_eng_job_bsp/\libhal_bsp.a(alt_irq_entry.o)
 *(.exceptions.notirq.label)
 .exceptions.notirq.label
                0x000000000080008c        0x0 ../C_eng_job_bsp/\libhal_bsp.a(alt_irq_entry.o)
 *(.exceptions.notirq.user)
 *(.exceptions.notirq)
 .exceptions.notirq
                0x000000000080008c        0x8 ../C_eng_job_bsp/\libhal_bsp.a(alt_exception_entry.o)
 *(.exceptions.soft.user)
 *(.exceptions.soft)
 *(.exceptions.unknown.user)
 *(.exceptions.unknown)
 .exceptions.unknown
                0x0000000000800094       0x14 ../C_eng_job_bsp/\libhal_bsp.a(alt_exception_entry.o)
 *(.exceptions.exit.label)
 .exceptions.exit.label
                0x00000000008000a8        0x0 ../C_eng_job_bsp/\libhal_bsp.a(alt_irq_entry.o)
 .exceptions.exit.label
                0x00000000008000a8        0x0 ../C_eng_job_bsp/\libhal_bsp.a(alt_exception_entry.o)
 *(.exceptions.exit.user)
 *(.exceptions.exit)
 .exceptions.exit
                0x00000000008000a8       0x54 ../C_eng_job_bsp/\libhal_bsp.a(alt_exception_entry.o)
 *(.exceptions)
 .exceptions    0x00000000008000fc       0x60 ../C_eng_job_bsp/\libhal_bsp.a(alt_irq_handler.o)
                0x00000000008000fc                alt_irq_handler
 .exceptions    0x000000000080015c       0x24 ../C_eng_job_bsp/\libhal_bsp.a(alt_instruction_exception_entry.o)
                0x000000000080015c                alt_instruction_exception_entry
                0x0000000000800180                PROVIDE (__ram_exceptions_end, ABSOLUTE (.))
                0x0000000000800020                PROVIDE (__flash_exceptions_start, LOADADDR (.exceptions))

.text           0x0000000000800180     0x31c4
                [!provide]                        PROVIDE (stext, ABSOLUTE (.))
 *(.interp)
 *(.hash)
 *(.dynsym)
 *(.dynstr)
 *(.gnu.version)
 *(.gnu.version_d)
 *(.gnu.version_r)
 *(.rel.init)
 *(.rela.init)
 *(.rel.text .rel.text.* .rel.gnu.linkonce.t.*)
 *(.rela.text .rela.text.* .rela.gnu.linkonce.t.*)
 *(.rel.fini)
 *(.rela.fini)
 *(.rel.rodata .rel.rodata.* .rel.gnu.linkonce.r.*)
 *(.rela.rodata .rela.rodata.* .rela.gnu.linkonce.r.*)
 *(.rel.data .rel.data.* .rel.gnu.linkonce.d.*)
 *(.rela.data .rela.data.* .rela.gnu.linkonce.d.*)
 *(.rel.tdata .rel.tdata.* .rel.gnu.linkonce.td.*)
 *(.rela.tdata .rela.tdata.* .rela.gnu.linkonce.td.*)
 *(.rel.tbss .rel.tbss.* .rel.gnu.linkonce.tb.*)
 *(.rela.tbss .rela.tbss.* .rela.gnu.linkonce.tb.*)
 *(.rel.ctors)
 *(.rela.ctors)
 *(.rel.dtors)
 *(.rela.dtors)
 *(.rel.got)
 *(.rela.got)
 *(.rel.sdata .rel.sdata.* .rel.gnu.linkonce.s.*)
 *(.rela.sdata .rela.sdata.* .rela.gnu.linkonce.s.*)
 *(.rel.sbss .rel.sbss.* .rel.gnu.linkonce.sb.*)
 *(.rela.sbss .rela.sbss.* .rela.gnu.linkonce.sb.*)
 *(.rel.sdata2 .rel.sdata2.* .rel.gnu.linkonce.s2.*)
 *(.rela.sdata2 .rela.sdata2.* .rela.gnu.linkonce.s2.*)
 *(.rel.sbss2 .rel.sbss2.* .rel.gnu.linkonce.sb2.*)
 *(.rela.sbss2 .rela.sbss2.* .rela.gnu.linkonce.sb2.*)
 *(.rel.bss .rel.bss.* .rel.gnu.linkonce.b.*)
 *(.rela.bss .rela.bss.* .rela.gnu.linkonce.b.*)
 *(.rel.plt)
 *(.rela.plt)
 *(.rel.dyn)
 *(.init)
 *(.plt)
 *(.text .stub .text.* .gnu.linkonce.t.*)
 .text          0x0000000000800180       0x3c ../C_eng_job_bsp//obj/HAL/src/crt0.o
                0x0000000000800180                _start
 .text          0x00000000008001bc     0x1eac obj/default/hello_world.o
                0x00000000008001bc                main
                0x00000000008009a4                read_temp
                0x0000000000800a30                read_light
                0x0000000000800abc                config_time_base
                0x0000000000800af0                init_measurement
                0x0000000000800b3c                draw_graph
                0x0000000000800c50                update_graph
                0x0000000000800cdc                read_accelerometerX
                0x0000000000800de8                print_pix
                0x0000000000800e94                print_hline
                0x0000000000800f64                print_vline
                0x0000000000801034                print_char
                0x0000000000801140                print_str
                0x00000000008011e8                print_symmetry_dots_circle
                0x0000000000801340                print_empty_circle
                0x000000000080149c                print_circle
                0x0000000000801510                clear_screen
                0x0000000000801594                read_pixel_ram_int
                0x00000000008015f8                print_welcome_screen
                0x00000000008016a0                queue_init
                0x00000000008016f4                queue_enqueue
                0x0000000000801824                queue_dequeue
                0x000000000080188c                queue_print
                0x0000000000801918                queue_print_screen
                0x0000000000801d20                i2bcd
                0x0000000000801de8                update_time
 .text          0x0000000000802068      0x1b4 c:/altera_lite/16.0/nios2eds/bin/gnu/h-x86_64-mingw32/bin/../lib/gcc/nios2-elf/5.2.0/mno-hw-mul\libgcc.a(lib2-divmod.o)
                0x0000000000802068                __divsi3
                0x00000000008020ec                __modsi3
                0x0000000000802160                __udivsi3
                0x00000000008021c4                __umodsi3
 .text          0x000000000080221c       0x28 c:/altera_lite/16.0/nios2eds/bin/gnu/h-x86_64-mingw32/bin/../lib/gcc/nios2-elf/5.2.0/mno-hw-mul\libgcc.a(lib2-mul.o)
                0x000000000080221c                __mulsi3
 .text          0x0000000000802244        0x0 c:/altera_lite/16.0/nios2eds/bin/gnu/h-x86_64-mingw32/bin/../lib/gcc/nios2-elf/5.2.0/../../../../../H-x86_64-mingw32/nios2-elf/lib/mno-hw-mul\libsmallc.a(lib_a-impure.o)
 .text          0x0000000000802244        0x0 c:/altera_lite/16.0/nios2eds/bin/gnu/h-x86_64-mingw32/bin/../lib/gcc/nios2-elf/5.2.0/../../../../../H-x86_64-mingw32/nios2-elf/lib/mno-hw-mul\libsmallc.a(lib_a-memcpy.o)
 .text.memcpy   0x0000000000802244       0x28 c:/altera_lite/16.0/nios2eds/bin/gnu/h-x86_64-mingw32/bin/../lib/gcc/nios2-elf/5.2.0/../../../../../H-x86_64-mingw32/nios2-elf/lib/mno-hw-mul\libsmallc.a(lib_a-memcpy.o)
                0x0000000000802244                memcpy
 .text          0x000000000080226c        0x0 c:/altera_lite/16.0/nios2eds/bin/gnu/h-x86_64-mingw32/bin/../lib/gcc/nios2-elf/5.2.0/../../../../../H-x86_64-mingw32/nios2-elf/lib/mno-hw-mul\libsmallc.a(lib_a-memset.o)
 .text.memset   0x000000000080226c       0x20 c:/altera_lite/16.0/nios2eds/bin/gnu/h-x86_64-mingw32/bin/../lib/gcc/nios2-elf/5.2.0/../../../../../H-x86_64-mingw32/nios2-elf/lib/mno-hw-mul\libsmallc.a(lib_a-memset.o)
                0x000000000080226c                memset
 .text          0x000000000080228c        0x0 c:/altera_lite/16.0/nios2eds/bin/gnu/h-x86_64-mingw32/bin/../lib/gcc/nios2-elf/5.2.0/../../../../../H-x86_64-mingw32/nios2-elf/lib/mno-hw-mul\libsmallc.a(lib_a-putc.o)
 .text.putc     0x000000000080228c       0x54 c:/altera_lite/16.0/nios2eds/bin/gnu/h-x86_64-mingw32/bin/../lib/gcc/nios2-elf/5.2.0/../../../../../H-x86_64-mingw32/nios2-elf/lib/mno-hw-mul\libsmallc.a(lib_a-putc.o)
                0x000000000080228c                putc
 .text._putc_r  0x00000000008022e0       0x58 c:/altera_lite/16.0/nios2eds/bin/gnu/h-x86_64-mingw32/bin/../lib/gcc/nios2-elf/5.2.0/../../../../../H-x86_64-mingw32/nios2-elf/lib/mno-hw-mul\libsmallc.a(lib_a-putc.o)
                0x00000000008022e0                _putc_r
 .text          0x0000000000802338        0x0 c:/altera_lite/16.0/nios2eds/bin/gnu/h-x86_64-mingw32/bin/../lib/gcc/nios2-elf/5.2.0/../../../../../H-x86_64-mingw32/nios2-elf/lib/mno-hw-mul\libsmallc.a(lib_a-strlen.o)
 .text.strlen   0x0000000000802338       0x1c c:/altera_lite/16.0/nios2eds/bin/gnu/h-x86_64-mingw32/bin/../lib/gcc/nios2-elf/5.2.0/../../../../../H-x86_64-mingw32/nios2-elf/lib/mno-hw-mul\libsmallc.a(lib_a-strlen.o)
                0x0000000000802338                strlen
 .text          0x0000000000802354        0x0 c:/altera_lite/16.0/nios2eds/bin/gnu/h-x86_64-mingw32/bin/../lib/gcc/nios2-elf/5.2.0/../../../../../H-x86_64-mingw32/nios2-elf/lib/mno-hw-mul\libsmallc.a(lib_a-fvwrite_small_dev.o)
 .text.__sfvwrite_small_dev
                0x0000000000802354       0xb8 c:/altera_lite/16.0/nios2eds/bin/gnu/h-x86_64-mingw32/bin/../lib/gcc/nios2-elf/5.2.0/../../../../../H-x86_64-mingw32/nios2-elf/lib/mno-hw-mul\libsmallc.a(lib_a-fvwrite_small_dev.o)
                0x0000000000802354                __sfvwrite_small_dev
 .text          0x000000000080240c        0x0 c:/altera_lite/16.0/nios2eds/bin/gnu/h-x86_64-mingw32/bin/../lib/gcc/nios2-elf/5.2.0/../../../../../H-x86_64-mingw32/nios2-elf/lib/mno-hw-mul\libsmallc.a(lib_a-writer.o)
 .text._write_r
                0x000000000080240c       0x58 c:/altera_lite/16.0/nios2eds/bin/gnu/h-x86_64-mingw32/bin/../lib/gcc/nios2-elf/5.2.0/../../../../../H-x86_64-mingw32/nios2-elf/lib/mno-hw-mul\libsmallc.a(lib_a-writer.o)
                0x000000000080240c                _write_r
 .text          0x0000000000802464        0x0 c:/altera_lite/16.0/nios2eds/bin/gnu/h-x86_64-mingw32/bin/../lib/gcc/nios2-elf/5.2.0/../../../../../H-x86_64-mingw32/nios2-elf/lib/mno-hw-mul\libsmallc.a(lib_a-int_errno.o)
 .text          0x0000000000802464       0xe0 ../C_eng_job_bsp/\libhal_bsp.a(alt_load.o)
                0x0000000000802464                alt_load
 .text          0x0000000000802544       0x40 ../C_eng_job_bsp/\libhal_bsp.a(alt_main.o)
                0x0000000000802544                alt_main
 .text          0x0000000000802584      0x170 ../C_eng_job_bsp/\libhal_bsp.a(alt_printf.o)
                0x0000000000802584                alt_printf
 .text          0x00000000008026f4       0x14 ../C_eng_job_bsp/\libhal_bsp.a(alt_putchar.o)
                0x00000000008026f4                alt_putchar
 .text          0x0000000000802708       0xf4 ../C_eng_job_bsp/\libhal_bsp.a(alt_write.o)
                0x0000000000802728                write
 .text          0x00000000008027fc       0x58 ../C_eng_job_bsp/\libhal_bsp.a(alt_sys_init.o)
                0x00000000008027fc                alt_irq_init
                0x000000000080281c                alt_sys_init
 .text          0x0000000000802854       0x20 ../C_eng_job_bsp/\libhal_bsp.a(altera_avalon_jtag_uart_fd.o)
                0x0000000000802854                altera_avalon_jtag_uart_read_fd
                0x0000000000802864                altera_avalon_jtag_uart_write_fd
 .text          0x0000000000802874       0x5c ../C_eng_job_bsp/\libhal_bsp.a(altera_avalon_jtag_uart_read.o)
                0x0000000000802874                altera_avalon_jtag_uart_read
 .text          0x00000000008028d0       0x34 ../C_eng_job_bsp/\libhal_bsp.a(altera_avalon_jtag_uart_write.o)
                0x00000000008028d0                altera_avalon_jtag_uart_write
 .text          0x0000000000802904       0xe8 ../C_eng_job_bsp/\libhal_bsp.a(altera_avalon_spi.o)
                0x0000000000802904                alt_avalon_spi_command
 .text          0x00000000008029ec      0x264 ../C_eng_job_bsp/\libhal_bsp.a(altera_modular_adc.o)
                0x00000000008029ec                alt_adc_word_read
                0x0000000000802a24                altera_modular_adc_init
                0x0000000000802a88                altera_modular_adc_open
                0x0000000000802a90                adc_stop
                0x0000000000802ab0                adc_start
                0x0000000000802ac0                adc_set_mode_run_once
                0x0000000000802ad8                adc_set_mode_run_continuously
                0x0000000000802aec                adc_recalibrate
                0x0000000000802b40                adc_interrupt_enable
                0x0000000000802b54                adc_interrupt_disable
                0x0000000000802b6c                adc_clear_interrupt_status
                0x0000000000802bd8                alt_adc_register_callback
                0x0000000000802c2c                adc_interrupt_asserted
                0x0000000000802c3c                adc_wait_for_interrupt
 .text          0x0000000000802c50        0x4 ../C_eng_job_bsp/\libhal_bsp.a(alt_dcache_flush_all.o)
                0x0000000000802c50                alt_dcache_flush_all
 .text          0x0000000000802c54        0x8 ../C_eng_job_bsp/\libhal_bsp.a(alt_dev.o)
 .text          0x0000000000802c5c       0x78 ../C_eng_job_bsp/\libhal_bsp.a(alt_dev_llist_insert.o)
                0x0000000000802c5c                alt_dev_llist_insert
 .text          0x0000000000802cd4        0x0 ../C_eng_job_bsp/\libhal_bsp.a(alt_errno.o)
 .text          0x0000000000802cd4       0x74 ../C_eng_job_bsp/\libhal_bsp.a(alt_find_dev.o)
                0x0000000000802cd4                alt_find_dev
 .text          0x0000000000802d48        0x4 ../C_eng_job_bsp/\libhal_bsp.a(alt_icache_flush_all.o)
                0x0000000000802d48                alt_icache_flush_all
 .text          0x0000000000802d4c       0x9c ../C_eng_job_bsp/\libhal_bsp.a(alt_iic.o)
                0x0000000000802d4c                alt_ic_isr_register
                0x0000000000802d50                alt_ic_irq_enable
                0x0000000000802d90                alt_ic_irq_disable
                0x0000000000802dd0                alt_ic_irq_enabled
 .text          0x0000000000802de8       0x68 ../C_eng_job_bsp/\libhal_bsp.a(alt_iic_isr_register.o)
                0x0000000000802de8                alt_iic_isr_register
 .text          0x0000000000802e50       0xfc ../C_eng_job_bsp/\libhal_bsp.a(alt_io_redirect.o)
                0x0000000000802ed8                alt_io_redirect
 .text          0x0000000000802f4c        0x0 ../C_eng_job_bsp/\libhal_bsp.a(alt_irq_entry.o)
 .text          0x0000000000802f4c        0x0 ../C_eng_job_bsp/\libhal_bsp.a(alt_irq_handler.o)
 .text          0x0000000000802f4c        0x0 ../C_eng_job_bsp/\libhal_bsp.a(alt_irq_vars.o)
 .text          0x0000000000802f4c      0x1b8 ../C_eng_job_bsp/\libhal_bsp.a(alt_open.o)
                0x0000000000802f4c                open
 .text          0x0000000000803104       0x5c ../C_eng_job_bsp/\libhal_bsp.a(alt_release_fd.o)
                0x0000000000803104                alt_release_fd
 .text          0x0000000000803160        0x8 ../C_eng_job_bsp/\libhal_bsp.a(altera_nios2_gen2_irq.o)
                0x0000000000803160                altera_nios2_gen2_irq_init
 .text          0x0000000000803168        0x0 ../C_eng_job_bsp/\libhal_bsp.a(alt_exception_entry.o)
 .text          0x0000000000803168       0xac ../C_eng_job_bsp/\libhal_bsp.a(alt_find_file.o)
                0x0000000000803168                alt_find_file
 .text          0x0000000000803214       0x8c ../C_eng_job_bsp/\libhal_bsp.a(alt_get_fd.o)
                0x0000000000803214                alt_get_fd
 .text          0x00000000008032a0       0x74 ../C_eng_job_bsp/\libhal_bsp.a(alt_instruction_exception_entry.o)
                0x00000000008032a0                alt_exception_cause_generated_bad_addr
 .text          0x0000000000803314        0x0 c:/altera_lite/16.0/nios2eds/bin/gnu/h-x86_64-mingw32/bin/../lib/gcc/nios2-elf/5.2.0/../../../../../H-x86_64-mingw32/nios2-elf/lib/mno-hw-mul\libsmallc.a(lib_a-memcmp.o)
 .text.memcmp   0x0000000000803314       0x30 c:/altera_lite/16.0/nios2eds/bin/gnu/h-x86_64-mingw32/bin/../lib/gcc/nios2-elf/5.2.0/../../../../../H-x86_64-mingw32/nios2-elf/lib/mno-hw-mul\libsmallc.a(lib_a-memcmp.o)
                0x0000000000803314                memcmp
 *(.gnu.warning.*)
 *(.fini)
                [!provide]                        PROVIDE (__etext, ABSOLUTE (.))
                [!provide]                        PROVIDE (_etext, ABSOLUTE (.))
                [!provide]                        PROVIDE (etext, ABSOLUTE (.))
 *(.eh_frame_hdr)
                0x0000000000803344                . = ALIGN (0x4)
                [!provide]                        PROVIDE (__preinit_array_start, ABSOLUTE (.))
 *(.preinit_array)
                [!provide]                        PROVIDE (__preinit_array_end, ABSOLUTE (.))
                [!provide]                        PROVIDE (__init_array_start, ABSOLUTE (.))
 *(.init_array)
                [!provide]                        PROVIDE (__init_array_end, ABSOLUTE (.))
                [!provide]                        PROVIDE (__fini_array_start, ABSOLUTE (.))
 *(.fini_array)
                [!provide]                        PROVIDE (__fini_array_end, ABSOLUTE (.))
 *(.eh_frame)
 *(.gcc_except_table .gcc_except_table.*)
 *(.dynamic)
                [!provide]                        PROVIDE (__CTOR_LIST__, ABSOLUTE (.))
 *(.ctors)
 *(SORT(.ctors.*))
                [!provide]                        PROVIDE (__CTOR_END__, ABSOLUTE (.))
                [!provide]                        PROVIDE (__DTOR_LIST__, ABSOLUTE (.))
 *(.dtors)
 *(SORT(.dtors.*))
                [!provide]                        PROVIDE (__DTOR_END__, ABSOLUTE (.))
 *(.jcr)
                0x0000000000803344                . = ALIGN (0x4)

.rodata         0x0000000000803344       0xc8
                0x0000000000803344                PROVIDE (__ram_rodata_start, ABSOLUTE (.))
                0x0000000000803344                . = ALIGN (0x4)
 *(.rodata .rodata.* .gnu.linkonce.r.*)
 .rodata        0x0000000000803344       0x84 obj/default/hello_world.o
 .rodata.str1.4
                0x00000000008033c8       0x11 ../C_eng_job_bsp/\libhal_bsp.a(alt_main.o)
 *fill*         0x00000000008033d9        0x3 
 .rodata.str1.4
                0x00000000008033dc       0x21 ../C_eng_job_bsp/\libhal_bsp.a(alt_sys_init.o)
                                         0x35 (size before relaxing)
 *fill*         0x00000000008033fd        0x3 
 .rodata.str1.4
                0x0000000000803400        0xc ../C_eng_job_bsp/\libhal_bsp.a(alt_dev.o)
                                          0xa (size before relaxing)
 *(.rodata1)
                0x000000000080340c                . = ALIGN (0x4)
                0x000000000080340c                PROVIDE (__ram_rodata_end, ABSOLUTE (.))
                0x0000000000803344                PROVIDE (__flash_rodata_start, LOADADDR (.rodata))

.rwdata         0x000000000080340c      0x724 load address 0x0000000000803b30
                0x000000000080340c                PROVIDE (__ram_rwdata_start, ABSOLUTE (.))
                0x000000000080340c                . = ALIGN (0x4)
 *(.got.plt)
 *(.got)
 *(.data1)
 *(.data .data.* .gnu.linkonce.d.*)
 .data          0x000000000080340c        0x0 ../C_eng_job_bsp//obj/HAL/src/crt0.o
 .data          0x000000000080340c      0x400 obj/default/hello_world.o
                0x000000000080340c                font8x8_basic
 .data          0x000000000080380c        0x0 c:/altera_lite/16.0/nios2eds/bin/gnu/h-x86_64-mingw32/bin/../lib/gcc/nios2-elf/5.2.0/mno-hw-mul\libgcc.a(lib2-divmod.o)
 .data          0x000000000080380c        0x0 c:/altera_lite/16.0/nios2eds/bin/gnu/h-x86_64-mingw32/bin/../lib/gcc/nios2-elf/5.2.0/mno-hw-mul\libgcc.a(lib2-mul.o)
 .data          0x000000000080380c        0x0 c:/altera_lite/16.0/nios2eds/bin/gnu/h-x86_64-mingw32/bin/../lib/gcc/nios2-elf/5.2.0/../../../../../H-x86_64-mingw32/nios2-elf/lib/mno-hw-mul\libsmallc.a(lib_a-impure.o)
 .data.impure_data
                0x000000000080380c       0xe0 c:/altera_lite/16.0/nios2eds/bin/gnu/h-x86_64-mingw32/bin/../lib/gcc/nios2-elf/5.2.0/../../../../../H-x86_64-mingw32/nios2-elf/lib/mno-hw-mul\libsmallc.a(lib_a-impure.o)
 .data          0x00000000008038ec        0x0 c:/altera_lite/16.0/nios2eds/bin/gnu/h-x86_64-mingw32/bin/../lib/gcc/nios2-elf/5.2.0/../../../../../H-x86_64-mingw32/nios2-elf/lib/mno-hw-mul\libsmallc.a(lib_a-memcpy.o)
 .data          0x00000000008038ec        0x0 c:/altera_lite/16.0/nios2eds/bin/gnu/h-x86_64-mingw32/bin/../lib/gcc/nios2-elf/5.2.0/../../../../../H-x86_64-mingw32/nios2-elf/lib/mno-hw-mul\libsmallc.a(lib_a-memset.o)
 .data          0x00000000008038ec        0x0 c:/altera_lite/16.0/nios2eds/bin/gnu/h-x86_64-mingw32/bin/../lib/gcc/nios2-elf/5.2.0/../../../../../H-x86_64-mingw32/nios2-elf/lib/mno-hw-mul\libsmallc.a(lib_a-putc.o)
 .data          0x00000000008038ec        0x0 c:/altera_lite/16.0/nios2eds/bin/gnu/h-x86_64-mingw32/bin/../lib/gcc/nios2-elf/5.2.0/../../../../../H-x86_64-mingw32/nios2-elf/lib/mno-hw-mul\libsmallc.a(lib_a-strlen.o)
 .data          0x00000000008038ec        0x0 c:/altera_lite/16.0/nios2eds/bin/gnu/h-x86_64-mingw32/bin/../lib/gcc/nios2-elf/5.2.0/../../../../../H-x86_64-mingw32/nios2-elf/lib/mno-hw-mul\libsmallc.a(lib_a-fvwrite_small_dev.o)
 .data          0x00000000008038ec        0x0 c:/altera_lite/16.0/nios2eds/bin/gnu/h-x86_64-mingw32/bin/../lib/gcc/nios2-elf/5.2.0/../../../../../H-x86_64-mingw32/nios2-elf/lib/mno-hw-mul\libsmallc.a(lib_a-writer.o)
 .data          0x00000000008038ec        0x0 c:/altera_lite/16.0/nios2eds/bin/gnu/h-x86_64-mingw32/bin/../lib/gcc/nios2-elf/5.2.0/../../../../../H-x86_64-mingw32/nios2-elf/lib/mno-hw-mul\libsmallc.a(lib_a-int_errno.o)
 .data          0x00000000008038ec        0x0 ../C_eng_job_bsp/\libhal_bsp.a(alt_load.o)
 .data          0x00000000008038ec        0x0 ../C_eng_job_bsp/\libhal_bsp.a(alt_main.o)
 .data          0x00000000008038ec        0x0 ../C_eng_job_bsp/\libhal_bsp.a(alt_printf.o)
 .data          0x00000000008038ec        0x0 ../C_eng_job_bsp/\libhal_bsp.a(alt_putchar.o)
 .data          0x00000000008038ec        0x0 ../C_eng_job_bsp/\libhal_bsp.a(alt_write.o)
 .data          0x00000000008038ec       0x68 ../C_eng_job_bsp/\libhal_bsp.a(alt_sys_init.o)
 .data          0x0000000000803954        0x0 ../C_eng_job_bsp/\libhal_bsp.a(altera_avalon_jtag_uart_fd.o)
 .data          0x0000000000803954        0x0 ../C_eng_job_bsp/\libhal_bsp.a(altera_avalon_jtag_uart_read.o)
 .data          0x0000000000803954        0x0 ../C_eng_job_bsp/\libhal_bsp.a(altera_avalon_jtag_uart_write.o)
 .data          0x0000000000803954        0x0 ../C_eng_job_bsp/\libhal_bsp.a(altera_avalon_spi.o)
 .data          0x0000000000803954        0x0 ../C_eng_job_bsp/\libhal_bsp.a(altera_modular_adc.o)
 .data          0x0000000000803954        0x0 ../C_eng_job_bsp/\libhal_bsp.a(alt_dcache_flush_all.o)
 .data          0x0000000000803954      0x1a8 ../C_eng_job_bsp/\libhal_bsp.a(alt_dev.o)
                0x0000000000803954                alt_fd_list
                0x0000000000803ad4                alt_dev_null
 .data          0x0000000000803afc        0x0 ../C_eng_job_bsp/\libhal_bsp.a(alt_dev_llist_insert.o)
 .data          0x0000000000803afc        0x0 ../C_eng_job_bsp/\libhal_bsp.a(alt_errno.o)
 .data          0x0000000000803afc        0x0 ../C_eng_job_bsp/\libhal_bsp.a(alt_find_dev.o)
 .data          0x0000000000803afc        0x0 ../C_eng_job_bsp/\libhal_bsp.a(alt_icache_flush_all.o)
 .data          0x0000000000803afc        0x0 ../C_eng_job_bsp/\libhal_bsp.a(alt_iic.o)
 .data          0x0000000000803afc        0x0 ../C_eng_job_bsp/\libhal_bsp.a(alt_iic_isr_register.o)
 .data          0x0000000000803afc        0x0 ../C_eng_job_bsp/\libhal_bsp.a(alt_io_redirect.o)
 .data          0x0000000000803afc        0x0 ../C_eng_job_bsp/\libhal_bsp.a(alt_irq_entry.o)
 .data          0x0000000000803afc        0x0 ../C_eng_job_bsp/\libhal_bsp.a(alt_irq_handler.o)
 .data          0x0000000000803afc        0x0 ../C_eng_job_bsp/\libhal_bsp.a(alt_irq_vars.o)
 .data          0x0000000000803afc        0x0 ../C_eng_job_bsp/\libhal_bsp.a(alt_open.o)
 .data          0x0000000000803afc        0x0 ../C_eng_job_bsp/\libhal_bsp.a(alt_release_fd.o)
 .data          0x0000000000803afc        0x0 ../C_eng_job_bsp/\libhal_bsp.a(altera_nios2_gen2_irq.o)
 .data          0x0000000000803afc        0x0 ../C_eng_job_bsp/\libhal_bsp.a(alt_exception_entry.o)
 .data          0x0000000000803afc        0x0 ../C_eng_job_bsp/\libhal_bsp.a(alt_find_file.o)
 .data          0x0000000000803afc        0x0 ../C_eng_job_bsp/\libhal_bsp.a(alt_get_fd.o)
 .data          0x0000000000803afc        0x0 ../C_eng_job_bsp/\libhal_bsp.a(alt_instruction_exception_entry.o)
 .data          0x0000000000803afc        0x0 c:/altera_lite/16.0/nios2eds/bin/gnu/h-x86_64-mingw32/bin/../lib/gcc/nios2-elf/5.2.0/../../../../../H-x86_64-mingw32/nios2-elf/lib/mno-hw-mul\libsmallc.a(lib_a-memcmp.o)
                0x000000000080bafc                _gp = ABSOLUTE ((. + 0x8000))
                [!provide]                        PROVIDE (gp, _gp)
 *(.rwdata .rwdata.*)
 *(.sdata .sdata.* .gnu.linkonce.s.*)
 .sdata         0x0000000000803afc        0x6 obj/default/hello_world.o
                0x0000000000803afc                spi_command_tx
                0x0000000000803afe                spi_command_rx
 *fill*         0x0000000000803b02        0x2 
 .sdata._global_impure_ptr
                0x0000000000803b04        0x4 c:/altera_lite/16.0/nios2eds/bin/gnu/h-x86_64-mingw32/bin/../lib/gcc/nios2-elf/5.2.0/../../../../../H-x86_64-mingw32/nios2-elf/lib/mno-hw-mul\libsmallc.a(lib_a-impure.o)
                0x0000000000803b04                _global_impure_ptr
 .sdata._impure_ptr
                0x0000000000803b08        0x4 c:/altera_lite/16.0/nios2eds/bin/gnu/h-x86_64-mingw32/bin/../lib/gcc/nios2-elf/5.2.0/../../../../../H-x86_64-mingw32/nios2-elf/lib/mno-hw-mul\libsmallc.a(lib_a-impure.o)
                0x0000000000803b08                _impure_ptr
 .sdata         0x0000000000803b0c        0x8 ../C_eng_job_bsp/\libhal_bsp.a(altera_modular_adc.o)
                0x0000000000803b0c                altera_modular_adc_list
 .sdata         0x0000000000803b14       0x14 ../C_eng_job_bsp/\libhal_bsp.a(alt_dev.o)
                0x0000000000803b14                alt_max_fd
                0x0000000000803b18                alt_dev_list
                0x0000000000803b20                alt_fs_list
 .sdata         0x0000000000803b28        0x4 ../C_eng_job_bsp/\libhal_bsp.a(alt_errno.o)
                0x0000000000803b28                alt_errno
 .sdata         0x0000000000803b2c        0x4 ../C_eng_job_bsp/\libhal_bsp.a(alt_irq_vars.o)
                0x0000000000803b2c                alt_priority_mask
 *(.sdata2 .sdata2.* .gnu.linkonce.s2.*)
                0x0000000000803b30                . = ALIGN (0x4)
                0x0000000000803b30                _edata = ABSOLUTE (.)
                [!provide]                        PROVIDE (edata, ABSOLUTE (.))
                0x0000000000803b30                PROVIDE (__ram_rwdata_end, ABSOLUTE (.))
                0x0000000000803b30                PROVIDE (__flash_rwdata_start, LOADADDR (.rwdata))

.bss            0x0000000000804254      0x130
                0x0000000000804254                __bss_start = ABSOLUTE (.)
                [!provide]                        PROVIDE (__sbss_start, ABSOLUTE (.))
                [!provide]                        PROVIDE (___sbss_start, ABSOLUTE (.))
 *(.dynsbss)
 *(.sbss .sbss.* .gnu.linkonce.sb.*)
 .sbss          0x0000000000804254       0x14 obj/default/hello_world.o
                0x0000000000804254                i
                0x0000000000804258                j
 .sbss          0x0000000000804268        0x3 obj/default/hello_world.o
                0x0000000000804268                accel_data
 *fill*         0x000000000080426b        0x1 
 .sbss          0x000000000080426c        0x4 c:/altera_lite/16.0/nios2eds/bin/gnu/h-x86_64-mingw32/bin/../lib/gcc/nios2-elf/5.2.0/../../../../../H-x86_64-mingw32/nios2-elf/lib/mno-hw-mul\libsmallc.a(lib_a-int_errno.o)
                0x000000000080426c                errno
 .sbss          0x0000000000804270        0xc ../C_eng_job_bsp/\libhal_bsp.a(alt_main.o)
                0x0000000000804270                alt_envp
                0x0000000000804274                alt_argv
                0x0000000000804278                alt_argc
 .sbss          0x000000000080427c        0x4 ../C_eng_job_bsp/\libhal_bsp.a(alt_irq_vars.o)
                0x000000000080427c                alt_irq_active
 .sbss          0x0000000000804280        0x4 ../C_eng_job_bsp/\libhal_bsp.a(alt_instruction_exception_entry.o)
                0x0000000000804280                alt_instruction_exception_handler
 *(.sbss2 .sbss2.* .gnu.linkonce.sb2.*)
 *(.scommon)
                [!provide]                        PROVIDE (__sbss_end, ABSOLUTE (.))
                [!provide]                        PROVIDE (___sbss_end, ABSOLUTE (.))
 *(.dynbss)
 *(.bss .bss.* .gnu.linkonce.b.*)
 .bss           0x0000000000804284        0x0 ../C_eng_job_bsp//obj/HAL/src/crt0.o
 .bss           0x0000000000804284        0x0 obj/default/hello_world.o
 .bss           0x0000000000804284        0x0 c:/altera_lite/16.0/nios2eds/bin/gnu/h-x86_64-mingw32/bin/../lib/gcc/nios2-elf/5.2.0/mno-hw-mul\libgcc.a(lib2-divmod.o)
 .bss           0x0000000000804284        0x0 c:/altera_lite/16.0/nios2eds/bin/gnu/h-x86_64-mingw32/bin/../lib/gcc/nios2-elf/5.2.0/mno-hw-mul\libgcc.a(lib2-mul.o)
 .bss           0x0000000000804284        0x0 c:/altera_lite/16.0/nios2eds/bin/gnu/h-x86_64-mingw32/bin/../lib/gcc/nios2-elf/5.2.0/../../../../../H-x86_64-mingw32/nios2-elf/lib/mno-hw-mul\libsmallc.a(lib_a-impure.o)
 .bss           0x0000000000804284        0x0 c:/altera_lite/16.0/nios2eds/bin/gnu/h-x86_64-mingw32/bin/../lib/gcc/nios2-elf/5.2.0/../../../../../H-x86_64-mingw32/nios2-elf/lib/mno-hw-mul\libsmallc.a(lib_a-memcpy.o)
 .bss           0x0000000000804284        0x0 c:/altera_lite/16.0/nios2eds/bin/gnu/h-x86_64-mingw32/bin/../lib/gcc/nios2-elf/5.2.0/../../../../../H-x86_64-mingw32/nios2-elf/lib/mno-hw-mul\libsmallc.a(lib_a-memset.o)
 .bss           0x0000000000804284        0x0 c:/altera_lite/16.0/nios2eds/bin/gnu/h-x86_64-mingw32/bin/../lib/gcc/nios2-elf/5.2.0/../../../../../H-x86_64-mingw32/nios2-elf/lib/mno-hw-mul\libsmallc.a(lib_a-putc.o)
 .bss           0x0000000000804284        0x0 c:/altera_lite/16.0/nios2eds/bin/gnu/h-x86_64-mingw32/bin/../lib/gcc/nios2-elf/5.2.0/../../../../../H-x86_64-mingw32/nios2-elf/lib/mno-hw-mul\libsmallc.a(lib_a-strlen.o)
 .bss           0x0000000000804284        0x0 c:/altera_lite/16.0/nios2eds/bin/gnu/h-x86_64-mingw32/bin/../lib/gcc/nios2-elf/5.2.0/../../../../../H-x86_64-mingw32/nios2-elf/lib/mno-hw-mul\libsmallc.a(lib_a-fvwrite_small_dev.o)
 .bss           0x0000000000804284        0x0 c:/altera_lite/16.0/nios2eds/bin/gnu/h-x86_64-mingw32/bin/../lib/gcc/nios2-elf/5.2.0/../../../../../H-x86_64-mingw32/nios2-elf/lib/mno-hw-mul\libsmallc.a(lib_a-writer.o)
 .bss           0x0000000000804284        0x0 c:/altera_lite/16.0/nios2eds/bin/gnu/h-x86_64-mingw32/bin/../lib/gcc/nios2-elf/5.2.0/../../../../../H-x86_64-mingw32/nios2-elf/lib/mno-hw-mul\libsmallc.a(lib_a-int_errno.o)
 .bss           0x0000000000804284        0x0 ../C_eng_job_bsp/\libhal_bsp.a(alt_load.o)
 .bss           0x0000000000804284        0x0 ../C_eng_job_bsp/\libhal_bsp.a(alt_main.o)
 .bss           0x0000000000804284        0x0 ../C_eng_job_bsp/\libhal_bsp.a(alt_printf.o)
 .bss           0x0000000000804284        0x0 ../C_eng_job_bsp/\libhal_bsp.a(alt_putchar.o)
 .bss           0x0000000000804284        0x0 ../C_eng_job_bsp/\libhal_bsp.a(alt_write.o)
 .bss           0x0000000000804284        0x0 ../C_eng_job_bsp/\libhal_bsp.a(alt_sys_init.o)
 .bss           0x0000000000804284        0x0 ../C_eng_job_bsp/\libhal_bsp.a(altera_avalon_jtag_uart_fd.o)
 .bss           0x0000000000804284        0x0 ../C_eng_job_bsp/\libhal_bsp.a(altera_avalon_jtag_uart_read.o)
 .bss           0x0000000000804284        0x0 ../C_eng_job_bsp/\libhal_bsp.a(altera_avalon_jtag_uart_write.o)
 .bss           0x0000000000804284        0x0 ../C_eng_job_bsp/\libhal_bsp.a(altera_avalon_spi.o)
 .bss           0x0000000000804284        0x0 ../C_eng_job_bsp/\libhal_bsp.a(altera_modular_adc.o)
 .bss           0x0000000000804284        0x0 ../C_eng_job_bsp/\libhal_bsp.a(alt_dcache_flush_all.o)
 .bss           0x0000000000804284        0x0 ../C_eng_job_bsp/\libhal_bsp.a(alt_dev.o)
 .bss           0x0000000000804284        0x0 ../C_eng_job_bsp/\libhal_bsp.a(alt_dev_llist_insert.o)
 .bss           0x0000000000804284        0x0 ../C_eng_job_bsp/\libhal_bsp.a(alt_errno.o)
 .bss           0x0000000000804284        0x0 ../C_eng_job_bsp/\libhal_bsp.a(alt_find_dev.o)
 .bss           0x0000000000804284        0x0 ../C_eng_job_bsp/\libhal_bsp.a(alt_icache_flush_all.o)
 .bss           0x0000000000804284        0x0 ../C_eng_job_bsp/\libhal_bsp.a(alt_iic.o)
 .bss           0x0000000000804284        0x0 ../C_eng_job_bsp/\libhal_bsp.a(alt_iic_isr_register.o)
 .bss           0x0000000000804284        0x0 ../C_eng_job_bsp/\libhal_bsp.a(alt_io_redirect.o)
 .bss           0x0000000000804284        0x0 ../C_eng_job_bsp/\libhal_bsp.a(alt_irq_entry.o)
 .bss           0x0000000000804284        0x0 ../C_eng_job_bsp/\libhal_bsp.a(alt_irq_handler.o)
 .bss           0x0000000000804284        0x0 ../C_eng_job_bsp/\libhal_bsp.a(alt_irq_vars.o)
 .bss           0x0000000000804284        0x0 ../C_eng_job_bsp/\libhal_bsp.a(alt_open.o)
 .bss           0x0000000000804284        0x0 ../C_eng_job_bsp/\libhal_bsp.a(alt_release_fd.o)
 .bss           0x0000000000804284        0x0 ../C_eng_job_bsp/\libhal_bsp.a(altera_nios2_gen2_irq.o)
 .bss           0x0000000000804284        0x0 ../C_eng_job_bsp/\libhal_bsp.a(alt_exception_entry.o)
 .bss           0x0000000000804284        0x0 ../C_eng_job_bsp/\libhal_bsp.a(alt_find_file.o)
 .bss           0x0000000000804284        0x0 ../C_eng_job_bsp/\libhal_bsp.a(alt_get_fd.o)
 .bss           0x0000000000804284        0x0 ../C_eng_job_bsp/\libhal_bsp.a(alt_instruction_exception_entry.o)
 .bss           0x0000000000804284        0x0 c:/altera_lite/16.0/nios2eds/bin/gnu/h-x86_64-mingw32/bin/../lib/gcc/nios2-elf/5.2.0/../../../../../H-x86_64-mingw32/nios2-elf/lib/mno-hw-mul\libsmallc.a(lib_a-memcmp.o)
 *(COMMON)
 COMMON         0x0000000000804284      0x100 ../C_eng_job_bsp/\libhal_bsp.a(alt_irq_handler.o)
                0x0000000000804284                alt_irq
                0x0000000000804384                . = ALIGN (0x4)
                0x0000000000804384                __bss_end = ABSOLUTE (.)

.SDRAM_Controller
                0x0000000000804384        0x0
                [!provide]                        PROVIDE (_alt_partition_SDRAM_Controller_start, ABSOLUTE (.))
 *(.SDRAM_Controller .SDRAM_Controller. SDRAM_Controller.*)
                0x0000000000804384                . = ALIGN (0x4)
                [!provide]                        PROVIDE (_alt_partition_SDRAM_Controller_end, ABSOLUTE (.))
                0x0000000000804384                _end = ABSOLUTE (.)
                0x0000000000804384                end = ABSOLUTE (.)
                0x0000000000804384                __alt_stack_base = ABSOLUTE (.)
                [!provide]                        PROVIDE (_alt_partition_SDRAM_Controller_load_addr, LOADADDR (.SDRAM_Controller))

.stab
 *(.stab)

.stabstr
 *(.stabstr)

.stab.excl
 *(.stab.excl)

.stab.exclstr
 *(.stab.exclstr)

.stab.index
 *(.stab.index)

.stab.indexstr
 *(.stab.indexstr)

.comment        0x0000000000000000       0x23
 *(.comment)
 .comment       0x0000000000000000       0x23 obj/default/hello_world.o
                                         0x24 (size before relaxing)
 .comment       0x0000000000000023       0x24 c:/altera_lite/16.0/nios2eds/bin/gnu/h-x86_64-mingw32/bin/../lib/gcc/nios2-elf/5.2.0/mno-hw-mul\libgcc.a(lib2-divmod.o)
 .comment       0x0000000000000023       0x24 c:/altera_lite/16.0/nios2eds/bin/gnu/h-x86_64-mingw32/bin/../lib/gcc/nios2-elf/5.2.0/mno-hw-mul\libgcc.a(lib2-mul.o)
 .comment       0x0000000000000023       0x24 c:/altera_lite/16.0/nios2eds/bin/gnu/h-x86_64-mingw32/bin/../lib/gcc/nios2-elf/5.2.0/../../../../../H-x86_64-mingw32/nios2-elf/lib/mno-hw-mul\libsmallc.a(lib_a-impure.o)
 .comment       0x0000000000000023       0x24 c:/altera_lite/16.0/nios2eds/bin/gnu/h-x86_64-mingw32/bin/../lib/gcc/nios2-elf/5.2.0/../../../../../H-x86_64-mingw32/nios2-elf/lib/mno-hw-mul\libsmallc.a(lib_a-memcpy.o)
 .comment       0x0000000000000023       0x24 c:/altera_lite/16.0/nios2eds/bin/gnu/h-x86_64-mingw32/bin/../lib/gcc/nios2-elf/5.2.0/../../../../../H-x86_64-mingw32/nios2-elf/lib/mno-hw-mul\libsmallc.a(lib_a-memset.o)
 .comment       0x0000000000000023       0x24 c:/altera_lite/16.0/nios2eds/bin/gnu/h-x86_64-mingw32/bin/../lib/gcc/nios2-elf/5.2.0/../../../../../H-x86_64-mingw32/nios2-elf/lib/mno-hw-mul\libsmallc.a(lib_a-putc.o)
 .comment       0x0000000000000023       0x24 c:/altera_lite/16.0/nios2eds/bin/gnu/h-x86_64-mingw32/bin/../lib/gcc/nios2-elf/5.2.0/../../../../../H-x86_64-mingw32/nios2-elf/lib/mno-hw-mul\libsmallc.a(lib_a-strlen.o)
 .comment       0x0000000000000023       0x24 c:/altera_lite/16.0/nios2eds/bin/gnu/h-x86_64-mingw32/bin/../lib/gcc/nios2-elf/5.2.0/../../../../../H-x86_64-mingw32/nios2-elf/lib/mno-hw-mul\libsmallc.a(lib_a-fvwrite_small_dev.o)
 .comment       0x0000000000000023       0x24 c:/altera_lite/16.0/nios2eds/bin/gnu/h-x86_64-mingw32/bin/../lib/gcc/nios2-elf/5.2.0/../../../../../H-x86_64-mingw32/nios2-elf/lib/mno-hw-mul\libsmallc.a(lib_a-writer.o)
 .comment       0x0000000000000023       0x24 c:/altera_lite/16.0/nios2eds/bin/gnu/h-x86_64-mingw32/bin/../lib/gcc/nios2-elf/5.2.0/../../../../../H-x86_64-mingw32/nios2-elf/lib/mno-hw-mul\libsmallc.a(lib_a-int_errno.o)
 .comment       0x0000000000000023       0x24 ../C_eng_job_bsp/\libhal_bsp.a(alt_load.o)
 .comment       0x0000000000000023       0x24 ../C_eng_job_bsp/\libhal_bsp.a(alt_main.o)
 .comment       0x0000000000000023       0x24 ../C_eng_job_bsp/\libhal_bsp.a(alt_printf.o)
 .comment       0x0000000000000023       0x24 ../C_eng_job_bsp/\libhal_bsp.a(alt_putchar.o)
 .comment       0x0000000000000023       0x24 ../C_eng_job_bsp/\libhal_bsp.a(alt_write.o)
 .comment       0x0000000000000023       0x24 ../C_eng_job_bsp/\libhal_bsp.a(alt_sys_init.o)
 .comment       0x0000000000000023       0x24 ../C_eng_job_bsp/\libhal_bsp.a(altera_avalon_jtag_uart_fd.o)
 .comment       0x0000000000000023       0x24 ../C_eng_job_bsp/\libhal_bsp.a(altera_avalon_jtag_uart_read.o)
 .comment       0x0000000000000023       0x24 ../C_eng_job_bsp/\libhal_bsp.a(altera_avalon_jtag_uart_write.o)
 .comment       0x0000000000000023       0x24 ../C_eng_job_bsp/\libhal_bsp.a(altera_avalon_spi.o)
 .comment       0x0000000000000023       0x24 ../C_eng_job_bsp/\libhal_bsp.a(altera_modular_adc.o)
 .comment       0x0000000000000023       0x24 ../C_eng_job_bsp/\libhal_bsp.a(alt_dcache_flush_all.o)
 .comment       0x0000000000000023       0x24 ../C_eng_job_bsp/\libhal_bsp.a(alt_dev.o)
 .comment       0x0000000000000023       0x24 ../C_eng_job_bsp/\libhal_bsp.a(alt_dev_llist_insert.o)
 .comment       0x0000000000000023       0x24 ../C_eng_job_bsp/\libhal_bsp.a(alt_errno.o)
 .comment       0x0000000000000023       0x24 ../C_eng_job_bsp/\libhal_bsp.a(alt_find_dev.o)
 .comment       0x0000000000000023       0x24 ../C_eng_job_bsp/\libhal_bsp.a(alt_icache_flush_all.o)
 .comment       0x0000000000000023       0x24 ../C_eng_job_bsp/\libhal_bsp.a(alt_iic.o)
 .comment       0x0000000000000023       0x24 ../C_eng_job_bsp/\libhal_bsp.a(alt_iic_isr_register.o)
 .comment       0x0000000000000023       0x24 ../C_eng_job_bsp/\libhal_bsp.a(alt_io_redirect.o)
 .comment       0x0000000000000023       0x24 ../C_eng_job_bsp/\libhal_bsp.a(alt_irq_handler.o)
 .comment       0x0000000000000023       0x24 ../C_eng_job_bsp/\libhal_bsp.a(alt_irq_vars.o)
 .comment       0x0000000000000023       0x24 ../C_eng_job_bsp/\libhal_bsp.a(alt_open.o)
 .comment       0x0000000000000023       0x24 ../C_eng_job_bsp/\libhal_bsp.a(alt_release_fd.o)
 .comment       0x0000000000000023       0x24 ../C_eng_job_bsp/\libhal_bsp.a(altera_nios2_gen2_irq.o)
 .comment       0x0000000000000023       0x24 ../C_eng_job_bsp/\libhal_bsp.a(alt_find_file.o)
 .comment       0x0000000000000023       0x24 ../C_eng_job_bsp/\libhal_bsp.a(alt_get_fd.o)
 .comment       0x0000000000000023       0x24 ../C_eng_job_bsp/\libhal_bsp.a(alt_instruction_exception_entry.o)
 .comment       0x0000000000000023       0x24 c:/altera_lite/16.0/nios2eds/bin/gnu/h-x86_64-mingw32/bin/../lib/gcc/nios2-elf/5.2.0/../../../../../H-x86_64-mingw32/nios2-elf/lib/mno-hw-mul\libsmallc.a(lib_a-memcmp.o)

.debug
 *(.debug)

.line
 *(.line)

.debug_srcinfo
 *(.debug_srcinfo)

.debug_sfnames
 *(.debug_sfnames)

.debug_aranges  0x0000000000000000      0x580
 *(.debug_aranges)
 .debug_aranges
                0x0000000000000000       0x28 ../C_eng_job_bsp//obj/HAL/src/crt0.o
 .debug_aranges
                0x0000000000000028       0x20 obj/default/hello_world.o
 .debug_aranges
                0x0000000000000048       0x20 c:/altera_lite/16.0/nios2eds/bin/gnu/h-x86_64-mingw32/bin/../lib/gcc/nios2-elf/5.2.0/mno-hw-mul\libgcc.a(lib2-divmod.o)
 .debug_aranges
                0x0000000000000068       0x20 c:/altera_lite/16.0/nios2eds/bin/gnu/h-x86_64-mingw32/bin/../lib/gcc/nios2-elf/5.2.0/mno-hw-mul\libgcc.a(lib2-mul.o)
 .debug_aranges
                0x0000000000000088       0x18 c:/altera_lite/16.0/nios2eds/bin/gnu/h-x86_64-mingw32/bin/../lib/gcc/nios2-elf/5.2.0/../../../../../H-x86_64-mingw32/nios2-elf/lib/mno-hw-mul\libsmallc.a(lib_a-impure.o)
 .debug_aranges
                0x00000000000000a0       0x20 c:/altera_lite/16.0/nios2eds/bin/gnu/h-x86_64-mingw32/bin/../lib/gcc/nios2-elf/5.2.0/../../../../../H-x86_64-mingw32/nios2-elf/lib/mno-hw-mul\libsmallc.a(lib_a-memcpy.o)
 .debug_aranges
                0x00000000000000c0       0x20 c:/altera_lite/16.0/nios2eds/bin/gnu/h-x86_64-mingw32/bin/../lib/gcc/nios2-elf/5.2.0/../../../../../H-x86_64-mingw32/nios2-elf/lib/mno-hw-mul\libsmallc.a(lib_a-memset.o)
 .debug_aranges
                0x00000000000000e0       0x28 c:/altera_lite/16.0/nios2eds/bin/gnu/h-x86_64-mingw32/bin/../lib/gcc/nios2-elf/5.2.0/../../../../../H-x86_64-mingw32/nios2-elf/lib/mno-hw-mul\libsmallc.a(lib_a-putc.o)
 .debug_aranges
                0x0000000000000108       0x20 c:/altera_lite/16.0/nios2eds/bin/gnu/h-x86_64-mingw32/bin/../lib/gcc/nios2-elf/5.2.0/../../../../../H-x86_64-mingw32/nios2-elf/lib/mno-hw-mul\libsmallc.a(lib_a-strlen.o)
 .debug_aranges
                0x0000000000000128       0x20 c:/altera_lite/16.0/nios2eds/bin/gnu/h-x86_64-mingw32/bin/../lib/gcc/nios2-elf/5.2.0/../../../../../H-x86_64-mingw32/nios2-elf/lib/mno-hw-mul\libsmallc.a(lib_a-fvwrite_small_dev.o)
 .debug_aranges
                0x0000000000000148       0x20 c:/altera_lite/16.0/nios2eds/bin/gnu/h-x86_64-mingw32/bin/../lib/gcc/nios2-elf/5.2.0/../../../../../H-x86_64-mingw32/nios2-elf/lib/mno-hw-mul\libsmallc.a(lib_a-writer.o)
 .debug_aranges
                0x0000000000000168       0x18 c:/altera_lite/16.0/nios2eds/bin/gnu/h-x86_64-mingw32/bin/../lib/gcc/nios2-elf/5.2.0/../../../../../H-x86_64-mingw32/nios2-elf/lib/mno-hw-mul\libsmallc.a(lib_a-int_errno.o)
 .debug_aranges
                0x0000000000000180       0x20 ../C_eng_job_bsp/\libhal_bsp.a(alt_load.o)
 .debug_aranges
                0x00000000000001a0       0x20 ../C_eng_job_bsp/\libhal_bsp.a(alt_main.o)
 .debug_aranges
                0x00000000000001c0       0x20 ../C_eng_job_bsp/\libhal_bsp.a(alt_printf.o)
 .debug_aranges
                0x00000000000001e0       0x20 ../C_eng_job_bsp/\libhal_bsp.a(alt_putchar.o)
 .debug_aranges
                0x0000000000000200       0x20 ../C_eng_job_bsp/\libhal_bsp.a(alt_write.o)
 .debug_aranges
                0x0000000000000220       0x20 ../C_eng_job_bsp/\libhal_bsp.a(alt_sys_init.o)
 .debug_aranges
                0x0000000000000240       0x20 ../C_eng_job_bsp/\libhal_bsp.a(altera_avalon_jtag_uart_fd.o)
 .debug_aranges
                0x0000000000000260       0x20 ../C_eng_job_bsp/\libhal_bsp.a(altera_avalon_jtag_uart_read.o)
 .debug_aranges
                0x0000000000000280       0x20 ../C_eng_job_bsp/\libhal_bsp.a(altera_avalon_jtag_uart_write.o)
 .debug_aranges
                0x00000000000002a0       0x20 ../C_eng_job_bsp/\libhal_bsp.a(altera_avalon_spi.o)
 .debug_aranges
                0x00000000000002c0       0x20 ../C_eng_job_bsp/\libhal_bsp.a(altera_modular_adc.o)
 .debug_aranges
                0x00000000000002e0       0x20 ../C_eng_job_bsp/\libhal_bsp.a(alt_dcache_flush_all.o)
 .debug_aranges
                0x0000000000000300       0x20 ../C_eng_job_bsp/\libhal_bsp.a(alt_dev.o)
 .debug_aranges
                0x0000000000000320       0x20 ../C_eng_job_bsp/\libhal_bsp.a(alt_dev_llist_insert.o)
 .debug_aranges
                0x0000000000000340       0x18 ../C_eng_job_bsp/\libhal_bsp.a(alt_errno.o)
 .debug_aranges
                0x0000000000000358       0x20 ../C_eng_job_bsp/\libhal_bsp.a(alt_find_dev.o)
 .debug_aranges
                0x0000000000000378       0x20 ../C_eng_job_bsp/\libhal_bsp.a(alt_icache_flush_all.o)
 .debug_aranges
                0x0000000000000398       0x20 ../C_eng_job_bsp/\libhal_bsp.a(alt_iic.o)
 .debug_aranges
                0x00000000000003b8       0x20 ../C_eng_job_bsp/\libhal_bsp.a(alt_iic_isr_register.o)
 .debug_aranges
                0x00000000000003d8       0x20 ../C_eng_job_bsp/\libhal_bsp.a(alt_io_redirect.o)
 .debug_aranges
                0x00000000000003f8       0x30 ../C_eng_job_bsp/\libhal_bsp.a(alt_irq_entry.o)
 .debug_aranges
                0x0000000000000428       0x20 ../C_eng_job_bsp/\libhal_bsp.a(alt_irq_handler.o)
 .debug_aranges
                0x0000000000000448       0x18 ../C_eng_job_bsp/\libhal_bsp.a(alt_irq_vars.o)
 .debug_aranges
                0x0000000000000460       0x20 ../C_eng_job_bsp/\libhal_bsp.a(alt_open.o)
 .debug_aranges
                0x0000000000000480       0x20 ../C_eng_job_bsp/\libhal_bsp.a(alt_release_fd.o)
 .debug_aranges
                0x00000000000004a0       0x20 ../C_eng_job_bsp/\libhal_bsp.a(altera_nios2_gen2_irq.o)
 .debug_aranges
                0x00000000000004c0       0x38 ../C_eng_job_bsp/\libhal_bsp.a(alt_exception_entry.o)
 .debug_aranges
                0x00000000000004f8       0x20 ../C_eng_job_bsp/\libhal_bsp.a(alt_find_file.o)
 .debug_aranges
                0x0000000000000518       0x20 ../C_eng_job_bsp/\libhal_bsp.a(alt_get_fd.o)
 .debug_aranges
                0x0000000000000538       0x28 ../C_eng_job_bsp/\libhal_bsp.a(alt_instruction_exception_entry.o)
 .debug_aranges
                0x0000000000000560       0x20 c:/altera_lite/16.0/nios2eds/bin/gnu/h-x86_64-mingw32/bin/../lib/gcc/nios2-elf/5.2.0/../../../../../H-x86_64-mingw32/nios2-elf/lib/mno-hw-mul\libsmallc.a(lib_a-memcmp.o)

.debug_pubnames
 *(.debug_pubnames)

.debug_info     0x0000000000000000     0x8965
 *(.debug_info .gnu.linkonce.wi.*)
 .debug_info    0x0000000000000000       0x92 ../C_eng_job_bsp//obj/HAL/src/crt0.o
 .debug_info    0x0000000000000092     0x1595 obj/default/hello_world.o
 .debug_info    0x0000000000001627      0x2c3 c:/altera_lite/16.0/nios2eds/bin/gnu/h-x86_64-mingw32/bin/../lib/gcc/nios2-elf/5.2.0/mno-hw-mul\libgcc.a(lib2-divmod.o)
 .debug_info    0x00000000000018ea       0xb4 c:/altera_lite/16.0/nios2eds/bin/gnu/h-x86_64-mingw32/bin/../lib/gcc/nios2-elf/5.2.0/mno-hw-mul\libgcc.a(lib2-mul.o)
 .debug_info    0x000000000000199e      0x5a9 c:/altera_lite/16.0/nios2eds/bin/gnu/h-x86_64-mingw32/bin/../lib/gcc/nios2-elf/5.2.0/../../../../../H-x86_64-mingw32/nios2-elf/lib/mno-hw-mul\libsmallc.a(lib_a-impure.o)
 .debug_info    0x0000000000001f47      0x119 c:/altera_lite/16.0/nios2eds/bin/gnu/h-x86_64-mingw32/bin/../lib/gcc/nios2-elf/5.2.0/../../../../../H-x86_64-mingw32/nios2-elf/lib/mno-hw-mul\libsmallc.a(lib_a-memcpy.o)
 .debug_info    0x0000000000002060       0xdc c:/altera_lite/16.0/nios2eds/bin/gnu/h-x86_64-mingw32/bin/../lib/gcc/nios2-elf/5.2.0/../../../../../H-x86_64-mingw32/nios2-elf/lib/mno-hw-mul\libsmallc.a(lib_a-memset.o)
 .debug_info    0x000000000000213c      0x672 c:/altera_lite/16.0/nios2eds/bin/gnu/h-x86_64-mingw32/bin/../lib/gcc/nios2-elf/5.2.0/../../../../../H-x86_64-mingw32/nios2-elf/lib/mno-hw-mul\libsmallc.a(lib_a-putc.o)
 .debug_info    0x00000000000027ae       0xc9 c:/altera_lite/16.0/nios2eds/bin/gnu/h-x86_64-mingw32/bin/../lib/gcc/nios2-elf/5.2.0/../../../../../H-x86_64-mingw32/nios2-elf/lib/mno-hw-mul\libsmallc.a(lib_a-strlen.o)
 .debug_info    0x0000000000002877      0x62b c:/altera_lite/16.0/nios2eds/bin/gnu/h-x86_64-mingw32/bin/../lib/gcc/nios2-elf/5.2.0/../../../../../H-x86_64-mingw32/nios2-elf/lib/mno-hw-mul\libsmallc.a(lib_a-fvwrite_small_dev.o)
 .debug_info    0x0000000000002ea2      0x630 c:/altera_lite/16.0/nios2eds/bin/gnu/h-x86_64-mingw32/bin/../lib/gcc/nios2-elf/5.2.0/../../../../../H-x86_64-mingw32/nios2-elf/lib/mno-hw-mul\libsmallc.a(lib_a-writer.o)
 .debug_info    0x00000000000034d2       0x8a c:/altera_lite/16.0/nios2eds/bin/gnu/h-x86_64-mingw32/bin/../lib/gcc/nios2-elf/5.2.0/../../../../../H-x86_64-mingw32/nios2-elf/lib/mno-hw-mul\libsmallc.a(lib_a-int_errno.o)
 .debug_info    0x000000000000355c      0x1c9 ../C_eng_job_bsp/\libhal_bsp.a(alt_load.o)
 .debug_info    0x0000000000003725      0x19d ../C_eng_job_bsp/\libhal_bsp.a(alt_main.o)
 .debug_info    0x00000000000038c2      0x14d ../C_eng_job_bsp/\libhal_bsp.a(alt_printf.o)
 .debug_info    0x0000000000003a0f      0x8c3 ../C_eng_job_bsp/\libhal_bsp.a(alt_putchar.o)
 .debug_info    0x00000000000042d2      0x4f3 ../C_eng_job_bsp/\libhal_bsp.a(alt_write.o)
 .debug_info    0x00000000000047c5      0x4d7 ../C_eng_job_bsp/\libhal_bsp.a(alt_sys_init.o)
 .debug_info    0x0000000000004c9c      0x3f5 ../C_eng_job_bsp/\libhal_bsp.a(altera_avalon_jtag_uart_fd.o)
 .debug_info    0x0000000000005091      0x1b4 ../C_eng_job_bsp/\libhal_bsp.a(altera_avalon_jtag_uart_read.o)
 .debug_info    0x0000000000005245      0x197 ../C_eng_job_bsp/\libhal_bsp.a(altera_avalon_jtag_uart_write.o)
 .debug_info    0x00000000000053dc      0x194 ../C_eng_job_bsp/\libhal_bsp.a(altera_avalon_spi.o)
 .debug_info    0x0000000000005570      0x957 ../C_eng_job_bsp/\libhal_bsp.a(altera_modular_adc.o)
 .debug_info    0x0000000000005ec7       0x92 ../C_eng_job_bsp/\libhal_bsp.a(alt_dcache_flush_all.o)
 .debug_info    0x0000000000005f59      0x499 ../C_eng_job_bsp/\libhal_bsp.a(alt_dev.o)
 .debug_info    0x00000000000063f2      0x1af ../C_eng_job_bsp/\libhal_bsp.a(alt_dev_llist_insert.o)
 .debug_info    0x00000000000065a1       0xa6 ../C_eng_job_bsp/\libhal_bsp.a(alt_errno.o)
 .debug_info    0x0000000000006647      0x32d ../C_eng_job_bsp/\libhal_bsp.a(alt_find_dev.o)
 .debug_info    0x0000000000006974       0x92 ../C_eng_job_bsp/\libhal_bsp.a(alt_icache_flush_all.o)
 .debug_info    0x0000000000006a06      0x386 ../C_eng_job_bsp/\libhal_bsp.a(alt_iic.o)
 .debug_info    0x0000000000006d8c      0x232 ../C_eng_job_bsp/\libhal_bsp.a(alt_iic_isr_register.o)
 .debug_info    0x0000000000006fbe      0x567 ../C_eng_job_bsp/\libhal_bsp.a(alt_io_redirect.o)
 .debug_info    0x0000000000007525       0x9b ../C_eng_job_bsp/\libhal_bsp.a(alt_irq_entry.o)
 .debug_info    0x00000000000075c0      0x18c ../C_eng_job_bsp/\libhal_bsp.a(alt_irq_handler.o)
 .debug_info    0x000000000000774c       0x88 ../C_eng_job_bsp/\libhal_bsp.a(alt_irq_vars.o)
 .debug_info    0x00000000000077d4      0x480 ../C_eng_job_bsp/\libhal_bsp.a(alt_open.o)
 .debug_info    0x0000000000007c54      0x2b1 ../C_eng_job_bsp/\libhal_bsp.a(alt_release_fd.o)
 .debug_info    0x0000000000007f05       0x92 ../C_eng_job_bsp/\libhal_bsp.a(altera_nios2_gen2_irq.o)
 .debug_info    0x0000000000007f97       0xa1 ../C_eng_job_bsp/\libhal_bsp.a(alt_exception_entry.o)
 .debug_info    0x0000000000008038      0x329 ../C_eng_job_bsp/\libhal_bsp.a(alt_find_file.o)
 .debug_info    0x0000000000008361      0x313 ../C_eng_job_bsp/\libhal_bsp.a(alt_get_fd.o)
 .debug_info    0x0000000000008674      0x1fd ../C_eng_job_bsp/\libhal_bsp.a(alt_instruction_exception_entry.o)
 .debug_info    0x0000000000008871       0xf4 c:/altera_lite/16.0/nios2eds/bin/gnu/h-x86_64-mingw32/bin/../lib/gcc/nios2-elf/5.2.0/../../../../../H-x86_64-mingw32/nios2-elf/lib/mno-hw-mul\libsmallc.a(lib_a-memcmp.o)

.debug_abbrev   0x0000000000000000     0x2b37
 *(.debug_abbrev)
 .debug_abbrev  0x0000000000000000       0x12 ../C_eng_job_bsp//obj/HAL/src/crt0.o
 .debug_abbrev  0x0000000000000012      0x30f obj/default/hello_world.o
 .debug_abbrev  0x0000000000000321      0x10e c:/altera_lite/16.0/nios2eds/bin/gnu/h-x86_64-mingw32/bin/../lib/gcc/nios2-elf/5.2.0/mno-hw-mul\libgcc.a(lib2-divmod.o)
 .debug_abbrev  0x000000000000042f       0x6f c:/altera_lite/16.0/nios2eds/bin/gnu/h-x86_64-mingw32/bin/../lib/gcc/nios2-elf/5.2.0/mno-hw-mul\libgcc.a(lib2-mul.o)
 .debug_abbrev  0x000000000000049e      0x14a c:/altera_lite/16.0/nios2eds/bin/gnu/h-x86_64-mingw32/bin/../lib/gcc/nios2-elf/5.2.0/../../../../../H-x86_64-mingw32/nios2-elf/lib/mno-hw-mul\libsmallc.a(lib_a-impure.o)
 .debug_abbrev  0x00000000000005e8       0x9c c:/altera_lite/16.0/nios2eds/bin/gnu/h-x86_64-mingw32/bin/../lib/gcc/nios2-elf/5.2.0/../../../../../H-x86_64-mingw32/nios2-elf/lib/mno-hw-mul\libsmallc.a(lib_a-memcpy.o)
 .debug_abbrev  0x0000000000000684       0x8e c:/altera_lite/16.0/nios2eds/bin/gnu/h-x86_64-mingw32/bin/../lib/gcc/nios2-elf/5.2.0/../../../../../H-x86_64-mingw32/nios2-elf/lib/mno-hw-mul\libsmallc.a(lib_a-memset.o)
 .debug_abbrev  0x0000000000000712      0x1bd c:/altera_lite/16.0/nios2eds/bin/gnu/h-x86_64-mingw32/bin/../lib/gcc/nios2-elf/5.2.0/../../../../../H-x86_64-mingw32/nios2-elf/lib/mno-hw-mul\libsmallc.a(lib_a-putc.o)
 .debug_abbrev  0x00000000000008cf       0x7f c:/altera_lite/16.0/nios2eds/bin/gnu/h-x86_64-mingw32/bin/../lib/gcc/nios2-elf/5.2.0/../../../../../H-x86_64-mingw32/nios2-elf/lib/mno-hw-mul\libsmallc.a(lib_a-strlen.o)
 .debug_abbrev  0x000000000000094e      0x1bc c:/altera_lite/16.0/nios2eds/bin/gnu/h-x86_64-mingw32/bin/../lib/gcc/nios2-elf/5.2.0/../../../../../H-x86_64-mingw32/nios2-elf/lib/mno-hw-mul\libsmallc.a(lib_a-fvwrite_small_dev.o)
 .debug_abbrev  0x0000000000000b0a      0x1a6 c:/altera_lite/16.0/nios2eds/bin/gnu/h-x86_64-mingw32/bin/../lib/gcc/nios2-elf/5.2.0/../../../../../H-x86_64-mingw32/nios2-elf/lib/mno-hw-mul\libsmallc.a(lib_a-writer.o)
 .debug_abbrev  0x0000000000000cb0       0x37 c:/altera_lite/16.0/nios2eds/bin/gnu/h-x86_64-mingw32/bin/../lib/gcc/nios2-elf/5.2.0/../../../../../H-x86_64-mingw32/nios2-elf/lib/mno-hw-mul\libsmallc.a(lib_a-int_errno.o)
 .debug_abbrev  0x0000000000000ce7       0xd8 ../C_eng_job_bsp/\libhal_bsp.a(alt_load.o)
 .debug_abbrev  0x0000000000000dbf       0xee ../C_eng_job_bsp/\libhal_bsp.a(alt_main.o)
 .debug_abbrev  0x0000000000000ead       0xd5 ../C_eng_job_bsp/\libhal_bsp.a(alt_printf.o)
 .debug_abbrev  0x0000000000000f82      0x1da ../C_eng_job_bsp/\libhal_bsp.a(alt_putchar.o)
 .debug_abbrev  0x000000000000115c      0x152 ../C_eng_job_bsp/\libhal_bsp.a(alt_write.o)
 .debug_abbrev  0x00000000000012ae      0x1aa ../C_eng_job_bsp/\libhal_bsp.a(alt_sys_init.o)
 .debug_abbrev  0x0000000000001458      0x122 ../C_eng_job_bsp/\libhal_bsp.a(altera_avalon_jtag_uart_fd.o)
 .debug_abbrev  0x000000000000157a      0x102 ../C_eng_job_bsp/\libhal_bsp.a(altera_avalon_jtag_uart_read.o)
 .debug_abbrev  0x000000000000167c       0xd5 ../C_eng_job_bsp/\libhal_bsp.a(altera_avalon_jtag_uart_write.o)
 .debug_abbrev  0x0000000000001751       0xa8 ../C_eng_job_bsp/\libhal_bsp.a(altera_avalon_spi.o)
 .debug_abbrev  0x00000000000017f9      0x28e ../C_eng_job_bsp/\libhal_bsp.a(altera_modular_adc.o)
 .debug_abbrev  0x0000000000001a87       0x42 ../C_eng_job_bsp/\libhal_bsp.a(alt_dcache_flush_all.o)
 .debug_abbrev  0x0000000000001ac9       0xd9 ../C_eng_job_bsp/\libhal_bsp.a(alt_dev.o)
 .debug_abbrev  0x0000000000001ba2      0x11c ../C_eng_job_bsp/\libhal_bsp.a(alt_dev_llist_insert.o)
 .debug_abbrev  0x0000000000001cbe       0x5a ../C_eng_job_bsp/\libhal_bsp.a(alt_errno.o)
 .debug_abbrev  0x0000000000001d18      0x125 ../C_eng_job_bsp/\libhal_bsp.a(alt_find_dev.o)
 .debug_abbrev  0x0000000000001e3d       0x42 ../C_eng_job_bsp/\libhal_bsp.a(alt_icache_flush_all.o)
 .debug_abbrev  0x0000000000001e7f      0x197 ../C_eng_job_bsp/\libhal_bsp.a(alt_iic.o)
 .debug_abbrev  0x0000000000002016      0x19c ../C_eng_job_bsp/\libhal_bsp.a(alt_iic_isr_register.o)
 .debug_abbrev  0x00000000000021b2      0x189 ../C_eng_job_bsp/\libhal_bsp.a(alt_io_redirect.o)
 .debug_abbrev  0x000000000000233b       0x12 ../C_eng_job_bsp/\libhal_bsp.a(alt_irq_entry.o)
 .debug_abbrev  0x000000000000234d      0x122 ../C_eng_job_bsp/\libhal_bsp.a(alt_irq_handler.o)
 .debug_abbrev  0x000000000000246f       0x40 ../C_eng_job_bsp/\libhal_bsp.a(alt_irq_vars.o)
 .debug_abbrev  0x00000000000024af      0x1be ../C_eng_job_bsp/\libhal_bsp.a(alt_open.o)
 .debug_abbrev  0x000000000000266d       0xde ../C_eng_job_bsp/\libhal_bsp.a(alt_release_fd.o)
 .debug_abbrev  0x000000000000274b       0x42 ../C_eng_job_bsp/\libhal_bsp.a(altera_nios2_gen2_irq.o)
 .debug_abbrev  0x000000000000278d       0x12 ../C_eng_job_bsp/\libhal_bsp.a(alt_exception_entry.o)
 .debug_abbrev  0x000000000000279f      0x125 ../C_eng_job_bsp/\libhal_bsp.a(alt_find_file.o)
 .debug_abbrev  0x00000000000028c4      0x10d ../C_eng_job_bsp/\libhal_bsp.a(alt_get_fd.o)
 .debug_abbrev  0x00000000000029d1       0xe7 ../C_eng_job_bsp/\libhal_bsp.a(alt_instruction_exception_entry.o)
 .debug_abbrev  0x0000000000002ab8       0x7f c:/altera_lite/16.0/nios2eds/bin/gnu/h-x86_64-mingw32/bin/../lib/gcc/nios2-elf/5.2.0/../../../../../H-x86_64-mingw32/nios2-elf/lib/mno-hw-mul\libsmallc.a(lib_a-memcmp.o)

.debug_line     0x0000000000000000     0x2e6b
 *(.debug_line)
 .debug_line    0x0000000000000000       0x66 ../C_eng_job_bsp//obj/HAL/src/crt0.o
 .debug_line    0x0000000000000066      0x500 obj/default/hello_world.o
 .debug_line    0x0000000000000566      0x105 c:/altera_lite/16.0/nios2eds/bin/gnu/h-x86_64-mingw32/bin/../lib/gcc/nios2-elf/5.2.0/mno-hw-mul\libgcc.a(lib2-divmod.o)
 .debug_line    0x000000000000066b       0x80 c:/altera_lite/16.0/nios2eds/bin/gnu/h-x86_64-mingw32/bin/../lib/gcc/nios2-elf/5.2.0/mno-hw-mul\libgcc.a(lib2-mul.o)
 .debug_line    0x00000000000006eb      0x156 c:/altera_lite/16.0/nios2eds/bin/gnu/h-x86_64-mingw32/bin/../lib/gcc/nios2-elf/5.2.0/../../../../../H-x86_64-mingw32/nios2-elf/lib/mno-hw-mul\libsmallc.a(lib_a-impure.o)
 .debug_line    0x0000000000000841      0x15e c:/altera_lite/16.0/nios2eds/bin/gnu/h-x86_64-mingw32/bin/../lib/gcc/nios2-elf/5.2.0/../../../../../H-x86_64-mingw32/nios2-elf/lib/mno-hw-mul\libsmallc.a(lib_a-memcpy.o)
 .debug_line    0x000000000000099f      0x15d c:/altera_lite/16.0/nios2eds/bin/gnu/h-x86_64-mingw32/bin/../lib/gcc/nios2-elf/5.2.0/../../../../../H-x86_64-mingw32/nios2-elf/lib/mno-hw-mul\libsmallc.a(lib_a-memset.o)
 .debug_line    0x0000000000000afc      0x202 c:/altera_lite/16.0/nios2eds/bin/gnu/h-x86_64-mingw32/bin/../lib/gcc/nios2-elf/5.2.0/../../../../../H-x86_64-mingw32/nios2-elf/lib/mno-hw-mul\libsmallc.a(lib_a-putc.o)
 .debug_line    0x0000000000000cfe      0x15c c:/altera_lite/16.0/nios2eds/bin/gnu/h-x86_64-mingw32/bin/../lib/gcc/nios2-elf/5.2.0/../../../../../H-x86_64-mingw32/nios2-elf/lib/mno-hw-mul\libsmallc.a(lib_a-strlen.o)
 .debug_line    0x0000000000000e5a      0x1f0 c:/altera_lite/16.0/nios2eds/bin/gnu/h-x86_64-mingw32/bin/../lib/gcc/nios2-elf/5.2.0/../../../../../H-x86_64-mingw32/nios2-elf/lib/mno-hw-mul\libsmallc.a(lib_a-fvwrite_small_dev.o)
 .debug_line    0x000000000000104a      0x1ed c:/altera_lite/16.0/nios2eds/bin/gnu/h-x86_64-mingw32/bin/../lib/gcc/nios2-elf/5.2.0/../../../../../H-x86_64-mingw32/nios2-elf/lib/mno-hw-mul\libsmallc.a(lib_a-writer.o)
 .debug_line    0x0000000000001237       0x5f c:/altera_lite/16.0/nios2eds/bin/gnu/h-x86_64-mingw32/bin/../lib/gcc/nios2-elf/5.2.0/../../../../../H-x86_64-mingw32/nios2-elf/lib/mno-hw-mul\libsmallc.a(lib_a-int_errno.o)
 .debug_line    0x0000000000001296       0xa5 ../C_eng_job_bsp/\libhal_bsp.a(alt_load.o)
 .debug_line    0x000000000000133b       0xc1 ../C_eng_job_bsp/\libhal_bsp.a(alt_main.o)
 .debug_line    0x00000000000013fc      0x10f ../C_eng_job_bsp/\libhal_bsp.a(alt_printf.o)
 .debug_line    0x000000000000150b      0x16c ../C_eng_job_bsp/\libhal_bsp.a(alt_putchar.o)
 .debug_line    0x0000000000001677      0x1c4 ../C_eng_job_bsp/\libhal_bsp.a(alt_write.o)
 .debug_line    0x000000000000183b      0x16c ../C_eng_job_bsp/\libhal_bsp.a(alt_sys_init.o)
 .debug_line    0x00000000000019a7      0x10b ../C_eng_job_bsp/\libhal_bsp.a(altera_avalon_jtag_uart_fd.o)
 .debug_line    0x0000000000001ab2       0xfb ../C_eng_job_bsp/\libhal_bsp.a(altera_avalon_jtag_uart_read.o)
 .debug_line    0x0000000000001bad       0xf0 ../C_eng_job_bsp/\libhal_bsp.a(altera_avalon_jtag_uart_write.o)
 .debug_line    0x0000000000001c9d       0xc5 ../C_eng_job_bsp/\libhal_bsp.a(altera_avalon_spi.o)
 .debug_line    0x0000000000001d62      0x211 ../C_eng_job_bsp/\libhal_bsp.a(altera_modular_adc.o)
 .debug_line    0x0000000000001f73       0x4e ../C_eng_job_bsp/\libhal_bsp.a(alt_dcache_flush_all.o)
 .debug_line    0x0000000000001fc1       0xf3 ../C_eng_job_bsp/\libhal_bsp.a(alt_dev.o)
 .debug_line    0x00000000000020b4       0xd8 ../C_eng_job_bsp/\libhal_bsp.a(alt_dev_llist_insert.o)
 .debug_line    0x000000000000218c       0x51 ../C_eng_job_bsp/\libhal_bsp.a(alt_errno.o)
 .debug_line    0x00000000000021dd      0x104 ../C_eng_job_bsp/\libhal_bsp.a(alt_find_dev.o)
 .debug_line    0x00000000000022e1       0x4e ../C_eng_job_bsp/\libhal_bsp.a(alt_icache_flush_all.o)
 .debug_line    0x000000000000232f       0xf1 ../C_eng_job_bsp/\libhal_bsp.a(alt_iic.o)
 .debug_line    0x0000000000002420       0xd6 ../C_eng_job_bsp/\libhal_bsp.a(alt_iic_isr_register.o)
 .debug_line    0x00000000000024f6      0x14a ../C_eng_job_bsp/\libhal_bsp.a(alt_io_redirect.o)
 .debug_line    0x0000000000002640       0x6b ../C_eng_job_bsp/\libhal_bsp.a(alt_irq_entry.o)
 .debug_line    0x00000000000026ab       0xa5 ../C_eng_job_bsp/\libhal_bsp.a(alt_irq_handler.o)
 .debug_line    0x0000000000002750       0x50 ../C_eng_job_bsp/\libhal_bsp.a(alt_irq_vars.o)
 .debug_line    0x00000000000027a0      0x105 ../C_eng_job_bsp/\libhal_bsp.a(alt_open.o)
 .debug_line    0x00000000000028a5       0xb1 ../C_eng_job_bsp/\libhal_bsp.a(alt_release_fd.o)
 .debug_line    0x0000000000002956       0x50 ../C_eng_job_bsp/\libhal_bsp.a(altera_nios2_gen2_irq.o)
 .debug_line    0x00000000000029a6       0xb3 ../C_eng_job_bsp/\libhal_bsp.a(alt_exception_entry.o)
 .debug_line    0x0000000000002a59      0x11f ../C_eng_job_bsp/\libhal_bsp.a(alt_find_file.o)
 .debug_line    0x0000000000002b78       0xd4 ../C_eng_job_bsp/\libhal_bsp.a(alt_get_fd.o)
 .debug_line    0x0000000000002c4c       0xbf ../C_eng_job_bsp/\libhal_bsp.a(alt_instruction_exception_entry.o)
 .debug_line    0x0000000000002d0b      0x160 c:/altera_lite/16.0/nios2eds/bin/gnu/h-x86_64-mingw32/bin/../lib/gcc/nios2-elf/5.2.0/../../../../../H-x86_64-mingw32/nios2-elf/lib/mno-hw-mul\libsmallc.a(lib_a-memcmp.o)

.debug_frame    0x0000000000000000      0xc80
 *(.debug_frame)
 .debug_frame   0x0000000000000000      0x410 obj/default/hello_world.o
 .debug_frame   0x0000000000000410       0x50 c:/altera_lite/16.0/nios2eds/bin/gnu/h-x86_64-mingw32/bin/../lib/gcc/nios2-elf/5.2.0/mno-hw-mul\libgcc.a(lib2-divmod.o)
 .debug_frame   0x0000000000000460       0x20 c:/altera_lite/16.0/nios2eds/bin/gnu/h-x86_64-mingw32/bin/../lib/gcc/nios2-elf/5.2.0/mno-hw-mul\libgcc.a(lib2-mul.o)
 .debug_frame   0x0000000000000480       0x20 c:/altera_lite/16.0/nios2eds/bin/gnu/h-x86_64-mingw32/bin/../lib/gcc/nios2-elf/5.2.0/../../../../../H-x86_64-mingw32/nios2-elf/lib/mno-hw-mul\libsmallc.a(lib_a-memcpy.o)
 .debug_frame   0x00000000000004a0       0x20 c:/altera_lite/16.0/nios2eds/bin/gnu/h-x86_64-mingw32/bin/../lib/gcc/nios2-elf/5.2.0/../../../../../H-x86_64-mingw32/nios2-elf/lib/mno-hw-mul\libsmallc.a(lib_a-memset.o)
 .debug_frame   0x00000000000004c0       0x50 c:/altera_lite/16.0/nios2eds/bin/gnu/h-x86_64-mingw32/bin/../lib/gcc/nios2-elf/5.2.0/../../../../../H-x86_64-mingw32/nios2-elf/lib/mno-hw-mul\libsmallc.a(lib_a-putc.o)
 .debug_frame   0x0000000000000510       0x20 c:/altera_lite/16.0/nios2eds/bin/gnu/h-x86_64-mingw32/bin/../lib/gcc/nios2-elf/5.2.0/../../../../../H-x86_64-mingw32/nios2-elf/lib/mno-hw-mul\libsmallc.a(lib_a-strlen.o)
 .debug_frame   0x0000000000000530       0x58 c:/altera_lite/16.0/nios2eds/bin/gnu/h-x86_64-mingw32/bin/../lib/gcc/nios2-elf/5.2.0/../../../../../H-x86_64-mingw32/nios2-elf/lib/mno-hw-mul\libsmallc.a(lib_a-fvwrite_small_dev.o)
 .debug_frame   0x0000000000000588       0x38 c:/altera_lite/16.0/nios2eds/bin/gnu/h-x86_64-mingw32/bin/../lib/gcc/nios2-elf/5.2.0/../../../../../H-x86_64-mingw32/nios2-elf/lib/mno-hw-mul\libsmallc.a(lib_a-writer.o)
 .debug_frame   0x00000000000005c0       0x30 ../C_eng_job_bsp/\libhal_bsp.a(alt_load.o)
 .debug_frame   0x00000000000005f0       0x2c ../C_eng_job_bsp/\libhal_bsp.a(alt_main.o)
 .debug_frame   0x000000000000061c       0x54 ../C_eng_job_bsp/\libhal_bsp.a(alt_printf.o)
 .debug_frame   0x0000000000000670       0x20 ../C_eng_job_bsp/\libhal_bsp.a(alt_putchar.o)
 .debug_frame   0x0000000000000690       0x50 ../C_eng_job_bsp/\libhal_bsp.a(alt_write.o)
 .debug_frame   0x00000000000006e0       0x48 ../C_eng_job_bsp/\libhal_bsp.a(alt_sys_init.o)
 .debug_frame   0x0000000000000728       0x30 ../C_eng_job_bsp/\libhal_bsp.a(altera_avalon_jtag_uart_fd.o)
 .debug_frame   0x0000000000000758       0x20 ../C_eng_job_bsp/\libhal_bsp.a(altera_avalon_jtag_uart_read.o)
 .debug_frame   0x0000000000000778       0x20 ../C_eng_job_bsp/\libhal_bsp.a(altera_avalon_jtag_uart_write.o)
 .debug_frame   0x0000000000000798       0x20 ../C_eng_job_bsp/\libhal_bsp.a(altera_avalon_spi.o)
 .debug_frame   0x00000000000007b8      0x15c ../C_eng_job_bsp/\libhal_bsp.a(altera_modular_adc.o)
 .debug_frame   0x0000000000000914       0x20 ../C_eng_job_bsp/\libhal_bsp.a(alt_dcache_flush_all.o)
 .debug_frame   0x0000000000000934       0x20 ../C_eng_job_bsp/\libhal_bsp.a(alt_dev.o)
 .debug_frame   0x0000000000000954       0x2c ../C_eng_job_bsp/\libhal_bsp.a(alt_dev_llist_insert.o)
 .debug_frame   0x0000000000000980       0x3c ../C_eng_job_bsp/\libhal_bsp.a(alt_find_dev.o)
 .debug_frame   0x00000000000009bc       0x20 ../C_eng_job_bsp/\libhal_bsp.a(alt_icache_flush_all.o)
 .debug_frame   0x00000000000009dc       0x50 ../C_eng_job_bsp/\libhal_bsp.a(alt_iic.o)
 .debug_frame   0x0000000000000a2c       0x30 ../C_eng_job_bsp/\libhal_bsp.a(alt_iic_isr_register.o)
 .debug_frame   0x0000000000000a5c       0x74 ../C_eng_job_bsp/\libhal_bsp.a(alt_io_redirect.o)
 .debug_frame   0x0000000000000ad0       0x34 ../C_eng_job_bsp/\libhal_bsp.a(alt_irq_handler.o)
 .debug_frame   0x0000000000000b04       0x54 ../C_eng_job_bsp/\libhal_bsp.a(alt_open.o)
 .debug_frame   0x0000000000000b58       0x34 ../C_eng_job_bsp/\libhal_bsp.a(alt_release_fd.o)
 .debug_frame   0x0000000000000b8c       0x20 ../C_eng_job_bsp/\libhal_bsp.a(altera_nios2_gen2_irq.o)
 .debug_frame   0x0000000000000bac       0x44 ../C_eng_job_bsp/\libhal_bsp.a(alt_find_file.o)
 .debug_frame   0x0000000000000bf0       0x40 ../C_eng_job_bsp/\libhal_bsp.a(alt_get_fd.o)
 .debug_frame   0x0000000000000c30       0x30 ../C_eng_job_bsp/\libhal_bsp.a(alt_instruction_exception_entry.o)
 .debug_frame   0x0000000000000c60       0x20 c:/altera_lite/16.0/nios2eds/bin/gnu/h-x86_64-mingw32/bin/../lib/gcc/nios2-elf/5.2.0/../../../../../H-x86_64-mingw32/nios2-elf/lib/mno-hw-mul\libsmallc.a(lib_a-memcmp.o)

.debug_str      0x0000000000000000     0x1ff6
 *(.debug_str)
 .debug_str     0x0000000000000000      0x7eb obj/default/hello_world.o
                                        0x8ca (size before relaxing)
 .debug_str     0x00000000000007eb      0x187 c:/altera_lite/16.0/nios2eds/bin/gnu/h-x86_64-mingw32/bin/../lib/gcc/nios2-elf/5.2.0/mno-hw-mul\libgcc.a(lib2-divmod.o)
                                        0x1d2 (size before relaxing)
 .debug_str     0x0000000000000972       0x40 c:/altera_lite/16.0/nios2eds/bin/gnu/h-x86_64-mingw32/bin/../lib/gcc/nios2-elf/5.2.0/mno-hw-mul\libgcc.a(lib2-mul.o)
                                        0x193 (size before relaxing)
 .debug_str     0x00000000000009b2      0x1a2 c:/altera_lite/16.0/nios2eds/bin/gnu/h-x86_64-mingw32/bin/../lib/gcc/nios2-elf/5.2.0/../../../../../H-x86_64-mingw32/nios2-elf/lib/mno-hw-mul\libsmallc.a(lib_a-impure.o)
                                        0x4be (size before relaxing)
 .debug_str     0x0000000000000b54       0xed c:/altera_lite/16.0/nios2eds/bin/gnu/h-x86_64-mingw32/bin/../lib/gcc/nios2-elf/5.2.0/../../../../../H-x86_64-mingw32/nios2-elf/lib/mno-hw-mul\libsmallc.a(lib_a-memcpy.o)
                                        0x1f3 (size before relaxing)
 .debug_str     0x0000000000000c41       0x44 c:/altera_lite/16.0/nios2eds/bin/gnu/h-x86_64-mingw32/bin/../lib/gcc/nios2-elf/5.2.0/../../../../../H-x86_64-mingw32/nios2-elf/lib/mno-hw-mul\libsmallc.a(lib_a-memset.o)
                                        0x1df (size before relaxing)
 .debug_str     0x0000000000000c85       0xf7 c:/altera_lite/16.0/nios2eds/bin/gnu/h-x86_64-mingw32/bin/../lib/gcc/nios2-elf/5.2.0/../../../../../H-x86_64-mingw32/nios2-elf/lib/mno-hw-mul\libsmallc.a(lib_a-putc.o)
                                        0x4cb (size before relaxing)
 .debug_str     0x0000000000000d7c       0x44 c:/altera_lite/16.0/nios2eds/bin/gnu/h-x86_64-mingw32/bin/../lib/gcc/nios2-elf/5.2.0/../../../../../H-x86_64-mingw32/nios2-elf/lib/mno-hw-mul\libsmallc.a(lib_a-strlen.o)
                                        0x1e5 (size before relaxing)
 .debug_str     0x0000000000000dc0       0x63 c:/altera_lite/16.0/nios2eds/bin/gnu/h-x86_64-mingw32/bin/../lib/gcc/nios2-elf/5.2.0/../../../../../H-x86_64-mingw32/nios2-elf/lib/mno-hw-mul\libsmallc.a(lib_a-fvwrite_small_dev.o)
                                        0x4d4 (size before relaxing)
 .debug_str     0x0000000000000e23       0x45 c:/altera_lite/16.0/nios2eds/bin/gnu/h-x86_64-mingw32/bin/../lib/gcc/nios2-elf/5.2.0/../../../../../H-x86_64-mingw32/nios2-elf/lib/mno-hw-mul\libsmallc.a(lib_a-writer.o)
                                        0x4b8 (size before relaxing)
 .debug_str     0x0000000000000e68       0x3f c:/altera_lite/16.0/nios2eds/bin/gnu/h-x86_64-mingw32/bin/../lib/gcc/nios2-elf/5.2.0/../../../../../H-x86_64-mingw32/nios2-elf/lib/mno-hw-mul\libsmallc.a(lib_a-int_errno.o)
                                        0x1d8 (size before relaxing)
 .debug_str     0x0000000000000ea7      0x1b9 ../C_eng_job_bsp/\libhal_bsp.a(alt_load.o)
                                        0x25f (size before relaxing)
 .debug_str     0x0000000000001060       0x9a ../C_eng_job_bsp/\libhal_bsp.a(alt_main.o)
                                        0x1e8 (size before relaxing)
 .debug_str     0x00000000000010fa       0x4e ../C_eng_job_bsp/\libhal_bsp.a(alt_printf.o)
                                        0x129 (size before relaxing)
 .debug_str     0x0000000000001148       0x16 ../C_eng_job_bsp/\libhal_bsp.a(alt_putchar.o)
                                        0x52d (size before relaxing)
 .debug_str     0x000000000000115e      0x14d ../C_eng_job_bsp/\libhal_bsp.a(alt_write.o)
                                        0x31b (size before relaxing)
 .debug_str     0x00000000000012ab      0x1a5 ../C_eng_job_bsp/\libhal_bsp.a(alt_sys_init.o)
                                        0x3bf (size before relaxing)
 .debug_str     0x0000000000001450       0xb2 ../C_eng_job_bsp/\libhal_bsp.a(altera_avalon_jtag_uart_fd.o)
                                        0x333 (size before relaxing)
 .debug_str     0x0000000000001502       0x2b ../C_eng_job_bsp/\libhal_bsp.a(altera_avalon_jtag_uart_read.o)
                                        0x242 (size before relaxing)
 .debug_str     0x000000000000152d       0x2c ../C_eng_job_bsp/\libhal_bsp.a(altera_avalon_jtag_uart_write.o)
                                        0x238 (size before relaxing)
 .debug_str     0x0000000000001559       0xa5 ../C_eng_job_bsp/\libhal_bsp.a(altera_avalon_spi.o)
                                        0x203 (size before relaxing)
 .debug_str     0x00000000000015fe      0x1fa ../C_eng_job_bsp/\libhal_bsp.a(altera_modular_adc.o)
                                        0x58f (size before relaxing)
 .debug_str     0x00000000000017f8       0x1f ../C_eng_job_bsp/\libhal_bsp.a(alt_dcache_flush_all.o)
                                        0x178 (size before relaxing)
 .debug_str     0x0000000000001817       0x49 ../C_eng_job_bsp/\libhal_bsp.a(alt_dev.o)
                                        0x328 (size before relaxing)
 .debug_str     0x0000000000001860       0x30 ../C_eng_job_bsp/\libhal_bsp.a(alt_dev_llist_insert.o)
                                        0x1ef (size before relaxing)
 .debug_str     0x0000000000001890       0x14 ../C_eng_job_bsp/\libhal_bsp.a(alt_errno.o)
                                        0x168 (size before relaxing)
 .debug_str     0x00000000000018a4       0x1e ../C_eng_job_bsp/\libhal_bsp.a(alt_find_dev.o)
                                        0x21d (size before relaxing)
 .debug_str     0x00000000000018c2       0x1f ../C_eng_job_bsp/\libhal_bsp.a(alt_icache_flush_all.o)
                                        0x178 (size before relaxing)
 .debug_str     0x00000000000018e1       0xb8 ../C_eng_job_bsp/\libhal_bsp.a(alt_iic.o)
                                        0x276 (size before relaxing)
 .debug_str     0x0000000000001999       0x37 ../C_eng_job_bsp/\libhal_bsp.a(alt_iic_isr_register.o)
                                        0x230 (size before relaxing)
 .debug_str     0x00000000000019d0       0x55 ../C_eng_job_bsp/\libhal_bsp.a(alt_io_redirect.o)
                                        0x348 (size before relaxing)
 .debug_str     0x0000000000001a25       0x3a ../C_eng_job_bsp/\libhal_bsp.a(alt_irq_handler.o)
                                        0x1ba (size before relaxing)
 .debug_str     0x0000000000001a5f       0x17 ../C_eng_job_bsp/\libhal_bsp.a(alt_irq_vars.o)
                                        0x15d (size before relaxing)
 .debug_str     0x0000000000001a76       0x42 ../C_eng_job_bsp/\libhal_bsp.a(alt_open.o)
                                        0x2a3 (size before relaxing)
 .debug_str     0x0000000000001ab8       0x19 ../C_eng_job_bsp/\libhal_bsp.a(alt_release_fd.o)
                                        0x1f6 (size before relaxing)
 .debug_str     0x0000000000001ad1       0x20 ../C_eng_job_bsp/\libhal_bsp.a(altera_nios2_gen2_irq.o)
                                        0x17f (size before relaxing)
 .debug_str     0x0000000000001af1       0x18 ../C_eng_job_bsp/\libhal_bsp.a(alt_find_file.o)
                                        0x22b (size before relaxing)
 .debug_str     0x0000000000001b09       0x25 ../C_eng_job_bsp/\libhal_bsp.a(alt_get_fd.o)
                                        0x23f (size before relaxing)
 .debug_str     0x0000000000001b2e      0x48b ../C_eng_job_bsp/\libhal_bsp.a(alt_instruction_exception_entry.o)
                                        0x5c3 (size before relaxing)
 .debug_str     0x0000000000001fb9       0x3d c:/altera_lite/16.0/nios2eds/bin/gnu/h-x86_64-mingw32/bin/../lib/gcc/nios2-elf/5.2.0/../../../../../H-x86_64-mingw32/nios2-elf/lib/mno-hw-mul\libsmallc.a(lib_a-memcmp.o)
                                        0x1df (size before relaxing)

.debug_loc      0x0000000000000000     0x1df2
 *(.debug_loc)
 .debug_loc     0x0000000000000000      0x4ae c:/altera_lite/16.0/nios2eds/bin/gnu/h-x86_64-mingw32/bin/../lib/gcc/nios2-elf/5.2.0/mno-hw-mul\libgcc.a(lib2-divmod.o)
 .debug_loc     0x00000000000004ae       0x93 c:/altera_lite/16.0/nios2eds/bin/gnu/h-x86_64-mingw32/bin/../lib/gcc/nios2-elf/5.2.0/mno-hw-mul\libgcc.a(lib2-mul.o)
 .debug_loc     0x0000000000000541      0x135 c:/altera_lite/16.0/nios2eds/bin/gnu/h-x86_64-mingw32/bin/../lib/gcc/nios2-elf/5.2.0/../../../../../H-x86_64-mingw32/nios2-elf/lib/mno-hw-mul\libsmallc.a(lib_a-memcpy.o)
 .debug_loc     0x0000000000000676       0xa5 c:/altera_lite/16.0/nios2eds/bin/gnu/h-x86_64-mingw32/bin/../lib/gcc/nios2-elf/5.2.0/../../../../../H-x86_64-mingw32/nios2-elf/lib/mno-hw-mul\libsmallc.a(lib_a-memset.o)
 .debug_loc     0x000000000000071b       0xc6 c:/altera_lite/16.0/nios2eds/bin/gnu/h-x86_64-mingw32/bin/../lib/gcc/nios2-elf/5.2.0/../../../../../H-x86_64-mingw32/nios2-elf/lib/mno-hw-mul\libsmallc.a(lib_a-putc.o)
 .debug_loc     0x00000000000007e1       0x1e c:/altera_lite/16.0/nios2eds/bin/gnu/h-x86_64-mingw32/bin/../lib/gcc/nios2-elf/5.2.0/../../../../../H-x86_64-mingw32/nios2-elf/lib/mno-hw-mul\libsmallc.a(lib_a-strlen.o)
 .debug_loc     0x00000000000007ff      0x110 c:/altera_lite/16.0/nios2eds/bin/gnu/h-x86_64-mingw32/bin/../lib/gcc/nios2-elf/5.2.0/../../../../../H-x86_64-mingw32/nios2-elf/lib/mno-hw-mul\libsmallc.a(lib_a-fvwrite_small_dev.o)
 .debug_loc     0x000000000000090f       0xa5 c:/altera_lite/16.0/nios2eds/bin/gnu/h-x86_64-mingw32/bin/../lib/gcc/nios2-elf/5.2.0/../../../../../H-x86_64-mingw32/nios2-elf/lib/mno-hw-mul\libsmallc.a(lib_a-writer.o)
 .debug_loc     0x00000000000009b4      0x1de ../C_eng_job_bsp/\libhal_bsp.a(alt_printf.o)
 .debug_loc     0x0000000000000b92       0x21 ../C_eng_job_bsp/\libhal_bsp.a(alt_putchar.o)
 .debug_loc     0x0000000000000bb3       0xc3 ../C_eng_job_bsp/\libhal_bsp.a(alt_write.o)
 .debug_loc     0x0000000000000c76       0x21 ../C_eng_job_bsp/\libhal_bsp.a(alt_sys_init.o)
 .debug_loc     0x0000000000000c97      0x104 ../C_eng_job_bsp/\libhal_bsp.a(altera_avalon_jtag_uart_fd.o)
 .debug_loc     0x0000000000000d9b       0xcd ../C_eng_job_bsp/\libhal_bsp.a(altera_avalon_jtag_uart_read.o)
 .debug_loc     0x0000000000000e68       0x8b ../C_eng_job_bsp/\libhal_bsp.a(altera_avalon_jtag_uart_write.o)
 .debug_loc     0x0000000000000ef3      0x188 ../C_eng_job_bsp/\libhal_bsp.a(altera_avalon_spi.o)
 .debug_loc     0x000000000000107b      0x3bc ../C_eng_job_bsp/\libhal_bsp.a(altera_modular_adc.o)
 .debug_loc     0x0000000000001437       0x58 ../C_eng_job_bsp/\libhal_bsp.a(alt_dev_llist_insert.o)
 .debug_loc     0x000000000000148f       0x7e ../C_eng_job_bsp/\libhal_bsp.a(alt_find_dev.o)
 .debug_loc     0x000000000000150d      0x14a ../C_eng_job_bsp/\libhal_bsp.a(alt_iic.o)
 .debug_loc     0x0000000000001657      0x193 ../C_eng_job_bsp/\libhal_bsp.a(alt_iic_isr_register.o)
 .debug_loc     0x00000000000017ea      0x14a ../C_eng_job_bsp/\libhal_bsp.a(alt_io_redirect.o)
 .debug_loc     0x0000000000001934       0x98 ../C_eng_job_bsp/\libhal_bsp.a(alt_irq_handler.o)
 .debug_loc     0x00000000000019cc      0x239 ../C_eng_job_bsp/\libhal_bsp.a(alt_open.o)
 .debug_loc     0x0000000000001c05       0x2c ../C_eng_job_bsp/\libhal_bsp.a(alt_release_fd.o)
 .debug_loc     0x0000000000001c31       0x52 ../C_eng_job_bsp/\libhal_bsp.a(alt_find_file.o)
 .debug_loc     0x0000000000001c83       0x76 ../C_eng_job_bsp/\libhal_bsp.a(alt_get_fd.o)
 .debug_loc     0x0000000000001cf9       0x65 ../C_eng_job_bsp/\libhal_bsp.a(alt_instruction_exception_entry.o)
 .debug_loc     0x0000000000001d5e       0x94 c:/altera_lite/16.0/nios2eds/bin/gnu/h-x86_64-mingw32/bin/../lib/gcc/nios2-elf/5.2.0/../../../../../H-x86_64-mingw32/nios2-elf/lib/mno-hw-mul\libsmallc.a(lib_a-memcmp.o)

.debug_macinfo
 *(.debug_macinfo)

.debug_weaknames
 *(.debug_weaknames)

.debug_funcnames
 *(.debug_funcnames)

.debug_typenames
 *(.debug_typenames)

.debug_varnames
 *(.debug_varnames)

.debug_alt_sim_info
                0x0000000000000000       0x10
 *(.debug_alt_sim_info)
 .debug_alt_sim_info
                0x0000000000000000       0x10 ../C_eng_job_bsp//obj/HAL/src/crt0.o
                0x0000000001000000                __alt_data_end = 0x1000000
                0x0000000001000000                PROVIDE (__alt_stack_pointer, __alt_data_end)
                [!provide]                        PROVIDE (__alt_stack_limit, __alt_stack_base)
                [!provide]                        PROVIDE (__alt_heap_start, end)
                [!provide]                        PROVIDE (__alt_heap_limit, 0x1000000)
OUTPUT(C_eng_job.elf elf32-littlenios2)

.debug_ranges   0x0000000000000000      0x268
 .debug_ranges  0x0000000000000000       0x20 ../C_eng_job_bsp//obj/HAL/src/crt0.o
 .debug_ranges  0x0000000000000020       0x60 c:/altera_lite/16.0/nios2eds/bin/gnu/h-x86_64-mingw32/bin/../lib/gcc/nios2-elf/5.2.0/mno-hw-mul\libgcc.a(lib2-divmod.o)
 .debug_ranges  0x0000000000000080       0x10 c:/altera_lite/16.0/nios2eds/bin/gnu/h-x86_64-mingw32/bin/../lib/gcc/nios2-elf/5.2.0/../../../../../H-x86_64-mingw32/nios2-elf/lib/mno-hw-mul\libsmallc.a(lib_a-memcpy.o)
 .debug_ranges  0x0000000000000090       0x10 c:/altera_lite/16.0/nios2eds/bin/gnu/h-x86_64-mingw32/bin/../lib/gcc/nios2-elf/5.2.0/../../../../../H-x86_64-mingw32/nios2-elf/lib/mno-hw-mul\libsmallc.a(lib_a-memset.o)
 .debug_ranges  0x00000000000000a0       0x18 c:/altera_lite/16.0/nios2eds/bin/gnu/h-x86_64-mingw32/bin/../lib/gcc/nios2-elf/5.2.0/../../../../../H-x86_64-mingw32/nios2-elf/lib/mno-hw-mul\libsmallc.a(lib_a-putc.o)
 .debug_ranges  0x00000000000000b8       0x10 c:/altera_lite/16.0/nios2eds/bin/gnu/h-x86_64-mingw32/bin/../lib/gcc/nios2-elf/5.2.0/../../../../../H-x86_64-mingw32/nios2-elf/lib/mno-hw-mul\libsmallc.a(lib_a-strlen.o)
 .debug_ranges  0x00000000000000c8       0x28 c:/altera_lite/16.0/nios2eds/bin/gnu/h-x86_64-mingw32/bin/../lib/gcc/nios2-elf/5.2.0/../../../../../H-x86_64-mingw32/nios2-elf/lib/mno-hw-mul\libsmallc.a(lib_a-fvwrite_small_dev.o)
 .debug_ranges  0x00000000000000f0       0x10 c:/altera_lite/16.0/nios2eds/bin/gnu/h-x86_64-mingw32/bin/../lib/gcc/nios2-elf/5.2.0/../../../../../H-x86_64-mingw32/nios2-elf/lib/mno-hw-mul\libsmallc.a(lib_a-writer.o)
 .debug_ranges  0x0000000000000100       0x48 ../C_eng_job_bsp/\libhal_bsp.a(alt_load.o)
 .debug_ranges  0x0000000000000148       0x18 ../C_eng_job_bsp/\libhal_bsp.a(alt_printf.o)
 .debug_ranges  0x0000000000000160       0x20 ../C_eng_job_bsp/\libhal_bsp.a(alt_sys_init.o)
 .debug_ranges  0x0000000000000180       0x20 ../C_eng_job_bsp/\libhal_bsp.a(altera_avalon_jtag_uart_read.o)
 .debug_ranges  0x00000000000001a0       0x20 ../C_eng_job_bsp/\libhal_bsp.a(alt_dev_llist_insert.o)
 .debug_ranges  0x00000000000001c0       0x28 ../C_eng_job_bsp/\libhal_bsp.a(alt_irq_entry.o)
 .debug_ranges  0x00000000000001e8       0x10 ../C_eng_job_bsp/\libhal_bsp.a(alt_irq_handler.o)
 .debug_ranges  0x00000000000001f8       0x18 ../C_eng_job_bsp/\libhal_bsp.a(alt_open.o)
 .debug_ranges  0x0000000000000210       0x30 ../C_eng_job_bsp/\libhal_bsp.a(alt_exception_entry.o)
 .debug_ranges  0x0000000000000240       0x18 ../C_eng_job_bsp/\libhal_bsp.a(alt_instruction_exception_entry.o)
 .debug_ranges  0x0000000000000258       0x10 c:/altera_lite/16.0/nios2eds/bin/gnu/h-x86_64-mingw32/bin/../lib/gcc/nios2-elf/5.2.0/../../../../../H-x86_64-mingw32/nios2-elf/lib/mno-hw-mul\libsmallc.a(lib_a-memcmp.o)
